#
# There is insufficient memory for the Java Runtime Environment to continue.
# Native memory allocation (malloc) failed to allocate 551072 bytes for Chunk::new
# Possible reasons:
#   The system is out of physical RAM or swap space
#   The process is running with CompressedOops enabled, and the Java Heap may be blocking the growth of the native heap
# Possible solutions:
#   Reduce memory load on the system
#   Increase physical memory or swap space
#   Check if swap backing store is full
#   Decrease Java heap size (-Xmx/-Xms)
#   Decrease number of Java threads
#   Decrease Java thread stack sizes (-Xss)
#   Set larger code cache with -XX:ReservedCodeCacheSize=
#   JVM is running with Unscaled Compressed Oops mode in which the Java heap is
#     placed in the first 4GB address space. The Java Heap base address is the
#     maximum limit for the native heap growth. Please use -XX:HeapBaseMinAddress
#     to set the Java Heap base and to place the Java Heap above 4GB virtual address.
# This output file may be truncated or incomplete.
#
#  Out of Memory Error (arena.cpp:189), pid=19036, tid=11836
#
# JRE version: Java(TM) SE Runtime Environment (17.0.12+8) (build 17.0.12+8-LTS-286)
# Java VM: Java HotSpot(TM) 64-Bit Server VM (17.0.12+8-LTS-286, mixed mode, sharing, tiered, compressed oops, compressed class ptrs, g1 gc, windows-amd64)
# No core dump will be written. Minidumps are not enabled by default on client versions of Windows
#

---------------  S U M M A R Y ------------

Command Line: -Dorg.gradle.appname=gradlew org.gradle.wrapper.GradleWrapperMain -q -Ptarget-platform=android-arm64 -Ptarget=C:\Users\Ram\Desktop\gigzrun\lib\main.dart -Pbase-application-name=android.app.Application -Pdart-defines=RkxVVFRFUl9WRVJTSU9OPTMuNDQuMQ==,RkxVVFRFUl9DSEFOTkVMPXN0YWJsZQ==,RkxVVFRFUl9HSVRfVVJMPWh0dHBzOi8vZ2l0aHViLmNvbS9mbHV0dGVyL2ZsdXR0ZXIuZ2l0,RkxVVFRFUl9GUkFNRVdPUktfUkVWSVNJT049OTI0MTM0YTQ0Yw==,RkxVVFRFUl9FTkdJTkVfUkVWSVNJT049YzQxNmFjZmViOA==,RkxVVFRFUl9EQVJUX1ZFUlNJT049My4xMi4x -Pdart-obfuscation=false -Ptrack-widget-creation=true -Ptree-shake-icons=false -Pfilesystem-scheme=org-dartlang-root assembleDebug

Host: Intel(R) Core(TM) i7-6600U CPU @ 2.60GHz, 4 cores, 7G,  Windows 10 , 64 bit Build 19041 (10.0.19041.5915)
Time: Fri Jun 12 04:34:36 2026 Egypt Daylight Time elapsed time: 1.635467 seconds (0d 0h 0m 1s)

---------------  T H R E A D  ---------------

Current thread (0x000001c9af108d40):  JavaThread "C2 CompilerThread0" daemon [_thread_in_native, id=11836, stack(0x000000189c700000,0x000000189c800000)]


Current CompileTask:
C2:   1635  537       4       java.util.HashSet::add (20 bytes)

Stack: [0x000000189c700000,0x000000189c800000]
Native frames: (J=compiled Java code, j=interpreted, Vv=VM code, C=native code)
V  [jvm.dll+0x67a04a]
V  [jvm.dll+0x7da4ed]
V  [jvm.dll+0x7dbe33]
V  [jvm.dll+0x7dc4a3]
V  [jvm.dll+0x24508f]
V  [jvm.dll+0xab773]
V  [jvm.dll+0xabd3c]
V  [jvm.dll+0x361bee]
V  [jvm.dll+0x32c431]
V  [jvm.dll+0x32b8ca]
V  [jvm.dll+0x21683f]
V  [jvm.dll+0x215c6f]
V  [jvm.dll+0x1a2960]
V  [jvm.dll+0x22610b]
V  [jvm.dll+0x2242ab]
V  [jvm.dll+0x79075c]
V  [jvm.dll+0x78abea]
V  [jvm.dll+0x678f35]
C  [ucrtbase.dll+0x21bb2]
C  [KERNEL32.DLL+0x17374]
C  [ntdll.dll+0x4cc91]


---------------  P R O C E S S  ---------------

Threads class SMR info:
_java_thread_list=0x000001c9af34d700, length=12, elements={
0x000001c991d087b0, 0x000001c9af0e8c70, 0x000001c9af0e9800, 0x000001c9af1029c0,
0x000001c9af103290, 0x000001c9af103b60, 0x000001c9af104430, 0x000001c9af108d40,
0x000001c9af113ec0, 0x000001c9af12a940, 0x000001c9af34a410, 0x000001c9af34eed0
}

Java Threads: ( => current thread )
  0x000001c991d087b0 JavaThread "main" [_thread_in_native, id=8640, stack(0x000000189ba00000,0x000000189bb00000)]
  0x000001c9af0e8c70 JavaThread "Reference Handler" daemon [_thread_blocked, id=21828, stack(0x000000189c100000,0x000000189c200000)]
  0x000001c9af0e9800 JavaThread "Finalizer" daemon [_thread_blocked, id=14852, stack(0x000000189c200000,0x000000189c300000)]
  0x000001c9af1029c0 JavaThread "Signal Dispatcher" daemon [_thread_blocked, id=10272, stack(0x000000189c300000,0x000000189c400000)]
  0x000001c9af103290 JavaThread "Attach Listener" daemon [_thread_blocked, id=21628, stack(0x000000189c400000,0x000000189c500000)]
  0x000001c9af103b60 JavaThread "Service Thread" daemon [_thread_blocked, id=11776, stack(0x000000189c500000,0x000000189c600000)]
  0x000001c9af104430 JavaThread "Monitor Deflation Thread" daemon [_thread_blocked, id=9048, stack(0x000000189c600000,0x000000189c700000)]
=>0x000001c9af108d40 JavaThread "C2 CompilerThread0" daemon [_thread_in_native, id=11836, stack(0x000000189c700000,0x000000189c800000)]
  0x000001c9af113ec0 JavaThread "C1 CompilerThread0" daemon [_thread_blocked, id=2904, stack(0x000000189c800000,0x000000189c900000)]
  0x000001c9af12a940 JavaThread "Sweeper thread" daemon [_thread_blocked, id=19388, stack(0x000000189c900000,0x000000189ca00000)]
  0x000001c9af34a410 JavaThread "Notification Thread" daemon [_thread_blocked, id=15516, stack(0x000000189ca00000,0x000000189cb00000)]
  0x000001c9af34eed0 JavaThread "Common-Cleaner" daemon [_thread_blocked, id=20248, stack(0x000000189cc00000,0x000000189cd00000)]

Other Threads:
  0x000001c9af0e5260 VMThread "VM Thread" [stack: 0x000000189c000000,0x000000189c100000] [id=21924]
  0x000001c991d788c0 WatcherThread [stack: 0x000000189cb00000,0x000000189cc00000] [id=22164]
  0x000001c991d60480 GCTaskThread "GC Thread#0" [stack: 0x000000189bb00000,0x000000189bc00000] [id=6628]
  0x000001c9af544830 GCTaskThread "GC Thread#1" [stack: 0x000000189cd00000,0x000000189ce00000] [id=20048]
  0x000001c9af57c130 GCTaskThread "GC Thread#2" [stack: 0x000000189ce00000,0x000000189cf00000] [id=17024]
  0x000001c9af558da0 GCTaskThread "GC Thread#3" [stack: 0x000000189cf00000,0x000000189d000000] [id=20796]
  0x000001c991d707c0 ConcurrentGCThread "G1 Main Marker" [stack: 0x000000189bc00000,0x000000189bd00000] [id=13256]
  0x000001c991d710e0 ConcurrentGCThread "G1 Conc#0" [stack: 0x000000189bd00000,0x000000189be00000] [id=4072]
  0x000001c991ddae40 ConcurrentGCThread "G1 Refine#0" [stack: 0x000000189be00000,0x000000189bf00000] [id=21928]
  0x000001c991ddd690 ConcurrentGCThread "G1 Service" [stack: 0x000000189bf00000,0x000000189c000000] [id=21832]

Threads with active compile tasks:
C2 CompilerThread0     1702  537       4       java.util.HashSet::add (20 bytes)

VM state: not at safepoint (normal execution)

VM Mutex/Monitor currently owned by a thread: None

Heap address: 0x0000000089600000, size: 1898 MB, Compressed Oops mode: 32-bit

CDS archive(s) mapped at: [0x000001c9b0000000-0x000001c9b0bd0000-0x000001c9b0bd0000), size 12386304, SharedBaseAddress: 0x000001c9b0000000, ArchiveRelocationMode: 1.
Compressed class space mapped at: 0x000001c9b1000000-0x000001c9f1000000, reserved size: 1073741824
Narrow klass base: 0x000001c9b0000000, Narrow klass shift: 0, Narrow klass range: 0x100000000

GC Precious Log:
 CPUs: 4 total, 4 available
 Memory: 7590M
 Large Page Support: Disabled
 NUMA Support: Disabled
 Compressed Oops: Enabled (32-bit)
 Heap Region Size: 1M
 Heap Min Capacity: 8M
 Heap Initial Capacity: 120M
 Heap Max Capacity: 1898M
 Pre-touch: Disabled
 Parallel Workers: 4
 Concurrent Workers: 1
 Concurrent Refinement Workers: 4
 Periodic GC: Disabled

Heap:
 garbage-first heap   total 122880K, used 11800K [0x0000000089600000, 0x0000000100000000)
  region size 1024K, 13 young (13312K), 2 survivors (2048K)
 Metaspace       used 1899K, committed 2048K, reserved 1114112K
  class space    used 167K, committed 192K, reserved 1048576K

Heap Regions: E=young(eden), S=young(survivor), O=old, HS=humongous(starts), HC=humongous(continues), CS=collection set, F=free, OA=open archive, CA=closed archive, TAMS=top-at-mark-start (previous, next)
|   0|0x0000000089600000, 0x0000000089600000, 0x0000000089700000|  0%| F|  |TAMS 0x0000000089600000, 0x0000000089600000| Untracked 
|   1|0x0000000089700000, 0x0000000089700000, 0x0000000089800000|  0%| F|  |TAMS 0x0000000089700000, 0x0000000089700000| Untracked 
|   2|0x0000000089800000, 0x0000000089800000, 0x0000000089900000|  0%| F|  |TAMS 0x0000000089800000, 0x0000000089800000| Untracked 
|   3|0x0000000089900000, 0x0000000089900000, 0x0000000089a00000|  0%| F|  |TAMS 0x0000000089900000, 0x0000000089900000| Untracked 
|   4|0x0000000089a00000, 0x0000000089a00000, 0x0000000089b00000|  0%| F|  |TAMS 0x0000000089a00000, 0x0000000089a00000| Untracked 
|   5|0x0000000089b00000, 0x0000000089b00000, 0x0000000089c00000|  0%| F|  |TAMS 0x0000000089b00000, 0x0000000089b00000| Untracked 
|   6|0x0000000089c00000, 0x0000000089c00000, 0x0000000089d00000|  0%| F|  |TAMS 0x0000000089c00000, 0x0000000089c00000| Untracked 
|   7|0x0000000089d00000, 0x0000000089d00000, 0x0000000089e00000|  0%| F|  |TAMS 0x0000000089d00000, 0x0000000089d00000| Untracked 
|   8|0x0000000089e00000, 0x0000000089e00000, 0x0000000089f00000|  0%| F|  |TAMS 0x0000000089e00000, 0x0000000089e00000| Untracked 
|   9|0x0000000089f00000, 0x0000000089f00000, 0x000000008a000000|  0%| F|  |TAMS 0x0000000089f00000, 0x0000000089f00000| Untracked 
|  10|0x000000008a000000, 0x000000008a000000, 0x000000008a100000|  0%| F|  |TAMS 0x000000008a000000, 0x000000008a000000| Untracked 
|  11|0x000000008a100000, 0x000000008a100000, 0x000000008a200000|  0%| F|  |TAMS 0x000000008a100000, 0x000000008a100000| Untracked 
|  12|0x000000008a200000, 0x000000008a200000, 0x000000008a300000|  0%| F|  |TAMS 0x000000008a200000, 0x000000008a200000| Untracked 
|  13|0x000000008a300000, 0x000000008a300000, 0x000000008a400000|  0%| F|  |TAMS 0x000000008a300000, 0x000000008a300000| Untracked 
|  14|0x000000008a400000, 0x000000008a400000, 0x000000008a500000|  0%| F|  |TAMS 0x000000008a400000, 0x000000008a400000| Untracked 
|  15|0x000000008a500000, 0x000000008a500000, 0x000000008a600000|  0%| F|  |TAMS 0x000000008a500000, 0x000000008a500000| Untracked 
|  16|0x000000008a600000, 0x000000008a600000, 0x000000008a700000|  0%| F|  |TAMS 0x000000008a600000, 0x000000008a600000| Untracked 
|  17|0x000000008a700000, 0x000000008a700000, 0x000000008a800000|  0%| F|  |TAMS 0x000000008a700000, 0x000000008a700000| Untracked 
|  18|0x000000008a800000, 0x000000008a800000, 0x000000008a900000|  0%| F|  |TAMS 0x000000008a800000, 0x000000008a800000| Untracked 
|  19|0x000000008a900000, 0x000000008a900000, 0x000000008aa00000|  0%| F|  |TAMS 0x000000008a900000, 0x000000008a900000| Untracked 
|  20|0x000000008aa00000, 0x000000008aa00000, 0x000000008ab00000|  0%| F|  |TAMS 0x000000008aa00000, 0x000000008aa00000| Untracked 
|  21|0x000000008ab00000, 0x000000008ab00000, 0x000000008ac00000|  0%| F|  |TAMS 0x000000008ab00000, 0x000000008ab00000| Untracked 
|  22|0x000000008ac00000, 0x000000008ac00000, 0x000000008ad00000|  0%| F|  |TAMS 0x000000008ac00000, 0x000000008ac00000| Untracked 
|  23|0x000000008ad00000, 0x000000008ad00000, 0x000000008ae00000|  0%| F|  |TAMS 0x000000008ad00000, 0x000000008ad00000| Untracked 
|  24|0x000000008ae00000, 0x000000008ae00000, 0x000000008af00000|  0%| F|  |TAMS 0x000000008ae00000, 0x000000008ae00000| Untracked 
|  25|0x000000008af00000, 0x000000008af00000, 0x000000008b000000|  0%| F|  |TAMS 0x000000008af00000, 0x000000008af00000| Untracked 
|  26|0x000000008b000000, 0x000000008b000000, 0x000000008b100000|  0%| F|  |TAMS 0x000000008b000000, 0x000000008b000000| Untracked 
|  27|0x000000008b100000, 0x000000008b100000, 0x000000008b200000|  0%| F|  |TAMS 0x000000008b100000, 0x000000008b100000| Untracked 
|  28|0x000000008b200000, 0x000000008b200000, 0x000000008b300000|  0%| F|  |TAMS 0x000000008b200000, 0x000000008b200000| Untracked 
|  29|0x000000008b300000, 0x000000008b300000, 0x000000008b400000|  0%| F|  |TAMS 0x000000008b300000, 0x000000008b300000| Untracked 
|  30|0x000000008b400000, 0x000000008b400000, 0x000000008b500000|  0%| F|  |TAMS 0x000000008b400000, 0x000000008b400000| Untracked 
|  31|0x000000008b500000, 0x000000008b500000, 0x000000008b600000|  0%| F|  |TAMS 0x000000008b500000, 0x000000008b500000| Untracked 
|  32|0x000000008b600000, 0x000000008b600000, 0x000000008b700000|  0%| F|  |TAMS 0x000000008b600000, 0x000000008b600000| Untracked 
|  33|0x000000008b700000, 0x000000008b700000, 0x000000008b800000|  0%| F|  |TAMS 0x000000008b700000, 0x000000008b700000| Untracked 
|  34|0x000000008b800000, 0x000000008b800000, 0x000000008b900000|  0%| F|  |TAMS 0x000000008b800000, 0x000000008b800000| Untracked 
|  35|0x000000008b900000, 0x000000008b900000, 0x000000008ba00000|  0%| F|  |TAMS 0x000000008b900000, 0x000000008b900000| Untracked 
|  36|0x000000008ba00000, 0x000000008ba00000, 0x000000008bb00000|  0%| F|  |TAMS 0x000000008ba00000, 0x000000008ba00000| Untracked 
|  37|0x000000008bb00000, 0x000000008bb00000, 0x000000008bc00000|  0%| F|  |TAMS 0x000000008bb00000, 0x000000008bb00000| Untracked 
|  38|0x000000008bc00000, 0x000000008bc00000, 0x000000008bd00000|  0%| F|  |TAMS 0x000000008bc00000, 0x000000008bc00000| Untracked 
|  39|0x000000008bd00000, 0x000000008bd00000, 0x000000008be00000|  0%| F|  |TAMS 0x000000008bd00000, 0x000000008bd00000| Untracked 
|  40|0x000000008be00000, 0x000000008be00000, 0x000000008bf00000|  0%| F|  |TAMS 0x000000008be00000, 0x000000008be00000| Untracked 
|  41|0x000000008bf00000, 0x000000008bf00000, 0x000000008c000000|  0%| F|  |TAMS 0x000000008bf00000, 0x000000008bf00000| Untracked 
|  42|0x000000008c000000, 0x000000008c000000, 0x000000008c100000|  0%| F|  |TAMS 0x000000008c000000, 0x000000008c000000| Untracked 
|  43|0x000000008c100000, 0x000000008c100000, 0x000000008c200000|  0%| F|  |TAMS 0x000000008c100000, 0x000000008c100000| Untracked 
|  44|0x000000008c200000, 0x000000008c200000, 0x000000008c300000|  0%| F|  |TAMS 0x000000008c200000, 0x000000008c200000| Untracked 
|  45|0x000000008c300000, 0x000000008c300000, 0x000000008c400000|  0%| F|  |TAMS 0x000000008c300000, 0x000000008c300000| Untracked 
|  46|0x000000008c400000, 0x000000008c400000, 0x000000008c500000|  0%| F|  |TAMS 0x000000008c400000, 0x000000008c400000| Untracked 
|  47|0x000000008c500000, 0x000000008c500000, 0x000000008c600000|  0%| F|  |TAMS 0x000000008c500000, 0x000000008c500000| Untracked 
|  48|0x000000008c600000, 0x000000008c600000, 0x000000008c700000|  0%| F|  |TAMS 0x000000008c600000, 0x000000008c600000| Untracked 
|  49|0x000000008c700000, 0x000000008c700000, 0x000000008c800000|  0%| F|  |TAMS 0x000000008c700000, 0x000000008c700000| Untracked 
|  50|0x000000008c800000, 0x000000008c800000, 0x000000008c900000|  0%| F|  |TAMS 0x000000008c800000, 0x000000008c800000| Untracked 
|  51|0x000000008c900000, 0x000000008c900000, 0x000000008ca00000|  0%| F|  |TAMS 0x000000008c900000, 0x000000008c900000| Untracked 
|  52|0x000000008ca00000, 0x000000008ca00000, 0x000000008cb00000|  0%| F|  |TAMS 0x000000008ca00000, 0x000000008ca00000| Untracked 
|  53|0x000000008cb00000, 0x000000008cb00000, 0x000000008cc00000|  0%| F|  |TAMS 0x000000008cb00000, 0x000000008cb00000| Untracked 
|  54|0x000000008cc00000, 0x000000008cc00000, 0x000000008cd00000|  0%| F|  |TAMS 0x000000008cc00000, 0x000000008cc00000| Untracked 
|  55|0x000000008cd00000, 0x000000008cd00000, 0x000000008ce00000|  0%| F|  |TAMS 0x000000008cd00000, 0x000000008cd00000| Untracked 
|  56|0x000000008ce00000, 0x000000008ce00000, 0x000000008cf00000|  0%| F|  |TAMS 0x000000008ce00000, 0x000000008ce00000| Untracked 
|  57|0x000000008cf00000, 0x000000008cf00000, 0x000000008d000000|  0%| F|  |TAMS 0x000000008cf00000, 0x000000008cf00000| Untracked 
|  58|0x000000008d000000, 0x000000008d000000, 0x000000008d100000|  0%| F|  |TAMS 0x000000008d000000, 0x000000008d000000| Untracked 
|  59|0x000000008d100000, 0x000000008d100000, 0x000000008d200000|  0%| F|  |TAMS 0x000000008d100000, 0x000000008d100000| Untracked 
|  60|0x000000008d200000, 0x000000008d200000, 0x000000008d300000|  0%| F|  |TAMS 0x000000008d200000, 0x000000008d200000| Untracked 
|  61|0x000000008d300000, 0x000000008d300000, 0x000000008d400000|  0%| F|  |TAMS 0x000000008d300000, 0x000000008d300000| Untracked 
|  62|0x000000008d400000, 0x000000008d400000, 0x000000008d500000|  0%| F|  |TAMS 0x000000008d400000, 0x000000008d400000| Untracked 
|  63|0x000000008d500000, 0x000000008d500000, 0x000000008d600000|  0%| F|  |TAMS 0x000000008d500000, 0x000000008d500000| Untracked 
|  64|0x000000008d600000, 0x000000008d600000, 0x000000008d700000|  0%| F|  |TAMS 0x000000008d600000, 0x000000008d600000| Untracked 
|  65|0x000000008d700000, 0x000000008d700000, 0x000000008d800000|  0%| F|  |TAMS 0x000000008d700000, 0x000000008d700000| Untracked 
|  66|0x000000008d800000, 0x000000008d800000, 0x000000008d900000|  0%| F|  |TAMS 0x000000008d800000, 0x000000008d800000| Untracked 
|  67|0x000000008d900000, 0x000000008d900000, 0x000000008da00000|  0%| F|  |TAMS 0x000000008d900000, 0x000000008d900000| Untracked 
|  68|0x000000008da00000, 0x000000008da00000, 0x000000008db00000|  0%| F|  |TAMS 0x000000008da00000, 0x000000008da00000| Untracked 
|  69|0x000000008db00000, 0x000000008db00000, 0x000000008dc00000|  0%| F|  |TAMS 0x000000008db00000, 0x000000008db00000| Untracked 
|  70|0x000000008dc00000, 0x000000008dc00000, 0x000000008dd00000|  0%| F|  |TAMS 0x000000008dc00000, 0x000000008dc00000| Untracked 
|  71|0x000000008dd00000, 0x000000008dd00000, 0x000000008de00000|  0%| F|  |TAMS 0x000000008dd00000, 0x000000008dd00000| Untracked 
|  72|0x000000008de00000, 0x000000008de00000, 0x000000008df00000|  0%| F|  |TAMS 0x000000008de00000, 0x000000008de00000| Untracked 
|  73|0x000000008df00000, 0x000000008df00000, 0x000000008e000000|  0%| F|  |TAMS 0x000000008df00000, 0x000000008df00000| Untracked 
|  74|0x000000008e000000, 0x000000008e000000, 0x000000008e100000|  0%| F|  |TAMS 0x000000008e000000, 0x000000008e000000| Untracked 
|  75|0x000000008e100000, 0x000000008e100000, 0x000000008e200000|  0%| F|  |TAMS 0x000000008e100000, 0x000000008e100000| Untracked 
|  76|0x000000008e200000, 0x000000008e200000, 0x000000008e300000|  0%| F|  |TAMS 0x000000008e200000, 0x000000008e200000| Untracked 
|  77|0x000000008e300000, 0x000000008e300000, 0x000000008e400000|  0%| F|  |TAMS 0x000000008e300000, 0x000000008e300000| Untracked 
|  78|0x000000008e400000, 0x000000008e400000, 0x000000008e500000|  0%| F|  |TAMS 0x000000008e400000, 0x000000008e400000| Untracked 
|  79|0x000000008e500000, 0x000000008e500000, 0x000000008e600000|  0%| F|  |TAMS 0x000000008e500000, 0x000000008e500000| Untracked 
|  80|0x000000008e600000, 0x000000008e600000, 0x000000008e700000|  0%| F|  |TAMS 0x000000008e600000, 0x000000008e600000| Untracked 
|  81|0x000000008e700000, 0x000000008e700000, 0x000000008e800000|  0%| F|  |TAMS 0x000000008e700000, 0x000000008e700000| Untracked 
|  82|0x000000008e800000, 0x000000008e800000, 0x000000008e900000|  0%| F|  |TAMS 0x000000008e800000, 0x000000008e800000| Untracked 
|  83|0x000000008e900000, 0x000000008e900000, 0x000000008ea00000|  0%| F|  |TAMS 0x000000008e900000, 0x000000008e900000| Untracked 
|  84|0x000000008ea00000, 0x000000008ea00000, 0x000000008eb00000|  0%| F|  |TAMS 0x000000008ea00000, 0x000000008ea00000| Untracked 
|  85|0x000000008eb00000, 0x000000008eb00000, 0x000000008ec00000|  0%| F|  |TAMS 0x000000008eb00000, 0x000000008eb00000| Untracked 
|  86|0x000000008ec00000, 0x000000008ec00000, 0x000000008ed00000|  0%| F|  |TAMS 0x000000008ec00000, 0x000000008ec00000| Untracked 
|  87|0x000000008ed00000, 0x000000008ed00000, 0x000000008ee00000|  0%| F|  |TAMS 0x000000008ed00000, 0x000000008ed00000| Untracked 
|  88|0x000000008ee00000, 0x000000008ee00000, 0x000000008ef00000|  0%| F|  |TAMS 0x000000008ee00000, 0x000000008ee00000| Untracked 
|  89|0x000000008ef00000, 0x000000008ef00000, 0x000000008f000000|  0%| F|  |TAMS 0x000000008ef00000, 0x000000008ef00000| Untracked 
|  90|0x000000008f000000, 0x000000008f000000, 0x000000008f100000|  0%| F|  |TAMS 0x000000008f000000, 0x000000008f000000| Untracked 
|  91|0x000000008f100000, 0x000000008f100000, 0x000000008f200000|  0%| F|  |TAMS 0x000000008f100000, 0x000000008f100000| Untracked 
|  92|0x000000008f200000, 0x000000008f200000, 0x000000008f300000|  0%| F|  |TAMS 0x000000008f200000, 0x000000008f200000| Untracked 
|  93|0x000000008f300000, 0x000000008f300000, 0x000000008f400000|  0%| F|  |TAMS 0x000000008f300000, 0x000000008f300000| Untracked 
|  94|0x000000008f400000, 0x000000008f400000, 0x000000008f500000|  0%| F|  |TAMS 0x000000008f400000, 0x000000008f400000| Untracked 
|  95|0x000000008f500000, 0x000000008f500000, 0x000000008f600000|  0%| F|  |TAMS 0x000000008f500000, 0x000000008f500000| Untracked 
|  96|0x000000008f600000, 0x000000008f600000, 0x000000008f700000|  0%| F|  |TAMS 0x000000008f600000, 0x000000008f600000| Untracked 
|  97|0x000000008f700000, 0x000000008f700000, 0x000000008f800000|  0%| F|  |TAMS 0x000000008f700000, 0x000000008f700000| Untracked 
|  98|0x000000008f800000, 0x000000008f800000, 0x000000008f900000|  0%| F|  |TAMS 0x000000008f800000, 0x000000008f800000| Untracked 
|  99|0x000000008f900000, 0x000000008f900000, 0x000000008fa00000|  0%| F|  |TAMS 0x000000008f900000, 0x000000008f900000| Untracked 
| 100|0x000000008fa00000, 0x000000008fa00000, 0x000000008fb00000|  0%| F|  |TAMS 0x000000008fa00000, 0x000000008fa00000| Untracked 
| 101|0x000000008fb00000, 0x000000008fb00000, 0x000000008fc00000|  0%| F|  |TAMS 0x000000008fb00000, 0x000000008fb00000| Untracked 
| 102|0x000000008fc00000, 0x000000008fc00000, 0x000000008fd00000|  0%| F|  |TAMS 0x000000008fc00000, 0x000000008fc00000| Untracked 
| 103|0x000000008fd00000, 0x000000008fd00000, 0x000000008fe00000|  0%| F|  |TAMS 0x000000008fd00000, 0x000000008fd00000| Untracked 
| 104|0x000000008fe00000, 0x000000008fe00000, 0x000000008ff00000|  0%| F|  |TAMS 0x000000008fe00000, 0x000000008fe00000| Untracked 
| 105|0x000000008ff00000, 0x000000008ff86020, 0x0000000090000000| 52%| S|CS|TAMS 0x000000008ff00000, 0x000000008ff00000| Complete 
| 106|0x0000000090000000, 0x0000000090100000, 0x0000000090100000|100%| S|CS|TAMS 0x0000000090000000, 0x0000000090000000| Complete 
| 107|0x0000000090100000, 0x0000000090100000, 0x0000000090200000|  0%| F|  |TAMS 0x0000000090100000, 0x0000000090100000| Untracked 
| 108|0x0000000090200000, 0x0000000090200000, 0x0000000090300000|  0%| F|  |TAMS 0x0000000090200000, 0x0000000090200000| Untracked 
| 109|0x0000000090300000, 0x000000009035ae90, 0x0000000090400000| 35%| E|  |TAMS 0x0000000090300000, 0x0000000090300000| Complete 
| 110|0x0000000090400000, 0x0000000090500000, 0x0000000090500000|100%| E|CS|TAMS 0x0000000090400000, 0x0000000090400000| Complete 
| 111|0x0000000090500000, 0x0000000090600000, 0x0000000090600000|100%| E|CS|TAMS 0x0000000090500000, 0x0000000090500000| Complete 
| 112|0x0000000090600000, 0x0000000090700000, 0x0000000090700000|100%| E|CS|TAMS 0x0000000090600000, 0x0000000090600000| Complete 
| 113|0x0000000090700000, 0x0000000090800000, 0x0000000090800000|100%| E|CS|TAMS 0x0000000090700000, 0x0000000090700000| Complete 
| 114|0x0000000090800000, 0x0000000090900000, 0x0000000090900000|100%| E|CS|TAMS 0x0000000090800000, 0x0000000090800000| Complete 
| 115|0x0000000090900000, 0x0000000090a00000, 0x0000000090a00000|100%| E|CS|TAMS 0x0000000090900000, 0x0000000090900000| Complete 
| 116|0x0000000090a00000, 0x0000000090b00000, 0x0000000090b00000|100%| E|CS|TAMS 0x0000000090a00000, 0x0000000090a00000| Complete 
| 117|0x0000000090b00000, 0x0000000090c00000, 0x0000000090c00000|100%| E|CS|TAMS 0x0000000090b00000, 0x0000000090b00000| Complete 
| 118|0x0000000090c00000, 0x0000000090d00000, 0x0000000090d00000|100%| E|CS|TAMS 0x0000000090c00000, 0x0000000090c00000| Complete 
| 119|0x0000000090d00000, 0x0000000090e00000, 0x0000000090e00000|100%| E|CS|TAMS 0x0000000090d00000, 0x0000000090d00000| Complete 

Card table byte_map: [0x000001c9a8990000,0x000001c9a8d50000] _byte_map_base: 0x000001c9a8545000

Marking Bits (Prev, Next): (CMBitMap*) 0x000001c991d609b0, (CMBitMap*) 0x000001c991d609f0
 Prev Bits: [0x000001c9a9110000, 0x000001c9aaeb8000)
 Next Bits: [0x000001c9aaec0000, 0x000001c9acc68000)

Polling page: 0x000001c98fc90000

Metaspace:

Usage:
  Non-class:      1.69 MB used.
      Class:    167.07 KB used.
       Both:      1.86 MB used.

Virtual space:
  Non-class space:       64.00 MB reserved,       1.81 MB (  3%) committed,  1 nodes.
      Class space:        1.00 GB reserved,     192.00 KB ( <1%) committed,  1 nodes.
             Both:        1.06 GB reserved,       2.00 MB ( <1%) committed. 

Chunk freelists:
   Non-Class:  11.68 MB
       Class:  15.69 MB
        Both:  27.38 MB

MaxMetaspaceSize: unlimited
CompressedClassSpaceSize: 1.00 GB
Initial GC threshold: 21.00 MB
Current GC threshold: 21.00 MB
CDS: on
MetaspaceReclaimPolicy: balanced
 - commit_granule_bytes: 65536.
 - commit_granule_words: 8192.
 - virtual_space_node_default_size: 8388608.
 - enlarge_chunks_in_place: 1.
 - new_chunks_are_fully_committed: 0.
 - uncommit_free_chunks: 1.
 - use_allocation_guard: 0.
 - handle_deallocations: 1.


Internal statistics:

num_allocs_failed_limit: 0.
num_arena_births: 14.
num_arena_deaths: 0.
num_vsnodes_births: 2.
num_vsnodes_deaths: 0.
num_space_committed: 32.
num_space_uncommitted: 0.
num_chunks_returned_to_freelist: 0.
num_chunks_taken_from_freelist: 43.
num_chunk_merges: 0.
num_chunk_splits: 21.
num_chunks_enlarged: 16.
num_inconsistent_stats: 0.

CodeHeap 'non-profiled nmethods': size=120000Kb used=209Kb max_used=209Kb free=119790Kb
 bounds [0x000001c9a10a0000, 0x000001c9a1310000, 0x000001c9a85d0000]
CodeHeap 'profiled nmethods': size=120000Kb used=1031Kb max_used=1031Kb free=118969Kb
 bounds [0x000001c9995d0000, 0x000001c999840000, 0x000001c9a0b00000]
CodeHeap 'non-nmethods': size=5760Kb used=1123Kb max_used=1145Kb free=4637Kb
 bounds [0x000001c9a0b00000, 0x000001c9a0d70000, 0x000001c9a10a0000]
 total_blobs=1005 nmethods=599 adapters=319
 compilation: enabled
              stopped_count=0, restarted_count=0
 full_count=0

Compilation events (20 events):
Event: 1.607 Thread 0x000001c9af113ec0  577       1       java.net.URL::getUserInfo (5 bytes)
Event: 1.607 Thread 0x000001c9af113ec0 nmethod 577 0x000001c9a10d3590 code [0x000001c9a10d3720, 0x000001c9a10d37f8]
Event: 1.608 Thread 0x000001c9af113ec0  578   !   3       java.net.URL::<init> (543 bytes)
Event: 1.615 Thread 0x000001c9af113ec0 nmethod 578 0x000001c9996bad90 code [0x000001c9996bb420, 0x000001c9996bede8]
Event: 1.618 Thread 0x000001c9af113ec0  579       3       java.net.URL::isBuiltinStreamHandler (32 bytes)
Event: 1.620 Thread 0x000001c9af113ec0 nmethod 579 0x000001c9996c0e90 code [0x000001c9996c1160, 0x000001c9996c21d8]
Event: 1.620 Thread 0x000001c9af113ec0  580       3       java.net.URL::isBuiltinStreamHandler (8 bytes)
Event: 1.620 Thread 0x000001c9af113ec0 nmethod 580 0x000001c9996c2710 code [0x000001c9996c28c0, 0x000001c9996c2a88]
Event: 1.620 Thread 0x000001c9af113ec0  581       3       sun.net.util.IPAddressUtil::checkHostString (53 bytes)
Event: 1.621 Thread 0x000001c9af113ec0 nmethod 581 0x000001c9996c2b90 code [0x000001c9996c2e40, 0x000001c9996c39c8]
Event: 1.621 Thread 0x000001c9af113ec0  582       3       java.util.ArrayDeque::inc (12 bytes)
Event: 1.621 Thread 0x000001c9af113ec0 nmethod 582 0x000001c9996c3e10 code [0x000001c9996c3fa0, 0x000001c9996c40d8]
Event: 1.621 Thread 0x000001c9af113ec0  583       3       java.util.ArrayDeque::add (7 bytes)
Event: 1.621 Thread 0x000001c9af113ec0 nmethod 583 0x000001c9996c4190 code [0x000001c9996c4340, 0x000001c9996c4488]
Event: 1.621 Thread 0x000001c9af113ec0  584       3       java.io.WinNTFileSystem::isLetter (30 bytes)
Event: 1.621 Thread 0x000001c9af113ec0 nmethod 584 0x000001c9996c4510 code [0x000001c9996c46a0, 0x000001c9996c48b8]
Event: 1.629 Thread 0x000001c9af113ec0  585   !   3       java.util.zip.ZipFile$Source::checkAndAddEntry (262 bytes)
Event: 1.631 Thread 0x000001c9af113ec0 nmethod 585 0x000001c9996c4990 code [0x000001c9996c4d60, 0x000001c9996c6608]
Event: 1.631 Thread 0x000001c9af113ec0  586       2       java.util.zip.ZipUtils::CENSIG (8 bytes)
Event: 1.631 Thread 0x000001c9af113ec0 nmethod 586 0x000001c9996c7310 code [0x000001c9996c74a0, 0x000001c9996c7658]

GC Heap History (2 events):
Event: 1.317 GC heap before
{Heap before GC invocations=0 (full 0):
 garbage-first heap   total 122880K, used 13312K [0x0000000089600000, 0x0000000100000000)
  region size 1024K, 13 young (13312K), 0 survivors (0K)
 Metaspace       used 1769K, committed 1856K, reserved 1114112K
  class space    used 162K, committed 192K, reserved 1048576K
}
Event: 1.322 GC heap after
{Heap after GC invocations=1 (full 0):
 garbage-first heap   total 122880K, used 1560K [0x0000000089600000, 0x0000000100000000)
  region size 1024K, 2 young (2048K), 2 survivors (2048K)
 Metaspace       used 1769K, committed 1856K, reserved 1114112K
  class space    used 162K, committed 192K, reserved 1048576K
}

Deoptimization events (20 events):
Event: 1.548 Thread 0x000001c991d087b0 Uncommon trap: trap_request=0xffffffde fr.pc=0x000001c9a10cd8ec relative=0x000000000000078c
Event: 1.548 Thread 0x000001c991d087b0 Uncommon trap: reason=class_check action=maybe_recompile pc=0x000001c9a10cd8ec method=java.util.HashMap.putVal(ILjava/lang/Object;Ljava/lang/Object;ZZ)Ljava/lang/Object; @ 253 c2
Event: 1.548 Thread 0x000001c991d087b0 DEOPT PACKING pc=0x000001c9a10cd8ec sp=0x000000189bafe600
Event: 1.548 Thread 0x000001c991d087b0 DEOPT UNPACKING pc=0x000001c9a0b523a3 sp=0x000000189bafe510 mode 2
Event: 1.548 Thread 0x000001c991d087b0 Uncommon trap: trap_request=0xffffffde fr.pc=0x000001c9a10cd8ec relative=0x000000000000078c
Event: 1.548 Thread 0x000001c991d087b0 Uncommon trap: reason=class_check action=maybe_recompile pc=0x000001c9a10cd8ec method=java.util.HashMap.putVal(ILjava/lang/Object;Ljava/lang/Object;ZZ)Ljava/lang/Object; @ 253 c2
Event: 1.548 Thread 0x000001c991d087b0 DEOPT PACKING pc=0x000001c9a10cd8ec sp=0x000000189bafe600
Event: 1.548 Thread 0x000001c991d087b0 DEOPT UNPACKING pc=0x000001c9a0b523a3 sp=0x000000189bafe510 mode 2
Event: 1.561 Thread 0x000001c991d087b0 Uncommon trap: trap_request=0xffffff45 fr.pc=0x000001c9a10cf2e4 relative=0x0000000000000f84
Event: 1.561 Thread 0x000001c991d087b0 Uncommon trap: reason=unstable_if action=reinterpret pc=0x000001c9a10cf2e4 method=java.util.HashMap.putVal(ILjava/lang/Object;Ljava/lang/Object;ZZ)Ljava/lang/Object; @ 81 c2
Event: 1.561 Thread 0x000001c991d087b0 DEOPT PACKING pc=0x000001c9a10cf2e4 sp=0x000000189bafe870
Event: 1.561 Thread 0x000001c991d087b0 DEOPT UNPACKING pc=0x000001c9a0b523a3 sp=0x000000189bafe820 mode 2
Event: 1.621 Thread 0x000001c991d087b0 Uncommon trap: trap_request=0xffffff45 fr.pc=0x000001c9a10ca6a0 relative=0x0000000000000200
Event: 1.621 Thread 0x000001c991d087b0 Uncommon trap: reason=unstable_if action=reinterpret pc=0x000001c9a10ca6a0 method=java.io.WinNTFileSystem.normalize(Ljava/lang/String;)Ljava/lang/String; @ 104 c2
Event: 1.621 Thread 0x000001c991d087b0 DEOPT PACKING pc=0x000001c9a10ca6a0 sp=0x000000189bafdf00
Event: 1.621 Thread 0x000001c991d087b0 DEOPT UNPACKING pc=0x000001c9a0b523a3 sp=0x000000189bafde88 mode 2
Event: 1.629 Thread 0x000001c991d087b0 Uncommon trap: trap_request=0xffffff45 fr.pc=0x000001c9a10c18b0 relative=0x00000000000005f0
Event: 1.629 Thread 0x000001c991d087b0 Uncommon trap: reason=unstable_if action=reinterpret pc=0x000001c9a10c18b0 method=java.util.zip.ZipFile$Source.checkAndAddEntry(II)I @ 50 c2
Event: 1.629 Thread 0x000001c991d087b0 DEOPT PACKING pc=0x000001c9a10c18b0 sp=0x000000189bafdbb0
Event: 1.629 Thread 0x000001c991d087b0 DEOPT UNPACKING pc=0x000001c9a0b523a3 sp=0x000000189bafdb20 mode 2

Classes unloaded (0 events):
No events

Classes redefined (0 events):
No events

Internal exceptions (1 events):
Event: 0.536 Thread 0x000001c991d087b0 Exception <a 'java/lang/NoSuchMethodError'{0x0000000090bbe730}: 'int java.lang.invoke.DirectMethodHandle$Holder.invokeStaticInit(java.lang.Object, java.lang.Object)'> (0x0000000090bbe730) 
thrown [s\open\src\hotspot\share\interpreter\linkResolver.cpp, line 759]

VM Operations (6 events):
Event: 0.168 Executing VM operation: HandshakeAllThreads
Event: 0.168 Executing VM operation: HandshakeAllThreads done
Event: 1.178 Executing VM operation: Cleanup
Event: 1.179 Executing VM operation: Cleanup done
Event: 1.316 Executing VM operation: G1CollectForAllocation
Event: 1.322 Executing VM operation: G1CollectForAllocation done

Events (20 events):
Event: 0.500 loading class jdk/internal/access/JavaIOFilePermissionAccess done
Event: 0.500 loading class java/io/FilePermission$1 done
Event: 0.500 loading class java/io/FilePermissionCollection
Event: 0.501 loading class java/io/FilePermissionCollection done
Event: 0.501 loading class java/util/Vector
Event: 0.501 loading class java/util/Vector done
Event: 0.502 loading class java/io/FilePermissionCollection$1
Event: 0.502 loading class java/io/FilePermissionCollection$1 done
Event: 0.531 loading class java/io/UncheckedIOException
Event: 0.531 loading class java/io/UncheckedIOException done
Event: 0.552 loading class java/net/MalformedURLException
Event: 0.552 loading class java/net/MalformedURLException done
Event: 0.554 loading class java/io/FileFilter
Event: 0.554 loading class java/io/FileFilter done
Event: 0.789 loading class java/util/AbstractList$Itr
Event: 0.790 loading class java/util/AbstractList$Itr done
Event: 0.791 loading class java/util/zip/ZipException
Event: 0.797 loading class java/util/zip/ZipException done
Event: 0.853 loading class java/lang/invoke/DirectMethodHandle$Special
Event: 0.853 loading class java/lang/invoke/DirectMethodHandle$Special done


Dynamic libraries:
0x00007ff6acf80000 - 0x00007ff6acf90000 	C:\Program Files\Java\jdk-17\bin\java.exe
0x00007ffa957b0000 - 0x00007ffa959a8000 	C:\WINDOWS\SYSTEM32\ntdll.dll
0x00007ffa93960000 - 0x00007ffa93a22000 	C:\WINDOWS\System32\KERNEL32.DLL
0x00007ffa93160000 - 0x00007ffa93456000 	C:\WINDOWS\System32\KERNELBASE.dll
0x00007ffa92e70000 - 0x00007ffa92f70000 	C:\WINDOWS\System32\ucrtbase.dll
0x00007ffa76030000 - 0x00007ffa7604b000 	C:\Program Files\Java\jdk-17\bin\VCRUNTIME140.dll
0x00007ffa76b50000 - 0x00007ffa76b69000 	C:\Program Files\Java\jdk-17\bin\jli.dll
0x00007ffa93e50000 - 0x00007ffa93f01000 	C:\WINDOWS\System32\ADVAPI32.dll
0x00007ffa94a70000 - 0x00007ffa94b0e000 	C:\WINDOWS\System32\msvcrt.dll
0x00007ffa94840000 - 0x00007ffa948df000 	C:\WINDOWS\System32\sechost.dll
0x00007ffa948e0000 - 0x00007ffa94a00000 	C:\WINDOWS\System32\RPCRT4.dll
0x00007ffa92e40000 - 0x00007ffa92e67000 	C:\WINDOWS\System32\bcrypt.dll
0x00007ffa95510000 - 0x00007ffa956b1000 	C:\WINDOWS\System32\USER32.dll
0x00007ffa77300000 - 0x00007ffa7759b000 	C:\WINDOWS\WinSxS\amd64_microsoft.windows.common-controls_6595b64144ccf1df_6.0.19041.6456_none_60b8a6cb71f64256\COMCTL32.dll
0x00007ffa93020000 - 0x00007ffa93042000 	C:\WINDOWS\System32\win32u.dll
0x00007ffa954e0000 - 0x00007ffa9550b000 	C:\WINDOWS\System32\GDI32.dll
0x00007ffa93500000 - 0x00007ffa93619000 	C:\WINDOWS\System32\gdi32full.dll
0x00007ffa93460000 - 0x00007ffa934fd000 	C:\WINDOWS\System32\msvcp_win.dll
0x00007ffa7d550000 - 0x00007ffa7d55a000 	C:\WINDOWS\SYSTEM32\VERSION.dll
0x00007ffa93cb0000 - 0x00007ffa93cdf000 	C:\WINDOWS\System32\IMM32.DLL
0x00007ffa8bc90000 - 0x00007ffa8bc9c000 	C:\Program Files\Java\jdk-17\bin\vcruntime140_1.dll
0x00007ffa3c0d0000 - 0x00007ffa3c15e000 	C:\Program Files\Java\jdk-17\bin\msvcp140.dll
0x00007ffa2b6b0000 - 0x00007ffa2c290000 	C:\Program Files\Java\jdk-17\bin\server\jvm.dll
0x00007ffa937d0000 - 0x00007ffa937d8000 	C:\WINDOWS\System32\PSAPI.DLL
0x00007ffa8bc10000 - 0x00007ffa8bc19000 	C:\WINDOWS\SYSTEM32\WSOCK32.dll
0x00007ffa93f10000 - 0x00007ffa93f7b000 	C:\WINDOWS\System32\WS2_32.dll
0x00007ffa760e0000 - 0x00007ffa76107000 	C:\WINDOWS\SYSTEM32\WINMM.dll
0x00007ffa91650000 - 0x00007ffa91662000 	C:\WINDOWS\SYSTEM32\kernel.appcore.dll
0x00007ffa8b060000 - 0x00007ffa8b06a000 	C:\Program Files\Java\jdk-17\bin\jimage.dll
0x00007ffa8fc70000 - 0x00007ffa8fe71000 	C:\WINDOWS\SYSTEM32\DBGHELP.DLL
0x00007ffa70550000 - 0x00007ffa70584000 	C:\WINDOWS\SYSTEM32\dbgcore.DLL
0x00007ffa93050000 - 0x00007ffa930d2000 	C:\WINDOWS\System32\bcryptPrimitives.dll
0x00007ffa75770000 - 0x00007ffa75795000 	C:\Program Files\Java\jdk-17\bin\java.dll
0x00007ffa3ae20000 - 0x00007ffa3aef7000 	C:\Program Files\Java\jdk-17\bin\jsvml.dll
0x00007ffa940d0000 - 0x00007ffa94840000 	C:\WINDOWS\System32\SHELL32.dll
0x00007ffa90de0000 - 0x00007ffa91585000 	C:\WINDOWS\SYSTEM32\windows.storage.dll
0x00007ffa94fe0000 - 0x00007ffa95334000 	C:\WINDOWS\System32\combase.dll
0x00007ffa92790000 - 0x00007ffa927bb000 	C:\WINDOWS\SYSTEM32\Wldp.dll
0x00007ffa93a30000 - 0x00007ffa93afd000 	C:\WINDOWS\System32\OLEAUT32.dll
0x00007ffa953b0000 - 0x00007ffa9545d000 	C:\WINDOWS\System32\SHCORE.dll
0x00007ffa94a10000 - 0x00007ffa94a6b000 	C:\WINDOWS\System32\shlwapi.dll
0x00007ffa92d70000 - 0x00007ffa92d94000 	C:\WINDOWS\SYSTEM32\profapi.dll
0x00007ffa75090000 - 0x00007ffa750a9000 	C:\Program Files\Java\jdk-17\bin\net.dll
0x00007ffa852c0000 - 0x00007ffa853ca000 	C:\WINDOWS\SYSTEM32\WINHTTP.dll
0x00007ffa924f0000 - 0x00007ffa9255a000 	C:\WINDOWS\system32\mswsock.dll
0x00007ffa75070000 - 0x00007ffa75086000 	C:\Program Files\Java\jdk-17\bin\nio.dll
0x00007ffa6b900000 - 0x00007ffa6b918000 	C:\Program Files\Java\jdk-17\bin\zip.dll
0x00007ffa8ae00000 - 0x00007ffa8ae10000 	C:\Program Files\Java\jdk-17\bin\verify.dll

dbghelp: loaded successfully - version: 4.0.5 - missing functions: none
symbol engine: initialized successfully - sym options: 0x614 - pdb path: .;C:\Program Files\Java\jdk-17\bin;C:\WINDOWS\SYSTEM32;C:\WINDOWS\WinSxS\amd64_microsoft.windows.common-controls_6595b64144ccf1df_6.0.19041.6456_none_60b8a6cb71f64256;C:\Program Files\Java\jdk-17\bin\server

VM Arguments:
jvm_args: -Dorg.gradle.appname=gradlew 
java_command: org.gradle.wrapper.GradleWrapperMain -q -Ptarget-platform=android-arm64 -Ptarget=C:\Users\Ram\Desktop\gigzrun\lib\main.dart -Pbase-application-name=android.app.Application -Pdart-defines=RkxVVFRFUl9WRVJTSU9OPTMuNDQuMQ==,RkxVVFRFUl9DSEFOTkVMPXN0YWJsZQ==,RkxVVFRFUl9HSVRfVVJMPWh0dHBzOi8vZ2l0aHViLmNvbS9mbHV0dGVyL2ZsdXR0ZXIuZ2l0,RkxVVFRFUl9GUkFNRVdPUktfUkVWSVNJT049OTI0MTM0YTQ0Yw==,RkxVVFRFUl9FTkdJTkVfUkVWSVNJT049YzQxNmFjZmViOA==,RkxVVFRFUl9EQVJUX1ZFUlNJT049My4xMi4x -Pdart-obfuscation=false -Ptrack-widget-creation=true -Ptree-shake-icons=false -Pfilesystem-scheme=org-dartlang-root assembleDebug
java_class_path (initial): C:\Users\Ram\Desktop\gigzrun\android\\gradle\wrapper\gradle-wrapper.jar
Launcher Type: SUN_STANDARD

[Global flags]
     intx CICompilerCount                          = 3                                         {product} {ergonomic}
     uint ConcGCThreads                            = 1                                         {product} {ergonomic}
     uint G1ConcRefinementThreads                  = 4                                         {product} {ergonomic}
   size_t G1HeapRegionSize                         = 1048576                                   {product} {ergonomic}
    uintx GCDrainStackTargetSize                   = 64                                        {product} {ergonomic}
   size_t InitialHeapSize                          = 125829120                                 {product} {ergonomic}
   size_t MarkStackSize                            = 4194304                                   {product} {ergonomic}
   size_t MaxHeapSize                              = 1990197248                                {product} {ergonomic}
   size_t MaxNewSize                               = 1193279488                                {product} {ergonomic}
   size_t MinHeapDeltaBytes                        = 1048576                                   {product} {ergonomic}
   size_t MinHeapSize                              = 8388608                                   {product} {ergonomic}
    uintx NonNMethodCodeHeapSize                   = 5832780                                {pd product} {ergonomic}
    uintx NonProfiledCodeHeapSize                  = 122912730                              {pd product} {ergonomic}
    uintx ProfiledCodeHeapSize                     = 122912730                              {pd product} {ergonomic}
    uintx ReservedCodeCacheSize                    = 251658240                              {pd product} {ergonomic}
     bool SegmentedCodeCache                       = true                                      {product} {ergonomic}
   size_t SoftMaxHeapSize                          = 1990197248                             {manageable} {ergonomic}
     bool UseCompressedClassPointers               = true                           {product lp64_product} {ergonomic}
     bool UseCompressedOops                        = true                           {product lp64_product} {ergonomic}
     bool UseG1GC                                  = true                                      {product} {ergonomic}
     bool UseLargePagesIndividualAllocation        = false                                  {pd product} {ergonomic}

Logging:
Log output configuration:
 #0: stdout all=warning uptime,level,tags
 #1: stderr all=off uptime,level,tags

Environment Variables:
JAVA_HOME=C:\Program Files\Java\jdk-17
CLASSPATH=C:\Users\Ram\Desktop\gigzrun\android\\gradle\wrapper\gradle-wrapper.jar
PATH=C:\Program Files\Java\jdk-17\bin;C:\Program Files\Common Files\Oracle\Java\javapath;C:\WINDOWS\system32;C:\WINDOWS;C:\WINDOWS\System32\Wbem;C:\WINDOWS\System32\WindowsPowerShell\v1.0\;C:\WINDOWS\System32\OpenSSH\;C:\Program Files\dotnet\;C:\Program Files (x86)\HP\HP Performance Advisor;C:\Program Files (x86)\Intel\Intel(R) Management Engine Components\DAL;C:\Program Files\Intel\Intel(R) Management Engine Components\DAL;C:\ProgramData\chocolatey\bin;C:\Program Files\nodejs\;C:\Program Files\Git\cmd;C:\xampp\php;C:\ProgramData\ComposerSetup\bin;C:\flutter\bin;C:\Android\cmdline-tools\latest\bin;C:\Program Files\Java\jdk-17\bin;C:\Users\Ram\AppData\Local\Microsoft\WindowsApps;C:\Users\Ram\AppData\Roaming\npm;C:\Users\Ram\AppData\Local\Programs\Antigravity\bin;C:\Users\Ram\AppData\Roaming\Composer\vendor\bin;C:\Users\Ram\AppData\Local\Programs\cursor\resources\app\bin;;C:\flutter\bin\mingit\cmd;C:\flutter\bin\mingit\cmd
USERNAME=Ram
OS=Windows_NT
PROCESSOR_IDENTIFIER=Intel64 Family 6 Model 78 Stepping 3, GenuineIntel



---------------  S Y S T E M  ---------------

OS:
 Windows 10 , 64 bit Build 19041 (10.0.19041.5915)
OS uptime: 4 days 18:00 hours

CPU: total 4 (initial active 4) (2 cores per cpu, 2 threads per core) family 6 model 78 stepping 3 microcode 0xf0, cx8, cmov, fxsr, ht, mmx, 3dnowpref, sse, sse2, sse3, ssse3, sse4.1, sse4.2, popcnt, lzcnt, tsc, tscinvbit, avx, avx2, aes, erms, clmul, bmi1, bmi2, rtm, adx, fma, vzeroupper, clflush, clflushopt

Memory: 4k page, system-wide physical 7590M (215M free)
TotalPageFile size 22841M (AvailPageFile size 0M)
current process WorkingSet (physical memory assigned to process): 56M, peak: 56M
current process commit charge ("private bytes"): 200M, peak: 200M

vm_info: Java HotSpot(TM) 64-Bit Server VM (17.0.12+8-LTS-286) for windows-amd64 JRE (17.0.12+8-LTS-286), built on Jun  5 2024 06:46:59 by "mach5one" with MS VC++ 17.6 (VS2022)

END.
