#
# There is insufficient memory for the Java Runtime Environment to continue.
# Native memory allocation (malloc) failed to allocate 38096 bytes for Chunk::new
# Possible reasons:
#   The system is out of physical RAM or swap space
#   The process is running with CompressedOops enabled, and the Java Heap may be blocking the growth of the native heap
# Possible solutions:
#   Reduce memory load on the system
#   Increase physical memory or swap space
#   Check if swap backing store is full
#   Decrease Java heap size (-Xmx/-Xms)
#   Decrease number of Java threads
#   Decrease Java thread stack sizes (-Xss)
#   Set larger code cache with -XX:ReservedCodeCacheSize=
#   JVM is running with Unscaled Compressed Oops mode in which the Java heap is
#     placed in the first 4GB address space. The Java Heap base address is the
#     maximum limit for the native heap growth. Please use -XX:HeapBaseMinAddress
#     to set the Java Heap base and to place the Java Heap above 4GB virtual address.
# This output file may be truncated or incomplete.
#
#  Out of Memory Error (arena.cpp:189), pid=15172, tid=9528
#
# JRE version: Java(TM) SE Runtime Environment (17.0.12+8) (build 17.0.12+8-LTS-286)
# Java VM: Java HotSpot(TM) 64-Bit Server VM (17.0.12+8-LTS-286, mixed mode, sharing, tiered, compressed oops, compressed class ptrs, g1 gc, windows-amd64)
# No core dump will be written. Minidumps are not enabled by default on client versions of Windows
#

---------------  S U M M A R Y ------------

Command Line: -Dorg.gradle.appname=gradlew org.gradle.wrapper.GradleWrapperMain -q -Ptarget-platform=android-arm -Ptarget=C:\Users\Go Logistic\Desktop\gigzrun\lib\main.dart -Pbase-application-name=android.app.Application -Pdart-defines=RkxVVFRFUl9WRVJTSU9OPTMuNDQuMQ==,RkxVVFRFUl9DSEFOTkVMPXN0YWJsZQ==,RkxVVFRFUl9HSVRfVVJMPWh0dHBzOi8vZ2l0aHViLmNvbS9mbHV0dGVyL2ZsdXR0ZXIuZ2l0,RkxVVFRFUl9GUkFNRVdPUktfUkVWSVNJT049OTI0MTM0YTQ0Yw==,RkxVVFRFUl9FTkdJTkVfUkVWSVNJT049YzQxNmFjZmViOA==,RkxVVFRFUl9EQVJUX1ZFUlNJT049My4xMi4x -Pdart-obfuscation=false -Ptrack-widget-creation=true -Ptree-shake-icons=false -Pfilesystem-scheme=org-dartlang-root assembleDebug

Host: Intel(R) Core(TM) i7-6600U CPU @ 2.60GHz, 4 cores, 7G,  Windows 10 , 64 bit Build 19041 (10.0.19041.5915)
Time: Tue Sep  8 01:05:54 2026 Egypt Daylight Time elapsed time: 9.248850 seconds (0d 0h 0m 9s)

---------------  T H R E A D  ---------------

Current thread (0x0000011ac1905ae0):  JavaThread "C2 CompilerThread0" daemon [_thread_in_native, id=9528, stack(0x000000061a700000,0x000000061a800000)]


Current CompileTask:
C2:   9248 1455       4       java.lang.StringLatin1::indexOf (121 bytes)

Stack: [0x000000061a700000,0x000000061a800000]
Native frames: (J=compiled Java code, j=interpreted, Vv=VM code, C=native code)
V  [jvm.dll+0x67a04a]
V  [jvm.dll+0x7da4ed]
V  [jvm.dll+0x7dbe33]
V  [jvm.dll+0x7dc4a3]
V  [jvm.dll+0x24508f]
V  [jvm.dll+0xab773]
V  [jvm.dll+0xabd3c]
V  [jvm.dll+0x2aa52f]
V  [jvm.dll+0x581eb9]
V  [jvm.dll+0x21f422]
V  [jvm.dll+0x2184c2]
V  [jvm.dll+0x215b65]
V  [jvm.dll+0x1a2960]
V  [jvm.dll+0x22610b]
V  [jvm.dll+0x2242ab]
V  [jvm.dll+0x79075c]
V  [jvm.dll+0x78abea]
V  [jvm.dll+0x678f35]
C  [ucrtbase.dll+0x21bb2]
C  [KERNEL32.DLL+0x17374]
C  [ntdll.dll+0x4cc91]


---------------  P R O C E S S  ---------------

Threads class SMR info:
_java_thread_list=0x0000011b07cbd860, length=13, elements={
0x0000011aa4507b60, 0x0000011ac18e25a0, 0x0000011ac18e38d0, 0x0000011ac18fd880,
0x0000011ac18fe150, 0x0000011ac19001d0, 0x0000011ac1901240, 0x0000011ac1905ae0,
0x0000011ac19073a0, 0x0000011ac1915070, 0x0000011ac1b34d20, 0x0000011ac1b47ae0,
0x0000011b07a58030
}

Java Threads: ( => current thread )
  0x0000011aa4507b60 JavaThread "main" [_thread_in_native, id=12592, stack(0x0000000619a00000,0x0000000619b00000)]
  0x0000011ac18e25a0 JavaThread "Reference Handler" daemon [_thread_blocked, id=14872, stack(0x000000061a100000,0x000000061a200000)]
  0x0000011ac18e38d0 JavaThread "Finalizer" daemon [_thread_blocked, id=1812, stack(0x000000061a200000,0x000000061a300000)]
  0x0000011ac18fd880 JavaThread "Signal Dispatcher" daemon [_thread_blocked, id=22004, stack(0x000000061a300000,0x000000061a400000)]
  0x0000011ac18fe150 JavaThread "Attach Listener" daemon [_thread_blocked, id=25976, stack(0x000000061a400000,0x000000061a500000)]
  0x0000011ac19001d0 JavaThread "Service Thread" daemon [_thread_blocked, id=24932, stack(0x000000061a500000,0x000000061a600000)]
  0x0000011ac1901240 JavaThread "Monitor Deflation Thread" daemon [_thread_blocked, id=8228, stack(0x000000061a600000,0x000000061a700000)]
=>0x0000011ac1905ae0 JavaThread "C2 CompilerThread0" daemon [_thread_in_native, id=9528, stack(0x000000061a700000,0x000000061a800000)]
  0x0000011ac19073a0 JavaThread "C1 CompilerThread0" daemon [_thread_blocked, id=23356, stack(0x000000061a800000,0x000000061a900000)]
  0x0000011ac1915070 JavaThread "Sweeper thread" daemon [_thread_blocked, id=19848, stack(0x000000061a900000,0x000000061aa00000)]
  0x0000011ac1b34d20 JavaThread "Notification Thread" daemon [_thread_blocked, id=14476, stack(0x000000061aa00000,0x000000061ab00000)]
  0x0000011ac1b47ae0 JavaThread "Common-Cleaner" daemon [_thread_blocked, id=10800, stack(0x000000061ac00000,0x000000061ad00000)]
  0x0000011b07a58030 JavaThread "pool-1-thread-1" [_thread_blocked, id=19236, stack(0x000000061b000000,0x000000061b100000)]

Other Threads:
  0x0000011ac18deb10 VMThread "VM Thread" [stack: 0x000000061a000000,0x000000061a100000] [id=15444]
  0x0000011ac1b44e70 WatcherThread [stack: 0x000000061ab00000,0x000000061ac00000] [id=1452]
  0x0000011aa455f970 GCTaskThread "GC Thread#0" [stack: 0x0000000619b00000,0x0000000619c00000] [id=20056]
  0x0000011ac1d417f0 GCTaskThread "GC Thread#1" [stack: 0x000000061ad00000,0x000000061ae00000] [id=24688]
  0x0000011ac1e03410 GCTaskThread "GC Thread#2" [stack: 0x000000061ae00000,0x000000061af00000] [id=21416]
  0x0000011ac1dfc320 GCTaskThread "GC Thread#3" [stack: 0x000000061af00000,0x000000061b000000] [id=11828]
  0x0000011aa4570b30 ConcurrentGCThread "G1 Main Marker" [stack: 0x0000000619c00000,0x0000000619d00000] [id=3828]
  0x0000011aa4571bf0 ConcurrentGCThread "G1 Conc#0" [stack: 0x0000000619d00000,0x0000000619e00000] [id=14828]
  0x0000011aa45dadd0 ConcurrentGCThread "G1 Refine#0" [stack: 0x0000000619e00000,0x0000000619f00000] [id=10528]
  0x0000011aa45db610 ConcurrentGCThread "G1 Service" [stack: 0x0000000619f00000,0x000000061a000000] [id=8464]

Threads with active compile tasks:
C2 CompilerThread0     9301 1455       4       java.lang.StringLatin1::indexOf (121 bytes)

VM state: not at safepoint (normal execution)

VM Mutex/Monitor currently owned by a thread: None

Heap address: 0x0000000089600000, size: 1898 MB, Compressed Oops mode: 32-bit

CDS archive(s) mapped at: [0x0000011ac2000000-0x0000011ac2bd0000-0x0000011ac2bd0000), size 12386304, SharedBaseAddress: 0x0000011ac2000000, ArchiveRelocationMode: 1.
Compressed class space mapped at: 0x0000011ac3000000-0x0000011b03000000, reserved size: 1073741824
Narrow klass base: 0x0000011ac2000000, Narrow klass shift: 0, Narrow klass range: 0x100000000

GC Precious Log:
 CPUs: 4 total, 4 available
 Memory: 7590M
 Large Page Support: Disabled
 NUMA Support: Disabled
 Compressed Oops: Enabled (32-bit)
 Heap Region Size: 1M
 Heap Min Capacity: 8M
 Heap Initial Capacity: 120M
 Heap Max Capacity: 1898M
 Pre-touch: Disabled
 Parallel Workers: 4
 Concurrent Workers: 1
 Concurrent Refinement Workers: 4
 Periodic GC: Disabled

Heap:
 garbage-first heap   total 122880K, used 41052K [0x0000000089600000, 0x0000000100000000)
  region size 1024K, 35 young (35840K), 3 survivors (3072K)
 Metaspace       used 8660K, committed 8768K, reserved 1114112K
  class space    used 1158K, committed 1216K, reserved 1048576K

Heap Regions: E=young(eden), S=young(survivor), O=old, HS=humongous(starts), HC=humongous(continues), CS=collection set, F=free, OA=open archive, CA=closed archive, TAMS=top-at-mark-start (previous, next)
|   0|0x0000000089600000, 0x0000000089700000, 0x0000000089700000|100%|HS|  |TAMS 0x0000000089600000, 0x0000000089600000| Complete 
|   1|0x0000000089700000, 0x0000000089800000, 0x0000000089800000|100%|HC|  |TAMS 0x0000000089700000, 0x0000000089700000| Complete 
|   2|0x0000000089800000, 0x0000000089900000, 0x0000000089900000|100%|HC|  |TAMS 0x0000000089800000, 0x0000000089800000| Complete 
|   3|0x0000000089900000, 0x0000000089a00000, 0x0000000089a00000|100%| O|  |TAMS 0x0000000089900000, 0x0000000089900000| Untracked 
|   4|0x0000000089a00000, 0x0000000089b00000, 0x0000000089b00000|100%| O|  |TAMS 0x0000000089a00000, 0x0000000089a00000| Untracked 
|   5|0x0000000089b00000, 0x0000000089c00000, 0x0000000089c00000|100%| O|  |TAMS 0x0000000089b00000, 0x0000000089b00000| Untracked 
|   6|0x0000000089c00000, 0x0000000089c17000, 0x0000000089d00000|  8%| O|  |TAMS 0x0000000089c00000, 0x0000000089c00000| Untracked 
|   7|0x0000000089d00000, 0x0000000089d00000, 0x0000000089e00000|  0%| F|  |TAMS 0x0000000089d00000, 0x0000000089d00000| Untracked 
|   8|0x0000000089e00000, 0x0000000089e00000, 0x0000000089f00000|  0%| F|  |TAMS 0x0000000089e00000, 0x0000000089e00000| Untracked 
|   9|0x0000000089f00000, 0x0000000089f00000, 0x000000008a000000|  0%| F|  |TAMS 0x0000000089f00000, 0x0000000089f00000| Untracked 
|  10|0x000000008a000000, 0x000000008a000000, 0x000000008a100000|  0%| F|  |TAMS 0x000000008a000000, 0x000000008a000000| Untracked 
|  11|0x000000008a100000, 0x000000008a100000, 0x000000008a200000|  0%| F|  |TAMS 0x000000008a100000, 0x000000008a100000| Untracked 
|  12|0x000000008a200000, 0x000000008a200000, 0x000000008a300000|  0%| F|  |TAMS 0x000000008a200000, 0x000000008a200000| Untracked 
|  13|0x000000008a300000, 0x000000008a300000, 0x000000008a400000|  0%| F|  |TAMS 0x000000008a300000, 0x000000008a300000| Untracked 
|  14|0x000000008a400000, 0x000000008a400000, 0x000000008a500000|  0%| F|  |TAMS 0x000000008a400000, 0x000000008a400000| Untracked 
|  15|0x000000008a500000, 0x000000008a500000, 0x000000008a600000|  0%| F|  |TAMS 0x000000008a500000, 0x000000008a500000| Untracked 
|  16|0x000000008a600000, 0x000000008a600000, 0x000000008a700000|  0%| F|  |TAMS 0x000000008a600000, 0x000000008a600000| Untracked 
|  17|0x000000008a700000, 0x000000008a700000, 0x000000008a800000|  0%| F|  |TAMS 0x000000008a700000, 0x000000008a700000| Untracked 
|  18|0x000000008a800000, 0x000000008a800000, 0x000000008a900000|  0%| F|  |TAMS 0x000000008a800000, 0x000000008a800000| Untracked 
|  19|0x000000008a900000, 0x000000008a900000, 0x000000008aa00000|  0%| F|  |TAMS 0x000000008a900000, 0x000000008a900000| Untracked 
|  20|0x000000008aa00000, 0x000000008aa00000, 0x000000008ab00000|  0%| F|  |TAMS 0x000000008aa00000, 0x000000008aa00000| Untracked 
|  21|0x000000008ab00000, 0x000000008ab00000, 0x000000008ac00000|  0%| F|  |TAMS 0x000000008ab00000, 0x000000008ab00000| Untracked 
|  22|0x000000008ac00000, 0x000000008ac00000, 0x000000008ad00000|  0%| F|  |TAMS 0x000000008ac00000, 0x000000008ac00000| Untracked 
|  23|0x000000008ad00000, 0x000000008ad00000, 0x000000008ae00000|  0%| F|  |TAMS 0x000000008ad00000, 0x000000008ad00000| Untracked 
|  24|0x000000008ae00000, 0x000000008ae00000, 0x000000008af00000|  0%| F|  |TAMS 0x000000008ae00000, 0x000000008ae00000| Untracked 
|  25|0x000000008af00000, 0x000000008af00000, 0x000000008b000000|  0%| F|  |TAMS 0x000000008af00000, 0x000000008af00000| Untracked 
|  26|0x000000008b000000, 0x000000008b000000, 0x000000008b100000|  0%| F|  |TAMS 0x000000008b000000, 0x000000008b000000| Untracked 
|  27|0x000000008b100000, 0x000000008b100000, 0x000000008b200000|  0%| F|  |TAMS 0x000000008b100000, 0x000000008b100000| Untracked 
|  28|0x000000008b200000, 0x000000008b200000, 0x000000008b300000|  0%| F|  |TAMS 0x000000008b200000, 0x000000008b200000| Untracked 
|  29|0x000000008b300000, 0x000000008b300000, 0x000000008b400000|  0%| F|  |TAMS 0x000000008b300000, 0x000000008b300000| Untracked 
|  30|0x000000008b400000, 0x000000008b400000, 0x000000008b500000|  0%| F|  |TAMS 0x000000008b400000, 0x000000008b400000| Untracked 
|  31|0x000000008b500000, 0x000000008b500000, 0x000000008b600000|  0%| F|  |TAMS 0x000000008b500000, 0x000000008b500000| Untracked 
|  32|0x000000008b600000, 0x000000008b600000, 0x000000008b700000|  0%| F|  |TAMS 0x000000008b600000, 0x000000008b600000| Untracked 
|  33|0x000000008b700000, 0x000000008b700000, 0x000000008b800000|  0%| F|  |TAMS 0x000000008b700000, 0x000000008b700000| Untracked 
|  34|0x000000008b800000, 0x000000008b800000, 0x000000008b900000|  0%| F|  |TAMS 0x000000008b800000, 0x000000008b800000| Untracked 
|  35|0x000000008b900000, 0x000000008b900000, 0x000000008ba00000|  0%| F|  |TAMS 0x000000008b900000, 0x000000008b900000| Untracked 
|  36|0x000000008ba00000, 0x000000008ba00000, 0x000000008bb00000|  0%| F|  |TAMS 0x000000008ba00000, 0x000000008ba00000| Untracked 
|  37|0x000000008bb00000, 0x000000008bb00000, 0x000000008bc00000|  0%| F|  |TAMS 0x000000008bb00000, 0x000000008bb00000| Untracked 
|  38|0x000000008bc00000, 0x000000008bc00000, 0x000000008bd00000|  0%| F|  |TAMS 0x000000008bc00000, 0x000000008bc00000| Untracked 
|  39|0x000000008bd00000, 0x000000008bd00000, 0x000000008be00000|  0%| F|  |TAMS 0x000000008bd00000, 0x000000008bd00000| Untracked 
|  40|0x000000008be00000, 0x000000008be00000, 0x000000008bf00000|  0%| F|  |TAMS 0x000000008be00000, 0x000000008be00000| Untracked 
|  41|0x000000008bf00000, 0x000000008bf00000, 0x000000008c000000|  0%| F|  |TAMS 0x000000008bf00000, 0x000000008bf00000| Untracked 
|  42|0x000000008c000000, 0x000000008c000000, 0x000000008c100000|  0%| F|  |TAMS 0x000000008c000000, 0x000000008c000000| Untracked 
|  43|0x000000008c100000, 0x000000008c100000, 0x000000008c200000|  0%| F|  |TAMS 0x000000008c100000, 0x000000008c100000| Untracked 
|  44|0x000000008c200000, 0x000000008c200000, 0x000000008c300000|  0%| F|  |TAMS 0x000000008c200000, 0x000000008c200000| Untracked 
|  45|0x000000008c300000, 0x000000008c300000, 0x000000008c400000|  0%| F|  |TAMS 0x000000008c300000, 0x000000008c300000| Untracked 
|  46|0x000000008c400000, 0x000000008c400000, 0x000000008c500000|  0%| F|  |TAMS 0x000000008c400000, 0x000000008c400000| Untracked 
|  47|0x000000008c500000, 0x000000008c500000, 0x000000008c600000|  0%| F|  |TAMS 0x000000008c500000, 0x000000008c500000| Untracked 
|  48|0x000000008c600000, 0x000000008c600000, 0x000000008c700000|  0%| F|  |TAMS 0x000000008c600000, 0x000000008c600000| Untracked 
|  49|0x000000008c700000, 0x000000008c700000, 0x000000008c800000|  0%| F|  |TAMS 0x000000008c700000, 0x000000008c700000| Untracked 
|  50|0x000000008c800000, 0x000000008c800000, 0x000000008c900000|  0%| F|  |TAMS 0x000000008c800000, 0x000000008c800000| Untracked 
|  51|0x000000008c900000, 0x000000008c900000, 0x000000008ca00000|  0%| F|  |TAMS 0x000000008c900000, 0x000000008c900000| Untracked 
|  52|0x000000008ca00000, 0x000000008ca00000, 0x000000008cb00000|  0%| F|  |TAMS 0x000000008ca00000, 0x000000008ca00000| Untracked 
|  53|0x000000008cb00000, 0x000000008cb00000, 0x000000008cc00000|  0%| F|  |TAMS 0x000000008cb00000, 0x000000008cb00000| Untracked 
|  54|0x000000008cc00000, 0x000000008cc00000, 0x000000008cd00000|  0%| F|  |TAMS 0x000000008cc00000, 0x000000008cc00000| Untracked 
|  55|0x000000008cd00000, 0x000000008cd00000, 0x000000008ce00000|  0%| F|  |TAMS 0x000000008cd00000, 0x000000008cd00000| Untracked 
|  56|0x000000008ce00000, 0x000000008ce00000, 0x000000008cf00000|  0%| F|  |TAMS 0x000000008ce00000, 0x000000008ce00000| Untracked 
|  57|0x000000008cf00000, 0x000000008cf00000, 0x000000008d000000|  0%| F|  |TAMS 0x000000008cf00000, 0x000000008cf00000| Untracked 
|  58|0x000000008d000000, 0x000000008d000000, 0x000000008d100000|  0%| F|  |TAMS 0x000000008d000000, 0x000000008d000000| Untracked 
|  59|0x000000008d100000, 0x000000008d100000, 0x000000008d200000|  0%| F|  |TAMS 0x000000008d100000, 0x000000008d100000| Untracked 
|  60|0x000000008d200000, 0x000000008d200000, 0x000000008d300000|  0%| F|  |TAMS 0x000000008d200000, 0x000000008d200000| Untracked 
|  61|0x000000008d300000, 0x000000008d300000, 0x000000008d400000|  0%| F|  |TAMS 0x000000008d300000, 0x000000008d300000| Untracked 
|  62|0x000000008d400000, 0x000000008d400000, 0x000000008d500000|  0%| F|  |TAMS 0x000000008d400000, 0x000000008d400000| Untracked 
|  63|0x000000008d500000, 0x000000008d500000, 0x000000008d600000|  0%| F|  |TAMS 0x000000008d500000, 0x000000008d500000| Untracked 
|  64|0x000000008d600000, 0x000000008d600000, 0x000000008d700000|  0%| F|  |TAMS 0x000000008d600000, 0x000000008d600000| Untracked 
|  65|0x000000008d700000, 0x000000008d700000, 0x000000008d800000|  0%| F|  |TAMS 0x000000008d700000, 0x000000008d700000| Untracked 
|  66|0x000000008d800000, 0x000000008d800000, 0x000000008d900000|  0%| F|  |TAMS 0x000000008d800000, 0x000000008d800000| Untracked 
|  67|0x000000008d900000, 0x000000008d900000, 0x000000008da00000|  0%| F|  |TAMS 0x000000008d900000, 0x000000008d900000| Untracked 
|  68|0x000000008da00000, 0x000000008da00000, 0x000000008db00000|  0%| F|  |TAMS 0x000000008da00000, 0x000000008da00000| Untracked 
|  69|0x000000008db00000, 0x000000008db00000, 0x000000008dc00000|  0%| F|  |TAMS 0x000000008db00000, 0x000000008db00000| Untracked 
|  70|0x000000008dc00000, 0x000000008dc00000, 0x000000008dd00000|  0%| F|  |TAMS 0x000000008dc00000, 0x000000008dc00000| Untracked 
|  71|0x000000008dd00000, 0x000000008dd00000, 0x000000008de00000|  0%| F|  |TAMS 0x000000008dd00000, 0x000000008dd00000| Untracked 
|  72|0x000000008de00000, 0x000000008de00000, 0x000000008df00000|  0%| F|  |TAMS 0x000000008de00000, 0x000000008de00000| Untracked 
|  73|0x000000008df00000, 0x000000008df00000, 0x000000008e000000|  0%| F|  |TAMS 0x000000008df00000, 0x000000008df00000| Untracked 
|  74|0x000000008e000000, 0x000000008e000000, 0x000000008e100000|  0%| F|  |TAMS 0x000000008e000000, 0x000000008e000000| Untracked 
|  75|0x000000008e100000, 0x000000008e100000, 0x000000008e200000|  0%| F|  |TAMS 0x000000008e100000, 0x000000008e100000| Untracked 
|  76|0x000000008e200000, 0x000000008e200000, 0x000000008e300000|  0%| F|  |TAMS 0x000000008e200000, 0x000000008e200000| Untracked 
|  77|0x000000008e300000, 0x000000008e300000, 0x000000008e400000|  0%| F|  |TAMS 0x000000008e300000, 0x000000008e300000| Untracked 
|  78|0x000000008e400000, 0x000000008e400000, 0x000000008e500000|  0%| F|  |TAMS 0x000000008e400000, 0x000000008e400000| Untracked 
|  79|0x000000008e500000, 0x000000008e500000, 0x000000008e600000|  0%| F|  |TAMS 0x000000008e500000, 0x000000008e500000| Untracked 
|  80|0x000000008e600000, 0x000000008e600000, 0x000000008e700000|  0%| F|  |TAMS 0x000000008e600000, 0x000000008e600000| Untracked 
|  81|0x000000008e700000, 0x000000008e700000, 0x000000008e800000|  0%| F|  |TAMS 0x000000008e700000, 0x000000008e700000| Untracked 
|  82|0x000000008e800000, 0x000000008e800000, 0x000000008e900000|  0%| F|  |TAMS 0x000000008e800000, 0x000000008e800000| Untracked 
|  83|0x000000008e900000, 0x000000008e900000, 0x000000008ea00000|  0%| F|  |TAMS 0x000000008e900000, 0x000000008e900000| Untracked 
|  84|0x000000008ea00000, 0x000000008ea00000, 0x000000008eb00000|  0%| F|  |TAMS 0x000000008ea00000, 0x000000008ea00000| Untracked 
|  85|0x000000008eb00000, 0x000000008eb80800, 0x000000008ec00000| 50%| E|  |TAMS 0x000000008eb00000, 0x000000008eb00000| Complete 
|  86|0x000000008ec00000, 0x000000008ed00000, 0x000000008ed00000|100%| E|CS|TAMS 0x000000008ec00000, 0x000000008ec00000| Complete 
|  87|0x000000008ed00000, 0x000000008ee00000, 0x000000008ee00000|100%| E|CS|TAMS 0x000000008ed00000, 0x000000008ed00000| Complete 
|  88|0x000000008ee00000, 0x000000008ef00000, 0x000000008ef00000|100%| E|CS|TAMS 0x000000008ee00000, 0x000000008ee00000| Complete 
|  89|0x000000008ef00000, 0x000000008f000000, 0x000000008f000000|100%| E|CS|TAMS 0x000000008ef00000, 0x000000008ef00000| Complete 
|  90|0x000000008f000000, 0x000000008f100000, 0x000000008f100000|100%| E|CS|TAMS 0x000000008f000000, 0x000000008f000000| Complete 
|  91|0x000000008f100000, 0x000000008f200000, 0x000000008f200000|100%| E|CS|TAMS 0x000000008f100000, 0x000000008f100000| Complete 
|  92|0x000000008f200000, 0x000000008f300000, 0x000000008f300000|100%| E|CS|TAMS 0x000000008f200000, 0x000000008f200000| Complete 
|  93|0x000000008f300000, 0x000000008f400000, 0x000000008f400000|100%| E|CS|TAMS 0x000000008f300000, 0x000000008f300000| Complete 
|  94|0x000000008f400000, 0x000000008f500000, 0x000000008f500000|100%| E|CS|TAMS 0x000000008f400000, 0x000000008f400000| Complete 
|  95|0x000000008f500000, 0x000000008f600000, 0x000000008f600000|100%| E|CS|TAMS 0x000000008f500000, 0x000000008f500000| Complete 
|  96|0x000000008f600000, 0x000000008f700000, 0x000000008f700000|100%| E|CS|TAMS 0x000000008f600000, 0x000000008f600000| Complete 
|  97|0x000000008f700000, 0x000000008f800000, 0x000000008f800000|100%| S|CS|TAMS 0x000000008f700000, 0x000000008f700000| Complete 
|  98|0x000000008f800000, 0x000000008f900000, 0x000000008f900000|100%| S|CS|TAMS 0x000000008f800000, 0x000000008f800000| Complete 
|  99|0x000000008f900000, 0x000000008fa00000, 0x000000008fa00000|100%| S|CS|TAMS 0x000000008f900000, 0x000000008f900000| Complete 
| 100|0x000000008fa00000, 0x000000008fb00000, 0x000000008fb00000|100%| E|CS|TAMS 0x000000008fa00000, 0x000000008fa00000| Complete 
| 101|0x000000008fb00000, 0x000000008fc00000, 0x000000008fc00000|100%| E|CS|TAMS 0x000000008fb00000, 0x000000008fb00000| Complete 
| 102|0x000000008fc00000, 0x000000008fd00000, 0x000000008fd00000|100%| E|CS|TAMS 0x000000008fc00000, 0x000000008fc00000| Complete 
| 103|0x000000008fd00000, 0x000000008fe00000, 0x000000008fe00000|100%| E|CS|TAMS 0x000000008fd00000, 0x000000008fd00000| Complete 
| 104|0x000000008fe00000, 0x000000008ff00000, 0x000000008ff00000|100%| E|CS|TAMS 0x000000008fe00000, 0x000000008fe00000| Complete 
| 105|0x000000008ff00000, 0x0000000090000000, 0x0000000090000000|100%| E|CS|TAMS 0x000000008ff00000, 0x000000008ff00000| Complete 
| 106|0x0000000090000000, 0x0000000090100000, 0x0000000090100000|100%| E|CS|TAMS 0x0000000090000000, 0x0000000090000000| Complete 
| 107|0x0000000090100000, 0x0000000090200000, 0x0000000090200000|100%| E|CS|TAMS 0x0000000090100000, 0x0000000090100000| Complete 
| 108|0x0000000090200000, 0x0000000090300000, 0x0000000090300000|100%| E|CS|TAMS 0x0000000090200000, 0x0000000090200000| Complete 
| 109|0x0000000090300000, 0x0000000090400000, 0x0000000090400000|100%| E|CS|TAMS 0x0000000090300000, 0x0000000090300000| Complete 
| 110|0x0000000090400000, 0x0000000090500000, 0x0000000090500000|100%| E|CS|TAMS 0x0000000090400000, 0x0000000090400000| Complete 
| 111|0x0000000090500000, 0x0000000090600000, 0x0000000090600000|100%| E|CS|TAMS 0x0000000090500000, 0x0000000090500000| Complete 
| 112|0x0000000090600000, 0x0000000090700000, 0x0000000090700000|100%| E|CS|TAMS 0x0000000090600000, 0x0000000090600000| Complete 
| 113|0x0000000090700000, 0x0000000090800000, 0x0000000090800000|100%| E|CS|TAMS 0x0000000090700000, 0x0000000090700000| Complete 
| 114|0x0000000090800000, 0x0000000090900000, 0x0000000090900000|100%| E|CS|TAMS 0x0000000090800000, 0x0000000090800000| Complete 
| 115|0x0000000090900000, 0x0000000090a00000, 0x0000000090a00000|100%| E|CS|TAMS 0x0000000090900000, 0x0000000090900000| Complete 
| 116|0x0000000090a00000, 0x0000000090b00000, 0x0000000090b00000|100%| E|CS|TAMS 0x0000000090a00000, 0x0000000090a00000| Complete 
| 117|0x0000000090b00000, 0x0000000090c00000, 0x0000000090c00000|100%| E|CS|TAMS 0x0000000090b00000, 0x0000000090b00000| Complete 
| 118|0x0000000090c00000, 0x0000000090d00000, 0x0000000090d00000|100%| E|CS|TAMS 0x0000000090c00000, 0x0000000090c00000| Complete 
| 119|0x0000000090d00000, 0x0000000090e00000, 0x0000000090e00000|100%| E|CS|TAMS 0x0000000090d00000, 0x0000000090d00000| Complete 

Card table byte_map: [0x0000011abb190000,0x0000011abb550000] _byte_map_base: 0x0000011abad45000

Marking Bits (Prev, Next): (CMBitMap*) 0x0000011aa4560eb0, (CMBitMap*) 0x0000011aa4560ef0
 Prev Bits: [0x0000011abb910000, 0x0000011abd6b8000)
 Next Bits: [0x0000011abd6c0000, 0x0000011abf468000)

Polling page: 0x0000011aa24e0000

Metaspace:

Usage:
  Non-class:      7.33 MB used.
      Class:      1.13 MB used.
       Both:      8.46 MB used.

Virtual space:
  Non-class space:       64.00 MB reserved,       7.38 MB ( 12%) committed,  1 nodes.
      Class space:        1.00 GB reserved,       1.19 MB ( <1%) committed,  1 nodes.
             Both:        1.06 GB reserved,       8.56 MB ( <1%) committed. 

Chunk freelists:
   Non-Class:  8.00 MB
       Class:  14.80 MB
        Both:  22.80 MB

MaxMetaspaceSize: unlimited
CompressedClassSpaceSize: 1.00 GB
Initial GC threshold: 21.00 MB
Current GC threshold: 21.00 MB
CDS: on
MetaspaceReclaimPolicy: balanced
 - commit_granule_bytes: 65536.
 - commit_granule_words: 8192.
 - virtual_space_node_default_size: 8388608.
 - enlarge_chunks_in_place: 1.
 - new_chunks_are_fully_committed: 0.
 - uncommit_free_chunks: 1.
 - use_allocation_guard: 0.
 - handle_deallocations: 1.


Internal statistics:

num_allocs_failed_limit: 0.
num_arena_births: 80.
num_arena_deaths: 0.
num_vsnodes_births: 2.
num_vsnodes_deaths: 0.
num_space_committed: 138.
num_space_uncommitted: 0.
num_chunks_returned_to_freelist: 0.
num_chunks_taken_from_freelist: 313.
num_chunk_merges: 0.
num_chunk_splits: 208.
num_chunks_enlarged: 173.
num_inconsistent_stats: 0.

CodeHeap 'non-profiled nmethods': size=120000Kb used=618Kb max_used=618Kb free=119382Kb
 bounds [0x0000011ab38a0000, 0x0000011ab3b10000, 0x0000011abadd0000]
CodeHeap 'profiled nmethods': size=120000Kb used=2831Kb max_used=2831Kb free=117168Kb
 bounds [0x0000011aabdd0000, 0x0000011aac0a0000, 0x0000011ab3300000]
CodeHeap 'non-nmethods': size=5760Kb used=1170Kb max_used=1188Kb free=4589Kb
 bounds [0x0000011ab3300000, 0x0000011ab3570000, 0x0000011ab38a0000]
 total_blobs=1937 nmethods=1471 adapters=379
 compilation: enabled
              stopped_count=0, restarted_count=0
 full_count=0

Compilation events (20 events):
Event: 7.852 Thread 0x0000011ac19073a0 nmethod 1453 0x0000011aac08b410 code [0x0000011aac08b5c0, 0x0000011aac08b7d8]
Event: 7.852 Thread 0x0000011ac19073a0 1454       3       java.util.regex.Matcher::getTextLength (10 bytes)
Event: 7.853 Thread 0x0000011ac19073a0 nmethod 1454 0x0000011aac08b910 code [0x0000011aac08bac0, 0x0000011aac08bc88]
Event: 7.854 Thread 0x0000011ac19073a0 1456       3       java.util.regex.Pattern$$Lambda$19/0x800000025::is (9 bytes)
Event: 7.854 Thread 0x0000011ac1905ae0 nmethod 1452 0x0000011ab393a190 code [0x0000011ab393a320, 0x0000011ab393a418]
Event: 7.854 Thread 0x0000011ac1905ae0 1455       4       java.lang.StringLatin1::indexOf (121 bytes)
Event: 7.855 Thread 0x0000011ac19073a0 nmethod 1456 0x0000011aac08bd90 code [0x0000011aac08bf20, 0x0000011aac08c0f8]
Event: 7.855 Thread 0x0000011ac19073a0 1457       3       java.util.regex.Pattern::lambda$Single$7 (11 bytes)
Event: 7.855 Thread 0x0000011ac19073a0 nmethod 1457 0x0000011aac08c190 code [0x0000011aac08c320, 0x0000011aac08c478]
Event: 7.855 Thread 0x0000011ac19073a0 1458       3       java.nio.Buffer::remaining (20 bytes)
Event: 7.855 Thread 0x0000011ac19073a0 nmethod 1458 0x0000011aac08c510 code [0x0000011aac08c6a0, 0x0000011aac08c838]
Event: 7.855 Thread 0x0000011ac19073a0 1459       3       java.nio.CharBuffer::length (5 bytes)
Event: 7.856 Thread 0x0000011ac19073a0 nmethod 1459 0x0000011aac08c910 code [0x0000011aac08cac0, 0x0000011aac08ccb8]
Event: 7.856 Thread 0x0000011ac19073a0 1461       3       java.util.regex.Pattern$Branch::match (66 bytes)
Event: 7.857 Thread 0x0000011ac19073a0 nmethod 1461 0x0000011aac08cd90 code [0x0000011aac08cf60, 0x0000011aac08d438]
Event: 7.857 Thread 0x0000011ac19073a0 1462       1       java.nio.Buffer::capacity (5 bytes)
Event: 7.857 Thread 0x0000011ac19073a0 nmethod 1462 0x0000011ab393a510 code [0x0000011ab393a6a0, 0x0000011ab393a778]
Event: 8.833 Thread 0x0000011ac19073a0 1463       3       java.util.concurrent.locks.ReentrantLock$Sync::tryRelease (51 bytes)
Event: 8.834 Thread 0x0000011ac19073a0 nmethod 1463 0x0000011aac08d610 code [0x0000011aac08d7c0, 0x0000011aac08db08]
Event: 9.156 Thread 0x0000011ac19073a0 1465       3       java.lang.invoke.MethodHandles$Lookup::in (283 bytes)

GC Heap History (4 events):
Event: 0.750 GC heap before
{Heap before GC invocations=0 (full 0):
 garbage-first heap   total 122880K, used 12288K [0x0000000089600000, 0x0000000100000000)
  region size 1024K, 13 young (13312K), 0 survivors (0K)
 Metaspace       used 1781K, committed 1856K, reserved 1114112K
  class space    used 163K, committed 192K, reserved 1048576K
}
Event: 0.759 GC heap after
{Heap after GC invocations=1 (full 0):
 garbage-first heap   total 122880K, used 1472K [0x0000000089600000, 0x0000000100000000)
  region size 1024K, 2 young (2048K), 2 survivors (2048K)
 Metaspace       used 1781K, committed 1856K, reserved 1114112K
  class space    used 163K, committed 192K, reserved 1048576K
}
Event: 1.570 GC heap before
{Heap before GC invocations=1 (full 0):
 garbage-first heap   total 122880K, used 22976K [0x0000000089600000, 0x0000000100000000)
  region size 1024K, 20 young (20480K), 2 survivors (2048K)
 Metaspace       used 2188K, committed 2304K, reserved 1114112K
  class space    used 194K, committed 256K, reserved 1048576K
}
Event: 1.578 GC heap after
{Heap after GC invocations=2 (full 0):
 garbage-first heap   total 122880K, used 9308K [0x0000000089600000, 0x0000000100000000)
  region size 1024K, 3 young (3072K), 3 survivors (3072K)
 Metaspace       used 2188K, committed 2304K, reserved 1114112K
  class space    used 194K, committed 256K, reserved 1048576K
}

Deoptimization events (20 events):
Event: 3.990 Thread 0x0000011b07653c00 Uncommon trap: trap_request=0xffffff45 fr.pc=0x0000011ab38e96e8 relative=0x0000000000000528
Event: 3.990 Thread 0x0000011b07653c00 Uncommon trap: reason=unstable_if action=reinterpret pc=0x0000011ab38e96e8 method=java.lang.AbstractStringBuilder.putStringAt(ILjava/lang/String;II)V @ 8 c2
Event: 3.990 Thread 0x0000011b07653c00 DEOPT PACKING pc=0x0000011ab38e96e8 sp=0x000000061b1fed40
Event: 3.990 Thread 0x0000011b07653c00 DEOPT UNPACKING pc=0x0000011ab33523a3 sp=0x000000061b1febc8 mode 2
Event: 3.990 Thread 0x0000011b07653c00 Uncommon trap: trap_request=0xffffff45 fr.pc=0x0000011ab38ea950 relative=0x0000000000000510
Event: 3.990 Thread 0x0000011b07653c00 Uncommon trap: reason=unstable_if action=reinterpret pc=0x0000011ab38ea950 method=java.lang.AbstractStringBuilder.putStringAt(ILjava/lang/String;II)V @ 8 c2
Event: 3.990 Thread 0x0000011b07653c00 DEOPT PACKING pc=0x0000011ab38ea950 sp=0x000000061b1fecd0
Event: 3.990 Thread 0x0000011b07653c00 DEOPT UNPACKING pc=0x0000011ab33523a3 sp=0x000000061b1febc0 mode 2
Event: 3.990 Thread 0x0000011b07653c00 Uncommon trap: trap_request=0xffffff45 fr.pc=0x0000011ab38b29dc relative=0x000000000000005c
Event: 3.990 Thread 0x0000011b07653c00 Uncommon trap: reason=unstable_if action=reinterpret pc=0x0000011ab38b29dc method=java.lang.AbstractStringBuilder.isLatin1()Z @ 10 c2
Event: 3.990 Thread 0x0000011b07653c00 DEOPT PACKING pc=0x0000011ab38b29dc sp=0x000000061b1feb60
Event: 3.990 Thread 0x0000011b07653c00 DEOPT UNPACKING pc=0x0000011ab33523a3 sp=0x000000061b1feaf0 mode 2
Event: 3.990 Thread 0x0000011b07653c00 Uncommon trap: trap_request=0xffffff45 fr.pc=0x0000011ab3925ea0 relative=0x0000000000000400
Event: 3.990 Thread 0x0000011b07653c00 Uncommon trap: reason=unstable_if action=reinterpret pc=0x0000011ab3925ea0 method=java.lang.AbstractStringBuilder.isLatin1()Z @ 10 c2
Event: 3.990 Thread 0x0000011b07653c00 DEOPT PACKING pc=0x0000011ab3925ea0 sp=0x000000061b1fed50
Event: 3.990 Thread 0x0000011b07653c00 DEOPT UNPACKING pc=0x0000011ab33523a3 sp=0x000000061b1fecd0 mode 2
Event: 7.296 Thread 0x0000011b07653c00 Uncommon trap: trap_request=0xffffff45 fr.pc=0x0000011ab38d0104 relative=0x0000000000000084
Event: 7.296 Thread 0x0000011b07653c00 Uncommon trap: reason=unstable_if action=reinterpret pc=0x0000011ab38d0104 method=java.lang.String.codePointAt(I)I @ 4 c2
Event: 7.296 Thread 0x0000011b07653c00 DEOPT PACKING pc=0x0000011ab38d0104 sp=0x000000061b1fece0
Event: 7.296 Thread 0x0000011b07653c00 DEOPT UNPACKING pc=0x0000011ab33523a3 sp=0x000000061b1fec78 mode 2

Classes unloaded (0 events):
No events

Classes redefined (0 events):
No events

Internal exceptions (20 events):
Event: 1.752 Thread 0x0000011aa4507b60 Exception <a 'java/lang/NoSuchMethodError'{0x0000000090aeb168}: 'int java.lang.invoke.DirectMethodHandle$Holder.invokeStatic(java.lang.Object, java.lang.Object, int)'> (0x0000000090aeb168) 
thrown [s\open\src\hotspot\share\interpreter\linkResolver.cpp, line 759]
Event: 1.950 Thread 0x0000011aa4507b60 Exception <a 'java/lang/NoSuchMethodError'{0x000000009056bca8}: 'java.lang.Object java.lang.invoke.DirectMethodHandle$Holder.invokeStaticInit(java.lang.Object)'> (0x000000009056bca8) 
thrown [s\open\src\hotspot\share\interpreter\linkResolver.cpp, line 759]
Event: 1.969 Thread 0x0000011aa4507b60 Exception <a 'java/lang/NoSuchMethodError'{0x0000000090586bd0}: 'int java.lang.invoke.DirectMethodHandle$Holder.invokeSpecial(java.lang.Object, java.lang.Object, java.lang.Object)'> (0x0000000090586bd0) 
thrown [s\open\src\hotspot\share\interpreter\linkResolver.cpp, line 759]
Event: 1.989 Thread 0x0000011aa4507b60 Exception <a 'java/lang/NoSuchMethodError'{0x00000000905c4fd0}: 'void java.lang.invoke.DirectMethodHandle$Holder.invokeStatic(java.lang.Object, java.lang.Object)'> (0x00000000905c4fd0) 
thrown [s\open\src\hotspot\share\interpreter\linkResolver.cpp, line 759]
Event: 1.992 Thread 0x0000011aa4507b60 Implicit null exception at 0x0000011ab38df90f to 0x0000011ab38dfe70
Event: 2.067 Thread 0x0000011aa4507b60 Exception <a 'java/lang/NoSuchMethodError'{0x0000000090381df0}: 'java.lang.Object java.lang.invoke.Invokers$Holder.invoker(java.lang.Object, java.lang.Object, java.lang.Object)'> (0x0000000090381df0) 
thrown [s\open\src\hotspot\share\interpreter\linkResolver.cpp, line 759]
Event: 2.069 Thread 0x0000011aa4507b60 Exception <a 'java/lang/NoSuchMethodError'{0x000000009038af48}: 'java.lang.Object java.lang.invoke.DirectMethodHandle$Holder.invokeStatic(java.lang.Object, java.lang.Object, int)'> (0x000000009038af48) 
thrown [s\open\src\hotspot\share\interpreter\linkResolver.cpp, line 759]
Event: 2.072 Thread 0x0000011aa4507b60 Exception <a 'java/lang/NoSuchMethodError'{0x0000000090396c38}: 'void java.lang.invoke.DelegatingMethodHandle$Holder.delegate(java.lang.Object, java.lang.Object, int, java.lang.Object)'> (0x0000000090396c38) 
thrown [s\open\src\hotspot\share\interpreter\linkResolver.cpp, line 759]
Event: 2.076 Thread 0x0000011aa4507b60 Exception <a 'java/lang/NoSuchMethodError'{0x00000000903aa280}: 'java.lang.Object java.lang.invoke.Invokers$Holder.invokeExact_MT(java.lang.Object, java.lang.Object, java.lang.Object, java.lang.Object)'> (0x00000000903aa280) 
thrown [s\open\src\hotspot\share\interpreter\linkResolver.cpp, line 759]
Event: 2.087 Thread 0x0000011aa4507b60 Exception <a 'java/lang/NoSuchMethodError'{0x00000000903d93a0}: 'java.lang.Object java.lang.invoke.DirectMethodHandle$Holder.invokeVirtual(java.lang.Object, java.lang.Object, java.lang.Object)'> (0x00000000903d93a0) 
thrown [s\open\src\hotspot\share\interpreter\linkResolver.cpp, line 759]
Event: 2.232 Thread 0x0000011aa4507b60 Exception <a 'java/lang/NoSuchMethodError'{0x000000008ff18ad8}: 'java.lang.Object java.lang.invoke.DirectMethodHandle$Holder.newInvokeSpecial(java.lang.Object, java.lang.Object, java.lang.Object, java.lang.Object, java.lang.Object)'> (0x000000008ff18ad8) 
thrown [s\open\src\hotspot\share\interpreter\linkResolver.cpp, line 759]
Event: 2.273 Thread 0x0000011aa4507b60 Exception <a 'java/lang/NoSuchMethodError'{0x000000008fe50120}: 'void java.lang.invoke.DirectMethodHandle$Holder.invokeSpecial(java.lang.Object, java.lang.Object, java.lang.Object)'> (0x000000008fe50120) 
thrown [s\open\src\hotspot\share\interpreter\linkResolver.cpp, line 759]
Event: 2.655 Thread 0x0000011aa4507b60 Exception <a 'java/lang/NoSuchMethodError'{0x000000008fc778b0}: 'void java.lang.invoke.DirectMethodHandle$Holder.invokeStatic(java.lang.Object, java.lang.Object, java.lang.Object)'> (0x000000008fc778b0) 
thrown [s\open\src\hotspot\share\interpreter\linkResolver.cpp, line 759]
Event: 2.893 Thread 0x0000011aa4507b60 Exception <a 'java/lang/NoSuchMethodError'{0x000000008f473878}: 'java.lang.Object java.lang.invoke.DirectMethodHandle$Holder.invokeStaticInit(java.lang.Object, int, int, int, int)'> (0x000000008f473878) 
thrown [s\open\src\hotspot\share\interpreter\linkResolver.cpp, line 759]
Event: 3.335 Thread 0x0000011aa4507b60 Exception <a 'java/lang/NoSuchMethodError'{0x000000008f4c8ba8}: 'java.lang.Object java.lang.invoke.DirectMethodHandle$Holder.invokeStaticInit(java.lang.Object, java.lang.Object, int, int, int, int)'> (0x000000008f4c8ba8) 
thrown [s\open\src\hotspot\share\interpreter\linkResolver.cpp, line 759]
Event: 3.882 Thread 0x0000011b07653c00 Exception <a 'java/lang/NoSuchMethodError'{0x000000008ec0da40}: 'void java.lang.invoke.DirectMethodHandle$Holder.invokeStatic(java.lang.Object, long)'> (0x000000008ec0da40) 
thrown [s\open\src\hotspot\share\interpreter\linkResolver.cpp, line 759]
Event: 3.883 Thread 0x0000011b07653c00 Exception <a 'java/lang/NoSuchMethodError'{0x000000008ec13398}: 'java.lang.Object java.lang.invoke.DirectMethodHandle$Holder.newInvokeSpecial(java.lang.Object, long)'> (0x000000008ec13398) 
thrown [s\open\src\hotspot\share\interpreter\linkResolver.cpp, line 759]
Event: 3.886 Thread 0x0000011b07653c00 Exception <a 'java/lang/NoSuchMethodError'{0x000000008ec1df40}: 'java.lang.Object java.lang.invoke.DirectMethodHandle$Holder.invokeStaticInit(java.lang.Object, java.lang.Object, long, java.lang.Object)'> (0x000000008ec1df40) 
thrown [s\open\src\hotspot\share\interpreter\linkResolver.cpp, line 759]
Event: 3.887 Thread 0x0000011b07653c00 Exception <a 'java/lang/NoSuchMethodError'{0x000000008ec245c8}: 'java.lang.Object java.lang.invoke.DirectMethodHandle$Holder.newInvokeSpecial(java.lang.Object, java.lang.Object, long)'> (0x000000008ec245c8) 
thrown [s\open\src\hotspot\share\interpreter\linkResolver.cpp, line 759]
Event: 3.888 Thread 0x0000011b07653c00 Exception <a 'java/lang/NoSuchMethodError'{0x000000008ec288b8}: 'java.lang.Object java.lang.invoke.Invokers$Holder.linkToTargetMethod(java.lang.Object, long, java.lang.Object)'> (0x000000008ec288b8) 
thrown [s\open\src\hotspot\share\interpreter\linkResolver.cpp, line 759]

VM Operations (20 events):
Event: 1.915 Executing VM operation: HandshakeAllThreads
Event: 1.915 Executing VM operation: HandshakeAllThreads done
Event: 1.988 Executing VM operation: HandshakeAllThreads
Event: 1.988 Executing VM operation: HandshakeAllThreads done
Event: 2.069 Executing VM operation: HandshakeAllThreads
Event: 2.069 Executing VM operation: HandshakeAllThreads done
Event: 2.410 Executing VM operation: HandshakeAllThreads
Event: 2.410 Executing VM operation: HandshakeAllThreads done
Event: 3.319 Executing VM operation: HandshakeAllThreads
Event: 3.319 Executing VM operation: HandshakeAllThreads done
Event: 3.319 Executing VM operation: Cleanup
Event: 3.319 Executing VM operation: Cleanup done
Event: 3.925 Executing VM operation: HandshakeAllThreads
Event: 3.988 Executing VM operation: HandshakeAllThreads done
Event: 4.998 Executing VM operation: Cleanup
Event: 4.998 Executing VM operation: Cleanup done
Event: 8.017 Executing VM operation: Cleanup
Event: 8.017 Executing VM operation: Cleanup done
Event: 9.022 Executing VM operation: Cleanup
Event: 9.022 Executing VM operation: Cleanup done

Events (20 events):
Event: 3.889 loading class jdk/internal/event/ProcessStartEvent done
Event: 3.890 Thread 0x0000011b07c8f0a0 Thread added: 0x0000011b07c8f0a0
Event: 3.891 loading class java/util/concurrent/locks/AbstractQueuedSynchronizer$ExclusiveNode
Event: 3.892 loading class java/util/concurrent/locks/AbstractQueuedSynchronizer$ExclusiveNode done
Event: 3.892 Thread 0x0000011b077677e0 Thread added: 0x0000011b077677e0
Event: 3.892 loading class java/util/Scanner
Event: 3.893 loading class java/util/Scanner done
Event: 3.896 loading class java/util/Scanner$PatternLRUCache
Event: 3.896 loading class java/util/Scanner$PatternLRUCache done
Event: 3.907 loading class jdk/internal/module/ModulePatcher$PatchedModuleReader
Event: 3.910 loading class jdk/internal/module/ModulePatcher$PatchedModuleReader done
Event: 3.914 loading class sun/net/www/protocol/jrt/Handler
Event: 3.914 loading class sun/net/www/protocol/jrt/Handler done
Event: 3.921 loading class sun/text/resources/cldr/FormatData_en
Event: 3.922 loading class sun/text/resources/cldr/FormatData_en done
Event: 3.922 loading class sun/text/resources/cldr/FormatData_en_US
Event: 3.922 loading class sun/text/resources/cldr/FormatData_en_US done
Event: 3.965 Thread 0x0000011b07c8f0a0 Thread exited: 0x0000011b07c8f0a0
Event: 7.296 loading class java/util/regex/Matcher$ImmutableMatchResult
Event: 7.311 loading class java/util/regex/Matcher$ImmutableMatchResult done


Dynamic libraries:
0x00007ff76dfa0000 - 0x00007ff76dfb0000 	C:\Program Files\Java\jdk-17\bin\java.exe
0x00007ffdbed30000 - 0x00007ffdbef28000 	C:\WINDOWS\SYSTEM32\ntdll.dll
0x00007ffdbdc50000 - 0x00007ffdbdd12000 	C:\WINDOWS\System32\KERNEL32.DLL
0x00007ffdbc6d0000 - 0x00007ffdbc9c6000 	C:\WINDOWS\System32\KERNELBASE.dll
0x00007ffdbcb20000 - 0x00007ffdbcc20000 	C:\WINDOWS\System32\ucrtbase.dll
0x00007ffd98450000 - 0x00007ffd98469000 	C:\Program Files\Java\jdk-17\bin\jli.dll
0x00007ffd91c60000 - 0x00007ffd91c7b000 	C:\Program Files\Java\jdk-17\bin\VCRUNTIME140.dll
0x00007ffdbdb90000 - 0x00007ffdbdc41000 	C:\WINDOWS\System32\ADVAPI32.dll
0x00007ffdbeab0000 - 0x00007ffdbeb4e000 	C:\WINDOWS\System32\msvcrt.dll
0x00007ffdbd390000 - 0x00007ffdbd42f000 	C:\WINDOWS\System32\sechost.dll
0x00007ffdbd510000 - 0x00007ffdbd630000 	C:\WINDOWS\System32\RPCRT4.dll
0x00007ffdbcaf0000 - 0x00007ffdbcb17000 	C:\WINDOWS\System32\bcrypt.dll
0x00007ffdbcde0000 - 0x00007ffdbcf81000 	C:\WINDOWS\System32\USER32.dll
0x00007ffdbc5b0000 - 0x00007ffdbc5d2000 	C:\WINDOWS\System32\win32u.dll
0x00007ffda0db0000 - 0x00007ffda104b000 	C:\WINDOWS\WinSxS\amd64_microsoft.windows.common-controls_6595b64144ccf1df_6.0.19041.6456_none_60b8a6cb71f64256\COMCTL32.dll
0x00007ffdbcf90000 - 0x00007ffdbcfbb000 	C:\WINDOWS\System32\GDI32.dll
0x00007ffdbc9d0000 - 0x00007ffdbcae9000 	C:\WINDOWS\System32\gdi32full.dll
0x00007ffdbc630000 - 0x00007ffdbc6cd000 	C:\WINDOWS\System32\msvcp_win.dll
0x00007ffdaf130000 - 0x00007ffdaf13a000 	C:\WINDOWS\SYSTEM32\VERSION.dll
0x00007ffdbdb60000 - 0x00007ffdbdb8f000 	C:\WINDOWS\System32\IMM32.DLL
0x00007ffdb3fc0000 - 0x00007ffdb3fcc000 	C:\Program Files\Java\jdk-17\bin\vcruntime140_1.dll
0x00007ffd870d0000 - 0x00007ffd8715e000 	C:\Program Files\Java\jdk-17\bin\msvcp140.dll
0x00007ffd56d20000 - 0x00007ffd57900000 	C:\Program Files\Java\jdk-17\bin\server\jvm.dll
0x00007ffdbeaa0000 - 0x00007ffdbeaa8000 	C:\WINDOWS\System32\PSAPI.DLL
0x00007ffda0c60000 - 0x00007ffda0c87000 	C:\WINDOWS\SYSTEM32\WINMM.dll
0x00007ffdb50c0000 - 0x00007ffdb50c9000 	C:\WINDOWS\SYSTEM32\WSOCK32.dll
0x00007ffdbec80000 - 0x00007ffdbeceb000 	C:\WINDOWS\System32\WS2_32.dll
0x00007ffdbabd0000 - 0x00007ffdbabe2000 	C:\WINDOWS\SYSTEM32\kernel.appcore.dll
0x00007ffdb2a20000 - 0x00007ffdb2a2a000 	C:\Program Files\Java\jdk-17\bin\jimage.dll
0x00007ffdb9200000 - 0x00007ffdb9401000 	C:\WINDOWS\SYSTEM32\DBGHELP.DLL
0x00007ffd9af30000 - 0x00007ffd9af64000 	C:\WINDOWS\SYSTEM32\dbgcore.DLL
0x00007ffdbc3c0000 - 0x00007ffdbc442000 	C:\WINDOWS\System32\bcryptPrimitives.dll
0x00007ffd8b270000 - 0x00007ffd8b295000 	C:\Program Files\Java\jdk-17\bin\java.dll
0x00007ffd84610000 - 0x00007ffd846e7000 	C:\Program Files\Java\jdk-17\bin\jsvml.dll
0x00007ffdbe210000 - 0x00007ffdbe980000 	C:\WINDOWS\System32\SHELL32.dll
0x00007ffdba410000 - 0x00007ffdbabb5000 	C:\WINDOWS\SYSTEM32\windows.storage.dll
0x00007ffdbde50000 - 0x00007ffdbe1a4000 	C:\WINDOWS\System32\combase.dll
0x00007ffdbbd10000 - 0x00007ffdbbd3b000 	C:\WINDOWS\SYSTEM32\Wldp.dll
0x00007ffdbebb0000 - 0x00007ffdbec7d000 	C:\WINDOWS\System32\OLEAUT32.dll
0x00007ffdbcfc0000 - 0x00007ffdbd06d000 	C:\WINDOWS\System32\SHCORE.dll
0x00007ffdbd110000 - 0x00007ffdbd16b000 	C:\WINDOWS\System32\shlwapi.dll
0x00007ffdbc2f0000 - 0x00007ffdbc314000 	C:\WINDOWS\SYSTEM32\profapi.dll
0x00007ffd91b60000 - 0x00007ffd91b79000 	C:\Program Files\Java\jdk-17\bin\net.dll
0x00007ffdafc40000 - 0x00007ffdafd4a000 	C:\WINDOWS\SYSTEM32\WINHTTP.dll
0x00007ffdbba70000 - 0x00007ffdbbada000 	C:\WINDOWS\system32\mswsock.dll
0x00007ffd8d120000 - 0x00007ffd8d136000 	C:\Program Files\Java\jdk-17\bin\nio.dll
0x00007ffd8c160000 - 0x00007ffd8c178000 	C:\Program Files\Java\jdk-17\bin\zip.dll
0x00007ffdb2950000 - 0x00007ffdb2960000 	C:\Program Files\Java\jdk-17\bin\verify.dll
0x00007ffdb9e10000 - 0x00007ffdb9e1a000 	C:\Program Files\Java\jdk-17\bin\management.dll
0x00007ffdb2ee0000 - 0x00007ffdb2eeb000 	C:\Program Files\Java\jdk-17\bin\management_ext.dll
0x00007ffd8acb0000 - 0x00007ffd8acd7000 	C:\Users\Go Logistic\.gradle\native\1def1411415f61bf3af743bc5b6707747c0891f09f0c88961ee8f79bc544acac\windows-amd64\native-platform.dll
0x00007ffdbb750000 - 0x00007ffdbb78b000 	C:\WINDOWS\SYSTEM32\IPHLPAPI.DLL
0x00007ffdbd380000 - 0x00007ffdbd388000 	C:\WINDOWS\System32\NSI.dll
0x00007ffdb03e0000 - 0x00007ffdb03f7000 	C:\WINDOWS\SYSTEM32\dhcpcsvc6.DLL
0x00007ffdb1330000 - 0x00007ffdb134d000 	C:\WINDOWS\SYSTEM32\dhcpcsvc.DLL
0x00007ffdbb790000 - 0x00007ffdbb85a000 	C:\WINDOWS\SYSTEM32\DNSAPI.dll
0x00007ffdbbc60000 - 0x00007ffdbbc78000 	C:\WINDOWS\SYSTEM32\CRYPTSP.dll
0x00007ffdbb390000 - 0x00007ffdbb3c8000 	C:\WINDOWS\system32\rsaenh.dll
0x00007ffdbc220000 - 0x00007ffdbc24e000 	C:\WINDOWS\SYSTEM32\USERENV.dll
0x00007ffdbbc80000 - 0x00007ffdbbc8c000 	C:\WINDOWS\SYSTEM32\CRYPTBASE.dll

dbghelp: loaded successfully - version: 4.0.5 - missing functions: none
symbol engine: initialized successfully - sym options: 0x614 - pdb path: .;C:\Program Files\Java\jdk-17\bin;C:\WINDOWS\SYSTEM32;C:\WINDOWS\WinSxS\amd64_microsoft.windows.common-controls_6595b64144ccf1df_6.0.19041.6456_none_60b8a6cb71f64256;C:\Program Files\Java\jdk-17\bin\server;C:\Users\Go Logistic\.gradle\native\1def1411415f61bf3af743bc5b6707747c0891f09f0c88961ee8f79bc544acac\windows-amd64

VM Arguments:
jvm_args: -Dorg.gradle.appname=gradlew 
java_command: org.gradle.wrapper.GradleWrapperMain -q -Ptarget-platform=android-arm -Ptarget=C:\Users\Go Logistic\Desktop\gigzrun\lib\main.dart -Pbase-application-name=android.app.Application -Pdart-defines=RkxVVFRFUl9WRVJTSU9OPTMuNDQuMQ==,RkxVVFRFUl9DSEFOTkVMPXN0YWJsZQ==,RkxVVFRFUl9HSVRfVVJMPWh0dHBzOi8vZ2l0aHViLmNvbS9mbHV0dGVyL2ZsdXR0ZXIuZ2l0,RkxVVFRFUl9GUkFNRVdPUktfUkVWSVNJT049OTI0MTM0YTQ0Yw==,RkxVVFRFUl9FTkdJTkVfUkVWSVNJT049YzQxNmFjZmViOA==,RkxVVFRFUl9EQVJUX1ZFUlNJT049My4xMi4x -Pdart-obfuscation=false -Ptrack-widget-creation=true -Ptree-shake-icons=false -Pfilesystem-scheme=org-dartlang-root assembleDebug
java_class_path (initial): C:\Users\Go Logistic\Desktop\gigzrun\android\\gradle\wrapper\gradle-wrapper.jar
Launcher Type: SUN_STANDARD

[Global flags]
     intx CICompilerCount                          = 3                                         {product} {ergonomic}
     uint ConcGCThreads                            = 1                                         {product} {ergonomic}
     uint G1ConcRefinementThreads                  = 4                                         {product} {ergonomic}
   size_t G1HeapRegionSize                         = 1048576                                   {product} {ergonomic}
    uintx GCDrainStackTargetSize                   = 64                                        {product} {ergonomic}
   size_t InitialHeapSize                          = 125829120                                 {product} {ergonomic}
   size_t MarkStackSize                            = 4194304                                   {product} {ergonomic}
   size_t MaxHeapSize                              = 1990197248                                {product} {ergonomic}
   size_t MaxNewSize                               = 1193279488                                {product} {ergonomic}
   size_t MinHeapDeltaBytes                        = 1048576                                   {product} {ergonomic}
   size_t MinHeapSize                              = 8388608                                   {product} {ergonomic}
    uintx NonNMethodCodeHeapSize                   = 5832780                                {pd product} {ergonomic}
    uintx NonProfiledCodeHeapSize                  = 122912730                              {pd product} {ergonomic}
    uintx ProfiledCodeHeapSize                     = 122912730                              {pd product} {ergonomic}
    uintx ReservedCodeCacheSize                    = 251658240                              {pd product} {ergonomic}
     bool SegmentedCodeCache                       = true                                      {product} {ergonomic}
   size_t SoftMaxHeapSize                          = 1990197248                             {manageable} {ergonomic}
     bool UseCompressedClassPointers               = true                           {product lp64_product} {ergonomic}
     bool UseCompressedOops                        = true                           {product lp64_product} {ergonomic}
     bool UseG1GC                                  = true                                      {product} {ergonomic}
     bool UseLargePagesIndividualAllocation        = false                                  {pd product} {ergonomic}

Logging:
Log output configuration:
 #0: stdout all=warning uptime,level,tags
 #1: stderr all=off uptime,level,tags

Environment Variables:
JAVA_HOME=C:\Program Files\Java\jdk-17
CLASSPATH=C:\Users\Go Logistic\Desktop\gigzrun\android\\gradle\wrapper\gradle-wrapper.jar
PATH=C:\Program Files\Java\jdk-17\bin;C:\Program Files\Common Files\Oracle\Java\javapath;C:\WINDOWS\system32;C:\WINDOWS;C:\WINDOWS\System32\Wbem;C:\WINDOWS\System32\WindowsPowerShell\v1.0\;C:\WINDOWS\System32\OpenSSH\;C:\Program Files (x86)\Intel\Intel(R) Management Engine Components\DAL;C:\Program Files\Intel\Intel(R) Management Engine Components\DAL;C:\Program Files\nodejs\;C:\Program Files\Git\cmd;C:\flutter\bin;C:\Program Files\Java\jdk-17\bin;C:\Android\cmdline-tools\latest\bin;C:\Android\platform-tools;C:\Users\Go Logistic\AppData\Local\Microsoft\WindowsApps;C:\Users\Go Logistic\AppData\Local\Programs\Antigravity IDE\bin;C:\Users\Go Logistic\AppData\Roaming\npm;C:\Users\Go Logistic\AppData\Local\Programs\Devin Next\bin;C:\Users\Go Logistic\AppData\Local\Programs\Kiro\bin;C:\flutter\bin\mingit\cmd;C:\flutter\bin\mingit\cmd
USERNAME=Go Logistic
OS=Windows_NT
PROCESSOR_IDENTIFIER=Intel64 Family 6 Model 78 Stepping 3, GenuineIntel



---------------  S Y S T E M  ---------------

OS:
 Windows 10 , 64 bit Build 19041 (10.0.19041.5915)
OS uptime: 13 days 2:13 hours

CPU: total 4 (initial active 4) (2 cores per cpu, 2 threads per core) family 6 model 78 stepping 3 microcode 0xf0, cx8, cmov, fxsr, ht, mmx, 3dnowpref, sse, sse2, sse3, ssse3, sse4.1, sse4.2, popcnt, lzcnt, tsc, tscinvbit, avx, avx2, aes, erms, clmul, bmi1, bmi2, rtm, adx, fma, vzeroupper, clflush, clflushopt

Memory: 4k page, system-wide physical 7590M (443M free)
TotalPageFile size 22841M (AvailPageFile size 199M)
current process WorkingSet (physical memory assigned to process): 96M, peak: 100M
current process commit charge ("private bytes"): 216M, peak: 218M

vm_info: Java HotSpot(TM) 64-Bit Server VM (17.0.12+8-LTS-286) for windows-amd64 JRE (17.0.12+8-LTS-286), built on Jun  5 2024 06:46:59 by "mach5one" with MS VC++ 17.6 (VS2022)

END.
