#
# There is insufficient memory for the Java Runtime Environment to continue.
# Native memory allocation (mmap) failed to map 50331648 bytes for G1 virtual space
# Possible reasons:
#   The system is out of physical RAM or swap space
#   The process is running with CompressedOops enabled, and the Java Heap may be blocking the growth of the native heap
# Possible solutions:
#   Reduce memory load on the system
#   Increase physical memory or swap space
#   Check if swap backing store is full
#   Decrease Java heap size (-Xmx/-Xms)
#   Decrease number of Java threads
#   Decrease Java thread stack sizes (-Xss)
#   Set larger code cache with -XX:ReservedCodeCacheSize=
#   JVM is running with Zero Based Compressed Oops mode in which the Java heap is
#     placed in the first 32GB address space. The Java Heap base address is the
#     maximum limit for the native heap growth. Please use -XX:HeapBaseMinAddress
#     to set the Java Heap base and to place the Java Heap above 32GB virtual address.
# This output file may be truncated or incomplete.
#
#  Out of Memory Error (os_windows.cpp:3548), pid=17788, tid=24908
#
# JRE version: Java(TM) SE Runtime Environment (17.0.12+8) (build 17.0.12+8-LTS-286)
# Java VM: Java HotSpot(TM) 64-Bit Server VM (17.0.12+8-LTS-286, mixed mode, sharing, tiered, compressed oops, compressed class ptrs, g1 gc, windows-amd64)
# No core dump will be written. Minidumps are not enabled by default on client versions of Windows
#

---------------  S U M M A R Y ------------

Command Line: --add-opens=java.base/java.lang=ALL-UNNAMED --add-opens=java.base/java.lang.invoke=ALL-UNNAMED --add-opens=java.base/java.util=ALL-UNNAMED --add-opens=java.prefs/java.util.prefs=ALL-UNNAMED --add-exports=jdk.compiler/com.sun.tools.javac.api=ALL-UNNAMED --add-exports=jdk.compiler/com.sun.tools.javac.util=ALL-UNNAMED --add-opens=java.base/java.util=ALL-UNNAMED --add-opens=java.prefs/java.util.prefs=ALL-UNNAMED --add-opens=java.base/java.nio.charset=ALL-UNNAMED --add-opens=java.base/java.net=ALL-UNNAMED --add-opens=java.base/java.util.concurrent=ALL-UNNAMED --add-opens=java.base/java.util.concurrent.atomic=ALL-UNNAMED --add-opens=java.xml/javax.xml.namespace=ALL-UNNAMED --add-opens=java.base/java.time=ALL-UNNAMED -XX:MaxMetaspaceSize=4G -XX:ReservedCodeCacheSize=512m -XX:+HeapDumpOnOutOfMemoryError -Xmx8G -Dfile.encoding=windows-1252 -Duser.country=US -Duser.language=en -Duser.variant -javaagent:C:\Users\Go Logistic\.gradle\wrapper\dists\gradle-9.1.0-all\7wzd0jkjit61aq2p43wpjgij9\gradle-9.1.0\lib\agents\gradle-instrumentation-agent-9.1.0.jar org.gradle.launcher.daemon.bootstrap.GradleDaemon 9.1.0

Host: Intel(R) Core(TM) i7-6600U CPU @ 2.60GHz, 4 cores, 7G,  Windows 10 , 64 bit Build 19041 (10.0.19041.5915)
Time: Tue Sep  8 01:12:44 2026 Egypt Daylight Time elapsed time: 65.074017 seconds (0d 0h 1m 5s)

---------------  T H R E A D  ---------------

Current thread (0x000001df529ad050):  VMThread "VM Thread" [stack: 0x00000042a0e00000,0x00000042a0f00000] [id=24908]

Stack: [0x00000042a0e00000,0x00000042a0f00000]
Native frames: (J=compiled Java code, j=interpreted, Vv=VM code, C=native code)
V  [jvm.dll+0x67a04a]
V  [jvm.dll+0x7da4ed]
V  [jvm.dll+0x7dbe33]
V  [jvm.dll+0x7dc4a3]
V  [jvm.dll+0x24508f]
V  [jvm.dll+0x677089]
V  [jvm.dll+0x66bd32]
V  [jvm.dll+0x301fa6]
V  [jvm.dll+0x309546]
V  [jvm.dll+0x359d2e]
V  [jvm.dll+0x359f5f]
V  [jvm.dll+0x2d9078]
V  [jvm.dll+0x2dc0e6]
V  [jvm.dll+0x2e67eb]
V  [jvm.dll+0x31a870]
V  [jvm.dll+0x7e0d9b]
V  [jvm.dll+0x7e1ad4]
V  [jvm.dll+0x7e1fed]
V  [jvm.dll+0x7e23c4]
V  [jvm.dll+0x7e2490]
V  [jvm.dll+0x78abea]
V  [jvm.dll+0x678f35]
C  [ucrtbase.dll+0x21bb2]
C  [KERNEL32.DLL+0x17374]
C  [ntdll.dll+0x4cc91]

VM_Operation (0x00000042a0aff9f0): G1Concurrent, mode: safepoint, requested by thread 0x000001df15aba8c0


---------------  P R O C E S S  ---------------

Threads class SMR info:
_java_thread_list=0x000001df9f30bbe0, length=89, elements={
0x000001df159fcbc0, 0x000001df529b4e30, 0x000001df529b5900, 0x000001df529c8c40,
0x000001df529c9710, 0x000001df529cc0f0, 0x000001df529cc9c0, 0x000001df529cd670,
0x000001df52a1e790, 0x000001df52b47580, 0x000001df52bd48c0, 0x000001df52cd2b90,
0x000001df9883f0e0, 0x000001df98921a00, 0x000001df52f1e4a0, 0x000001df99395a10,
0x000001df99bb4670, 0x000001df9914b430, 0x000001df99ba66c0, 0x000001df99ba5ca0,
0x000001df99ba61b0, 0x000001df99ba6bd0, 0x000001df99ba70e0, 0x000001df99ba4d70,
0x000001df99ba5280, 0x000001df99ba3e40, 0x000001df99ba4860, 0x000001df99ba5790,
0x000001df9a3cec90, 0x000001df9a3cf1a0, 0x000001df9a3ca5b0, 0x000001df9a3cf6b0,
0x000001df9a3ce270, 0x000001df9a3cb9f0, 0x000001df9a3d05e0, 0x000001df9a3d00d0,
0x000001df9a3cfbc0, 0x000001df9a3cce30, 0x000001df9a3cafd0, 0x000001df9a3d1000,
0x000001df9a3d1510, 0x000001df9a3ca0a0, 0x000001df9a3caac0, 0x000001df9a3d1a20,
0x000001df9a3cb4e0, 0x000001df9c919300, 0x000001df9c918df0, 0x000001df9c91ac50,
0x000001df9c91c090, 0x000001df9c91c5a0, 0x000001df9c91bb80, 0x000001df9c91b670,
0x000001df9c919810, 0x000001df9c91a230, 0x000001df9c91a740, 0x000001df9946b780,
0x000001df9946e000, 0x000001df9946d5e0, 0x000001df9946d0d0, 0x000001df9946bc90,
0x000001df99467ac0, 0x000001df99467fd0, 0x000001df9946daf0, 0x000001df9946ad60,
0x000001df99466b90, 0x000001df9946e510, 0x000001df99469410, 0x000001df994670a0,
0x000001df9946c6b0, 0x000001df994675b0, 0x000001df9946b270, 0x000001df99469920,
0x000001df9a3ce780, 0x000001df9946a340, 0x000001df994915f0, 0x000001df9948e350,
0x000001df994901b0, 0x000001df9948c4f0, 0x000001df994906c0, 0x000001df99490bd0,
0x000001df994910e0, 0x000001df9948ca00, 0x000001df9948cf10, 0x000001df9948d420,
0x000001df99493450, 0x000001df9948f790, 0x000001df9948fca0, 0x000001df99492a30,
0x000001df99492f40
}

Java Threads: ( => current thread )
  0x000001df159fcbc0 JavaThread "main" [_thread_blocked, id=12600, stack(0x00000042a0800000,0x00000042a0900000)]
  0x000001df529b4e30 JavaThread "Reference Handler" daemon [_thread_blocked, id=16104, stack(0x00000042a0f00000,0x00000042a1000000)]
  0x000001df529b5900 JavaThread "Finalizer" daemon [_thread_blocked, id=9108, stack(0x00000042a1000000,0x00000042a1100000)]
  0x000001df529c8c40 JavaThread "Signal Dispatcher" daemon [_thread_blocked, id=3328, stack(0x00000042a1100000,0x00000042a1200000)]
  0x000001df529c9710 JavaThread "Attach Listener" daemon [_thread_blocked, id=15752, stack(0x00000042a1200000,0x00000042a1300000)]
  0x000001df529cc0f0 JavaThread "Service Thread" daemon [_thread_blocked, id=10540, stack(0x00000042a1300000,0x00000042a1400000)]
  0x000001df529cc9c0 JavaThread "Monitor Deflation Thread" daemon [_thread_blocked, id=25572, stack(0x00000042a1400000,0x00000042a1500000)]
  0x000001df529cd670 JavaThread "C2 CompilerThread0" daemon [_thread_blocked, id=7428, stack(0x00000042a1500000,0x00000042a1600000)]
  0x000001df52a1e790 JavaThread "C1 CompilerThread0" daemon [_thread_blocked, id=15772, stack(0x00000042a1600000,0x00000042a1700000)]
  0x000001df52b47580 JavaThread "Sweeper thread" daemon [_thread_blocked, id=22652, stack(0x00000042a1700000,0x00000042a1800000)]
  0x000001df52bd48c0 JavaThread "Common-Cleaner" daemon [_thread_blocked, id=25448, stack(0x00000042a1800000,0x00000042a1900000)]
  0x000001df52cd2b90 JavaThread "Notification Thread" daemon [_thread_blocked, id=20164, stack(0x00000042a1900000,0x00000042a1a00000)]
  0x000001df9883f0e0 JavaThread "Daemon health stats" [_thread_blocked, id=16048, stack(0x00000042a1e00000,0x00000042a1f00000)]
  0x000001df98921a00 JavaThread "Incoming local TCP Connector on port 49936" [_thread_in_native, id=24104, stack(0x00000042a1f00000,0x00000042a2000000)]
  0x000001df52f1e4a0 JavaThread "Daemon periodic checks" [_thread_blocked, id=10908, stack(0x00000042a2000000,0x00000042a2100000)]
  0x000001df99395a10 JavaThread "Daemon" [_thread_blocked, id=22280, stack(0x00000042a2100000,0x00000042a2200000)]
  0x000001df99bb4670 JavaThread "Handler for socket connection from /127.0.0.1:49936 to /127.0.0.1:49937" [_thread_in_native, id=19116, stack(0x00000042a2200000,0x00000042a2300000)]
  0x000001df9914b430 JavaThread "Cancel handler" [_thread_blocked, id=24200, stack(0x00000042a2300000,0x00000042a2400000)]
  0x000001df99ba66c0 JavaThread "Daemon worker" [_thread_blocked, id=5188, stack(0x00000042a2400000,0x00000042a2500000)]
  0x000001df99ba5ca0 JavaThread "Asynchronous log dispatcher for DefaultDaemonConnection: socket connection from /127.0.0.1:49936 to /127.0.0.1:49937" [_thread_blocked, id=24496, stack(0x00000042a2500000,0x00000042a2600000)]
  0x000001df99ba61b0 JavaThread "Stdin handler" [_thread_blocked, id=17756, stack(0x00000042a2600000,0x00000042a2700000)]
  0x000001df99ba6bd0 JavaThread "Daemon client event forwarder" [_thread_blocked, id=2656, stack(0x00000042a2700000,0x00000042a2800000)]
  0x000001df99ba70e0 JavaThread "Cache worker for journal cache (C:\Users\Go Logistic\.gradle\caches\journal-1)" [_thread_blocked, id=8720, stack(0x00000042a2800000,0x00000042a2900000)]
  0x000001df99ba4d70 JavaThread "File lock request listener" [_thread_in_native, id=13240, stack(0x00000042a2900000,0x00000042a2a00000)]
  0x000001df99ba5280 JavaThread "Cache worker for file hash cache (C:\Users\Go Logistic\.gradle\caches\9.1.0\fileHashes)" [_thread_blocked, id=19772, stack(0x00000042a2a00000,0x00000042a2b00000)]
  0x000001df99ba3e40 JavaThread "Cache worker for file hash cache (C:\Users\Go Logistic\Desktop\gigzrun\android\.gradle\9.1.0\fileHashes)" [_thread_blocked, id=22024, stack(0x00000042a2b00000,0x00000042a2c00000)]
  0x000001df99ba4860 JavaThread "Cache worker for Build Output Cleanup Cache (C:\Users\Go Logistic\Desktop\gigzrun\android\.gradle\buildOutputCleanup)" [_thread_blocked, id=8216, stack(0x00000042a2c00000,0x00000042a2d00000)]
  0x000001df99ba5790 JavaThread "File watcher server" daemon [_thread_in_native, id=10300, stack(0x00000042a2d00000,0x00000042a2e00000)]
  0x000001df9a3cec90 JavaThread "File watcher consumer" daemon [_thread_blocked, id=11596, stack(0x00000042a2e00000,0x00000042a2f00000)]
  0x000001df9a3cf1a0 JavaThread "Cache worker for checksums cache (C:\Users\Go Logistic\Desktop\gigzrun\android\.gradle\9.1.0\checksums)" [_thread_blocked, id=14836, stack(0x00000042a3000000,0x00000042a3100000)]
  0x000001df9a3ca5b0 JavaThread "Cache worker for file content cache (C:\Users\Go Logistic\.gradle\caches\9.1.0\fileContent)" [_thread_blocked, id=22144, stack(0x00000042a3100000,0x00000042a3200000)]
  0x000001df9a3cf6b0 JavaThread "Cache worker for cache directory md-supplier (C:\Users\Go Logistic\.gradle\caches\9.1.0\md-supplier)" [_thread_blocked, id=15848, stack(0x00000042a3200000,0x00000042a3300000)]
  0x000001df9a3ce270 JavaThread "Cache worker for cache directory md-rule (C:\Users\Go Logistic\.gradle\caches\9.1.0\md-rule)" [_thread_blocked, id=16616, stack(0x00000042a3300000,0x00000042a3400000)]
  0x000001df9a3cb9f0 JavaThread "Cache worker for Build Output Cleanup Cache (C:\flutter\packages\flutter_tools\gradle\.gradle\buildOutputCleanup)" [_thread_blocked, id=16736, stack(0x00000042a3600000,0x00000042a3700000)]
  0x000001df9a3d05e0 JavaThread "Unconstrained build operations" [_thread_blocked, id=16464, stack(0x00000042a3700000,0x00000042a3800000)]
  0x000001df9a3d00d0 JavaThread "Unconstrained build operations Thread 2" [_thread_blocked, id=12068, stack(0x00000042a3800000,0x00000042a3900000)]
  0x000001df9a3cfbc0 JavaThread "Unconstrained build operations Thread 3" [_thread_blocked, id=22108, stack(0x00000042a3900000,0x00000042a3a00000)]
  0x000001df9a3cce30 JavaThread "Unconstrained build operations Thread 4" [_thread_blocked, id=7424, stack(0x00000042a3a00000,0x00000042a3b00000)]
  0x000001df9a3cafd0 JavaThread "Unconstrained build operations Thread 5" [_thread_blocked, id=16740, stack(0x00000042a3b00000,0x00000042a3c00000)]
  0x000001df9a3d1000 JavaThread "Unconstrained build operations Thread 6" [_thread_blocked, id=22120, stack(0x00000042a3c00000,0x00000042a3d00000)]
  0x000001df9a3d1510 JavaThread "Unconstrained build operations Thread 7" [_thread_blocked, id=10608, stack(0x00000042a3d00000,0x00000042a3e00000)]
  0x000001df9a3ca0a0 JavaThread "Unconstrained build operations Thread 8" [_thread_blocked, id=25440, stack(0x00000042a3e00000,0x00000042a3f00000)]
  0x000001df9a3caac0 JavaThread "Unconstrained build operations Thread 9" [_thread_blocked, id=13608, stack(0x00000042a3f00000,0x00000042a4000000)]
  0x000001df9a3d1a20 JavaThread "Memory manager" [_thread_blocked, id=24744, stack(0x00000042a2f00000,0x00000042a3000000)]
  0x000001df9a3cb4e0 JavaThread "build event listener" [_thread_blocked, id=4160, stack(0x00000042a4100000,0x00000042a4200000)]
  0x000001df9c919300 JavaThread "included builds" [_thread_blocked, id=9820, stack(0x00000042a4000000,0x00000042a4100000)]
  0x000001df9c918df0 JavaThread "Execution worker" [_thread_blocked, id=23236, stack(0x00000042a4200000,0x00000042a4300000)]
  0x000001df9c91ac50 JavaThread "Execution worker Thread 2" [_thread_blocked, id=20052, stack(0x00000042a4300000,0x00000042a4400000)]
  0x000001df9c91c090 JavaThread "Execution worker Thread 3" [_thread_blocked, id=25068, stack(0x00000042a4400000,0x00000042a4500000)]
  0x000001df9c91c5a0 JavaThread "Cache worker for execution history cache (C:\flutter\packages\flutter_tools\gradle\.gradle\9.1.0\executionHistory)" [_thread_blocked, id=20852, stack(0x00000042a4500000,0x00000042a4600000)]
  0x000001df9c91bb80 JavaThread "Unconstrained build operations Thread 10" [_thread_blocked, id=11408, stack(0x00000042a4600000,0x00000042a4700000)]
  0x000001df9c91b670 JavaThread "Unconstrained build operations Thread 11" [_thread_blocked, id=26300, stack(0x00000042a4700000,0x00000042a4800000)]
  0x000001df9c919810 JavaThread "Unconstrained build operations Thread 12" [_thread_blocked, id=4612, stack(0x00000042a4800000,0x00000042a4900000)]
  0x000001df9c91a230 JavaThread "Unconstrained build operations Thread 13" [_thread_blocked, id=16404, stack(0x00000042a4900000,0x00000042a4a00000)]
  0x000001df9c91a740 JavaThread "Unconstrained build operations Thread 14" [_thread_blocked, id=15876, stack(0x00000042a4a00000,0x00000042a4b00000)]
  0x000001df9946b780 JavaThread "Unconstrained build operations Thread 15" [_thread_blocked, id=6704, stack(0x00000042a4b00000,0x00000042a4c00000)]
  0x000001df9946e000 JavaThread "Unconstrained build operations Thread 16" [_thread_blocked, id=14784, stack(0x00000042a4c00000,0x00000042a4d00000)]
  0x000001df9946d5e0 JavaThread "Unconstrained build operations Thread 17" [_thread_blocked, id=8492, stack(0x00000042a4d00000,0x00000042a4e00000)]
  0x000001df9946d0d0 JavaThread "Unconstrained build operations Thread 18" [_thread_blocked, id=4712, stack(0x00000042a4e00000,0x00000042a4f00000)]
  0x000001df9946bc90 JavaThread "Unconstrained build operations Thread 19" [_thread_blocked, id=21152, stack(0x00000042a4f00000,0x00000042a5000000)]
  0x000001df99467ac0 JavaThread "Unconstrained build operations Thread 20" [_thread_blocked, id=16292, stack(0x00000042a5000000,0x00000042a5100000)]
  0x000001df99467fd0 JavaThread "Unconstrained build operations Thread 21" [_thread_blocked, id=9080, stack(0x00000042a5100000,0x00000042a5200000)]
  0x000001df9946daf0 JavaThread "Unconstrained build operations Thread 22" [_thread_blocked, id=1800, stack(0x00000042a5200000,0x00000042a5300000)]
  0x000001df9946ad60 JavaThread "Unconstrained build operations Thread 23" [_thread_blocked, id=9040, stack(0x00000042a5300000,0x00000042a5400000)]
  0x000001df99466b90 JavaThread "Unconstrained build operations Thread 24" [_thread_blocked, id=15112, stack(0x00000042a5400000,0x00000042a5500000)]
  0x000001df9946e510 JavaThread "Unconstrained build operations Thread 25" [_thread_blocked, id=18232, stack(0x00000042a5500000,0x00000042a5600000)]
  0x000001df99469410 JavaThread "Unconstrained build operations Thread 26" [_thread_blocked, id=16964, stack(0x00000042a5600000,0x00000042a5700000)]
  0x000001df994670a0 JavaThread "Unconstrained build operations Thread 27" [_thread_blocked, id=26404, stack(0x00000042a5700000,0x00000042a5800000)]
  0x000001df9946c6b0 JavaThread "Unconstrained build operations Thread 28" [_thread_blocked, id=4676, stack(0x00000042a5800000,0x00000042a5900000)]
  0x000001df994675b0 JavaThread "Unconstrained build operations Thread 29" [_thread_blocked, id=16952, stack(0x00000042a5900000,0x00000042a5a00000)]
  0x000001df9946b270 JavaThread "build event listener" [_thread_blocked, id=6980, stack(0x00000042a5c00000,0x00000042a5d00000)]
  0x000001df99469920 JavaThread "build event listener" [_thread_blocked, id=4976, stack(0x00000042a5d00000,0x00000042a5e00000)]
  0x000001df9a3ce780 JavaThread "Problems report writer" [_thread_blocked, id=18148, stack(0x00000042a5e00000,0x00000042a5f00000)]
  0x000001df9946a340 JavaThread "Unconstrained build operations Thread 30" [_thread_blocked, id=25724, stack(0x00000042a5f00000,0x00000042a6000000)]
  0x000001df994915f0 JavaThread "Unconstrained build operations Thread 31" [_thread_blocked, id=9976, stack(0x00000042a6000000,0x00000042a6100000)]
  0x000001df9948e350 JavaThread "Unconstrained build operations Thread 32" [_thread_blocked, id=24192, stack(0x00000042a6100000,0x00000042a6200000)]
  0x000001df994901b0 JavaThread "Unconstrained build operations Thread 33" [_thread_blocked, id=19824, stack(0x00000042a6200000,0x00000042a6300000)]
  0x000001df9948c4f0 JavaThread "Unconstrained build operations Thread 34" [_thread_blocked, id=23396, stack(0x00000042a6300000,0x00000042a6400000)]
  0x000001df994906c0 JavaThread "Unconstrained build operations Thread 35" [_thread_blocked, id=13100, stack(0x00000042a6400000,0x00000042a6500000)]
  0x000001df99490bd0 JavaThread "Unconstrained build operations Thread 36" [_thread_blocked, id=23772, stack(0x00000042a6500000,0x00000042a6600000)]
  0x000001df994910e0 JavaThread "Unconstrained build operations Thread 37" [_thread_blocked, id=23332, stack(0x00000042a6600000,0x00000042a6700000)]
  0x000001df9948ca00 JavaThread "Unconstrained build operations Thread 38" [_thread_blocked, id=2068, stack(0x00000042a6700000,0x00000042a6800000)]
  0x000001df9948cf10 JavaThread "Unconstrained build operations Thread 39" [_thread_blocked, id=24668, stack(0x00000042a6800000,0x00000042a6900000)]
  0x000001df9948d420 JavaThread "Unconstrained build operations Thread 40" [_thread_blocked, id=26208, stack(0x00000042a6900000,0x00000042a6a00000)]
  0x000001df99493450 JavaThread "jar transforms" [_thread_blocked, id=17932, stack(0x00000042a6a00000,0x00000042a6b00000)]
  0x000001df9948f790 JavaThread "jar transforms Thread 2" [_thread_blocked, id=23160, stack(0x00000042a6b00000,0x00000042a6c00000)]
  0x000001df9948fca0 JavaThread "jar transforms Thread 3" [_thread_blocked, id=15224, stack(0x00000042a6c00000,0x00000042a6d00000)]
  0x000001df99492a30 JavaThread "jar transforms Thread 4" [_thread_blocked, id=22948, stack(0x00000042a6d00000,0x00000042a6e00000)]
  0x000001df99492f40 JavaThread "File lock release action executor" [_thread_blocked, id=11956, stack(0x00000042a0500000,0x00000042a0600000)]

Other Threads:
=>0x000001df529ad050 VMThread "VM Thread" [stack: 0x00000042a0e00000,0x00000042a0f00000] [id=24908]
  0x000001df15acc1c0 WatcherThread [stack: 0x00000042a1a00000,0x00000042a1b00000] [id=26228]
  0x000001df15aa9bc0 GCTaskThread "GC Thread#0" [stack: 0x00000042a0900000,0x00000042a0a00000] [id=8320]
  0x000001df52d2bef0 GCTaskThread "GC Thread#1" [stack: 0x00000042a1b00000,0x00000042a1c00000] [id=18260]
  0x000001df52d5a3b0 GCTaskThread "GC Thread#2" [stack: 0x00000042a1c00000,0x00000042a1d00000] [id=15728]
  0x000001df98f22860 GCTaskThread "GC Thread#3" [stack: 0x00000042a1d00000,0x00000042a1e00000] [id=19880]
  0x000001df15aba8c0 ConcurrentGCThread "G1 Main Marker" [stack: 0x00000042a0a00000,0x00000042a0b00000] [id=22508]
  0x000001df15abb820 ConcurrentGCThread "G1 Conc#0" [stack: 0x00000042a0b00000,0x00000042a0c00000] [id=17668]
  0x000001df52863a40 ConcurrentGCThread "G1 Refine#0" [stack: 0x00000042a0c00000,0x00000042a0d00000] [id=10724]
  0x000001df98f7f2c0 ConcurrentGCThread "G1 Refine#1" [stack: 0x00000042a3400000,0x00000042a3500000] [id=25664]
  0x000001df9b4ca160 ConcurrentGCThread "G1 Refine#2" [stack: 0x00000042a3500000,0x00000042a3600000] [id=24560]
  0x000001df52865630 ConcurrentGCThread "G1 Service" [stack: 0x00000042a0d00000,0x00000042a0e00000] [id=5812]

Threads with active compile tasks:
C2 CompilerThread0    65154 14998       4       org.gradle.internal.instantiation.generator.ParamsMatchingConstructorSelector::forParams (481 bytes)

VM state: at safepoint (normal execution)

VM Mutex/Monitor currently owned by a thread:  ([mutex/lock_event])
[0x000001df159f8f90] Threads_lock - owner thread: 0x000001df529ad050
[0x000001df159f9260] Heap_lock - owner thread: 0x000001df15aba8c0

Heap address: 0x0000000600000000, size: 8192 MB, Compressed Oops mode: Zero based, Oop shift amount: 3

CDS archive(s) mapped at: [0x000001df53000000-0x000001df53bd0000-0x000001df53bd0000), size 12386304, SharedBaseAddress: 0x000001df53000000, ArchiveRelocationMode: 1.
Compressed class space mapped at: 0x000001df54000000-0x000001df94000000, reserved size: 1073741824
Narrow klass base: 0x000001df53000000, Narrow klass shift: 0, Narrow klass range: 0x100000000

GC Precious Log:
 CPUs: 4 total, 4 available
 Memory: 7590M
 Large Page Support: Disabled
 NUMA Support: Disabled
 Compressed Oops: Enabled (Zero based)
 Heap Region Size: 4M
 Heap Min Capacity: 8M
 Heap Initial Capacity: 120M
 Heap Max Capacity: 8G
 Pre-touch: Disabled
 Parallel Workers: 4
 Concurrent Workers: 1
 Concurrent Refinement Workers: 4
 Periodic GC: Disabled

Heap:
 garbage-first heap   total 307200K, used 202389K [0x0000000600000000, 0x0000000800000000)
  region size 4096K, 11 young (45056K), 2 survivors (8192K)
 Metaspace       used 100352K, committed 101568K, reserved 1179648K
  class space    used 14146K, committed 14720K, reserved 1048576K

Heap Regions: E=young(eden), S=young(survivor), O=old, HS=humongous(starts), HC=humongous(continues), CS=collection set, F=free, OA=open archive, CA=closed archive, TAMS=top-at-mark-start (previous, next)
|   0|0x0000000600000000, 0x0000000600400000, 0x0000000600400000|100%|HS|  |TAMS 0x0000000600400000, 0x0000000600000000| Complete 
|   1|0x0000000600400000, 0x0000000600800000, 0x0000000600800000|100%| O|  |TAMS 0x0000000600800000, 0x0000000600400000| Untracked 
|   2|0x0000000600800000, 0x0000000600c00000, 0x0000000600c00000|100%| O|  |TAMS 0x0000000600c00000, 0x0000000600800000| Untracked 
|   3|0x0000000600c00000, 0x0000000601000000, 0x0000000601000000|100%| O|  |TAMS 0x0000000601000000, 0x0000000600c00000| Untracked 
|   4|0x0000000601000000, 0x0000000601400000, 0x0000000601400000|100%| O|  |TAMS 0x0000000601400000, 0x0000000601000000| Untracked 
|   5|0x0000000601400000, 0x0000000601800000, 0x0000000601800000|100%| O|  |TAMS 0x0000000601800000, 0x0000000601400000| Untracked 
|   6|0x0000000601800000, 0x0000000601c00000, 0x0000000601c00000|100%| O|  |TAMS 0x0000000601c00000, 0x0000000601800000| Untracked 
|   7|0x0000000601c00000, 0x0000000602000000, 0x0000000602000000|100%| O|  |TAMS 0x0000000602000000, 0x0000000601c00000| Untracked 
|   8|0x0000000602000000, 0x0000000602400000, 0x0000000602400000|100%| O|  |TAMS 0x0000000602400000, 0x0000000602000000| Untracked 
|   9|0x0000000602400000, 0x0000000602800000, 0x0000000602800000|100%| O|  |TAMS 0x0000000602800000, 0x0000000602400000| Untracked 
|  10|0x0000000602800000, 0x0000000602c00000, 0x0000000602c00000|100%| O|  |TAMS 0x0000000602c00000, 0x0000000602800000| Untracked 
|  11|0x0000000602c00000, 0x0000000603000000, 0x0000000603000000|100%| O|  |TAMS 0x0000000603000000, 0x0000000602c00000| Untracked 
|  12|0x0000000603000000, 0x0000000603400000, 0x0000000603400000|100%| O|  |TAMS 0x0000000603400000, 0x0000000603000000| Untracked 
|  13|0x0000000603400000, 0x0000000603800000, 0x0000000603800000|100%| O|  |TAMS 0x0000000603800000, 0x0000000603400000| Updating 
|  14|0x0000000603800000, 0x0000000603c00000, 0x0000000603c00000|100%| O|  |TAMS 0x0000000603c00000, 0x0000000603800000| Updating 
|  15|0x0000000603c00000, 0x0000000604000000, 0x0000000604000000|100%| O|  |TAMS 0x0000000604000000, 0x0000000603c00000| Untracked 
|  16|0x0000000604000000, 0x0000000604400000, 0x0000000604400000|100%| O|  |TAMS 0x0000000604400000, 0x0000000604000000| Untracked 
|  17|0x0000000604400000, 0x0000000604800000, 0x0000000604800000|100%| O|  |TAMS 0x0000000604800000, 0x0000000604400000| Untracked 
|  18|0x0000000604800000, 0x0000000604c00000, 0x0000000604c00000|100%| O|  |TAMS 0x0000000604c00000, 0x0000000604800000| Untracked 
|  19|0x0000000604c00000, 0x0000000605000000, 0x0000000605000000|100%| O|  |TAMS 0x0000000605000000, 0x0000000604c00000| Untracked 
|  20|0x0000000605000000, 0x0000000605400000, 0x0000000605400000|100%| O|  |TAMS 0x0000000605400000, 0x0000000605000000| Untracked 
|  21|0x0000000605400000, 0x0000000605800000, 0x0000000605800000|100%| O|  |TAMS 0x0000000605800000, 0x0000000605400000| Untracked 
|  22|0x0000000605800000, 0x0000000605c00000, 0x0000000605c00000|100%| O|  |TAMS 0x0000000605c00000, 0x0000000605800000| Untracked 
|  23|0x0000000605c00000, 0x0000000606000000, 0x0000000606000000|100%| O|  |TAMS 0x0000000606000000, 0x0000000605c00000| Untracked 
|  24|0x0000000606000000, 0x0000000606400000, 0x0000000606400000|100%| O|  |TAMS 0x0000000606400000, 0x0000000606000000| Untracked 
|  25|0x0000000606400000, 0x0000000606800000, 0x0000000606800000|100%| O|  |TAMS 0x0000000606800000, 0x0000000606400000| Untracked 
|  26|0x0000000606800000, 0x0000000606c00000, 0x0000000606c00000|100%| O|  |TAMS 0x0000000606c00000, 0x0000000606800000| Updating 
|  27|0x0000000606c00000, 0x0000000607000000, 0x0000000607000000|100%|HS|  |TAMS 0x0000000607000000, 0x0000000606c00000| Complete 
|  28|0x0000000607000000, 0x0000000607400000, 0x0000000607400000|100%| O|  |TAMS 0x0000000607400000, 0x0000000607000000| Updating 
|  29|0x0000000607400000, 0x0000000607800000, 0x0000000607800000|100%| O|  |TAMS 0x0000000607800000, 0x0000000607400000| Untracked 
|  30|0x0000000607800000, 0x0000000607c00000, 0x0000000607c00000|100%| O|  |TAMS 0x0000000607c00000, 0x0000000607800000| Untracked 
|  31|0x0000000607c00000, 0x0000000608000000, 0x0000000608000000|100%| O|  |TAMS 0x0000000608000000, 0x0000000607c00000| Untracked 
|  32|0x0000000608000000, 0x0000000608400000, 0x0000000608400000|100%| O|  |TAMS 0x0000000608400000, 0x0000000608000000| Untracked 
|  33|0x0000000608400000, 0x0000000608800000, 0x0000000608800000|100%| O|  |TAMS 0x0000000608800000, 0x0000000608400000| Untracked 
|  34|0x0000000608800000, 0x0000000608c00000, 0x0000000608c00000|100%| O|  |TAMS 0x0000000608c00000, 0x0000000608800000| Updating 
|  35|0x0000000608c00000, 0x0000000609000000, 0x0000000609000000|100%| O|  |TAMS 0x0000000609000000, 0x0000000608c00000| Updating 
|  36|0x0000000609000000, 0x0000000609400000, 0x0000000609400000|100%| O|  |TAMS 0x0000000609400000, 0x0000000609000000| Untracked 
|  37|0x0000000609400000, 0x0000000609800000, 0x0000000609800000|100%| O|  |TAMS 0x0000000609800000, 0x0000000609400000| Untracked 
|  38|0x0000000609800000, 0x0000000609c00000, 0x0000000609c00000|100%| O|  |TAMS 0x0000000609c00000, 0x0000000609800000| Untracked 
|  39|0x0000000609c00000, 0x000000060a000000, 0x000000060a000000|100%| O|  |TAMS 0x000000060a000000, 0x0000000609c00000| Untracked 
|  40|0x000000060a000000, 0x000000060a049c00, 0x000000060a400000|  7%| O|  |TAMS 0x000000060a049c00, 0x000000060a000000| Updating 
|  41|0x000000060a400000, 0x000000060a400000, 0x000000060a800000|  0%| F|  |TAMS 0x000000060a400000, 0x000000060a400000| Untracked 
|  42|0x000000060a800000, 0x000000060a800000, 0x000000060ac00000|  0%| F|  |TAMS 0x000000060a800000, 0x000000060a800000| Untracked 
|  43|0x000000060ac00000, 0x000000060ac00000, 0x000000060b000000|  0%| F|  |TAMS 0x000000060ac00000, 0x000000060ac00000| Untracked 
|  44|0x000000060b000000, 0x000000060b000000, 0x000000060b400000|  0%| F|  |TAMS 0x000000060b000000, 0x000000060b000000| Untracked 
|  45|0x000000060b400000, 0x000000060b400000, 0x000000060b800000|  0%| F|  |TAMS 0x000000060b400000, 0x000000060b400000| Untracked 
|  46|0x000000060b800000, 0x000000060b800000, 0x000000060bc00000|  0%| F|  |TAMS 0x000000060b800000, 0x000000060b800000| Untracked 
|  47|0x000000060bc00000, 0x000000060bc00000, 0x000000060c000000|  0%| F|  |TAMS 0x000000060bc00000, 0x000000060bc00000| Untracked 
|  48|0x000000060c000000, 0x000000060c000000, 0x000000060c400000|  0%| F|  |TAMS 0x000000060c000000, 0x000000060c000000| Untracked 
|  49|0x000000060c400000, 0x000000060c400000, 0x000000060c800000|  0%| F|  |TAMS 0x000000060c400000, 0x000000060c400000| Untracked 
|  50|0x000000060c800000, 0x000000060c800000, 0x000000060cc00000|  0%| F|  |TAMS 0x000000060c800000, 0x000000060c800000| Untracked 
|  51|0x000000060cc00000, 0x000000060cc00000, 0x000000060d000000|  0%| F|  |TAMS 0x000000060cc00000, 0x000000060cc00000| Untracked 
|  52|0x000000060d000000, 0x000000060d000000, 0x000000060d400000|  0%| F|  |TAMS 0x000000060d000000, 0x000000060d000000| Untracked 
|  53|0x000000060d400000, 0x000000060d55b8e0, 0x000000060d800000| 33%| S|CS|TAMS 0x000000060d400000, 0x000000060d400000| Complete 
|  54|0x000000060d800000, 0x000000060dc00000, 0x000000060dc00000|100%| S|CS|TAMS 0x000000060d800000, 0x000000060d800000| Complete 
|  55|0x000000060dc00000, 0x000000060dc00000, 0x000000060e000000|  0%| F|  |TAMS 0x000000060dc00000, 0x000000060dc00000| Untracked 
|  56|0x000000060e000000, 0x000000060e000000, 0x000000060e400000|  0%| F|  |TAMS 0x000000060e000000, 0x000000060e000000| Untracked 
|  57|0x000000060e400000, 0x000000060e400000, 0x000000060e800000|  0%| F|  |TAMS 0x000000060e400000, 0x000000060e400000| Untracked 
|  58|0x000000060e800000, 0x000000060e800000, 0x000000060ec00000|  0%| F|  |TAMS 0x000000060e800000, 0x000000060e800000| Untracked 
|  59|0x000000060ec00000, 0x000000060ec00000, 0x000000060f000000|  0%| F|  |TAMS 0x000000060ec00000, 0x000000060ec00000| Untracked 
|  60|0x000000060f000000, 0x000000060f000000, 0x000000060f400000|  0%| F|  |TAMS 0x000000060f000000, 0x000000060f000000| Untracked 
|  61|0x000000060f400000, 0x000000060f400000, 0x000000060f800000|  0%| F|  |TAMS 0x000000060f400000, 0x000000060f400000| Untracked 
|  62|0x000000060f800000, 0x000000060f800000, 0x000000060fc00000|  0%| F|  |TAMS 0x000000060f800000, 0x000000060f800000| Untracked 
|  63|0x000000060fc00000, 0x000000060fc00000, 0x0000000610000000|  0%| F|  |TAMS 0x000000060fc00000, 0x000000060fc00000| Untracked 
|  64|0x0000000610000000, 0x0000000610000000, 0x0000000610400000|  0%| F|  |TAMS 0x0000000610000000, 0x0000000610000000| Untracked 
|  65|0x0000000610400000, 0x0000000610400000, 0x0000000610800000|  0%| F|  |TAMS 0x0000000610400000, 0x0000000610400000| Untracked 
|  66|0x0000000610800000, 0x0000000610b03630, 0x0000000610c00000| 75%| E|  |TAMS 0x0000000610800000, 0x0000000610800000| Complete 
|  67|0x0000000610c00000, 0x0000000611000000, 0x0000000611000000|100%| E|CS|TAMS 0x0000000610c00000, 0x0000000610c00000| Complete 
|  68|0x0000000611000000, 0x0000000611400000, 0x0000000611400000|100%| E|CS|TAMS 0x0000000611000000, 0x0000000611000000| Complete 
|  69|0x0000000611400000, 0x0000000611800000, 0x0000000611800000|100%| E|CS|TAMS 0x0000000611400000, 0x0000000611400000| Complete 
|  70|0x0000000611800000, 0x0000000611c00000, 0x0000000611c00000|100%| E|CS|TAMS 0x0000000611800000, 0x0000000611800000| Complete 
|  71|0x0000000611c00000, 0x0000000612000000, 0x0000000612000000|100%| E|CS|TAMS 0x0000000611c00000, 0x0000000611c00000| Complete 
|  72|0x0000000612000000, 0x0000000612400000, 0x0000000612400000|100%| E|CS|TAMS 0x0000000612000000, 0x0000000612000000| Complete 
|  73|0x0000000612400000, 0x0000000612800000, 0x0000000612800000|100%| E|CS|TAMS 0x0000000612400000, 0x0000000612400000| Complete 
|  74|0x0000000612800000, 0x0000000612c00000, 0x0000000612c00000|100%| E|CS|TAMS 0x0000000612800000, 0x0000000612800000| Complete 

Card table byte_map: [0x000001df3e3e0000,0x000001df3f3e0000] _byte_map_base: 0x000001df3b3e0000

Marking Bits (Prev, Next): (CMBitMap*) 0x000001df15aa9f90, (CMBitMap*) 0x000001df15aa9fd0
 Prev Bits: [0x000001df403e0000, 0x000001df483e0000)
 Next Bits: [0x000001df483e0000, 0x000001df503e0000)

Polling page: 0x000001df138e0000

Metaspace:

Usage:
  Non-class:     84.19 MB used.
      Class:     13.81 MB used.
       Both:     98.00 MB used.

Virtual space:
  Non-class space:      128.00 MB reserved,      84.81 MB ( 66%) committed,  2 nodes.
      Class space:        1.00 GB reserved,      14.38 MB (  1%) committed,  1 nodes.
             Both:        1.12 GB reserved,      99.19 MB (  9%) committed. 

Chunk freelists:
   Non-Class:  10.92 MB
       Class:  1.69 MB
        Both:  12.61 MB

MaxMetaspaceSize: 4.00 GB
CompressedClassSpaceSize: 1.00 GB
Initial GC threshold: 21.00 MB
Current GC threshold: 164.94 MB
CDS: on
MetaspaceReclaimPolicy: balanced
 - commit_granule_bytes: 65536.
 - commit_granule_words: 8192.
 - virtual_space_node_default_size: 8388608.
 - enlarge_chunks_in_place: 1.
 - new_chunks_are_fully_committed: 0.
 - uncommit_free_chunks: 1.
 - use_allocation_guard: 0.
 - handle_deallocations: 1.


Internal statistics:

num_allocs_failed_limit: 6.
num_arena_births: 1696.
num_arena_deaths: 0.
num_vsnodes_births: 3.
num_vsnodes_deaths: 0.
num_space_committed: 1587.
num_space_uncommitted: 0.
num_chunks_returned_to_freelist: 6.
num_chunks_taken_from_freelist: 6328.
num_chunk_merges: 3.
num_chunk_splits: 4049.
num_chunks_enlarged: 2562.
num_inconsistent_stats: 0.

CodeHeap 'non-profiled nmethods': size=259264Kb used=7757Kb max_used=7757Kb free=251506Kb
 bounds [0x000001df2d590000, 0x000001df2dd30000, 0x000001df3d2c0000]
CodeHeap 'profiled nmethods': size=259264Kb used=24670Kb max_used=24670Kb free=234594Kb
 bounds [0x000001df1d2c0000, 0x000001df1eae0000, 0x000001df2cff0000]
CodeHeap 'non-nmethods': size=5760Kb used=1759Kb max_used=1841Kb free=4001Kb
 bounds [0x000001df2cff0000, 0x000001df2d260000, 0x000001df2d590000]
 total_blobs=13667 nmethods=12809 adapters=768
 compilation: enabled
              stopped_count=0, restarted_count=0
 full_count=0

Compilation events (20 events):
Event: 64.989 Thread 0x000001df52a1e790 15067       2       org.gradle.api.internal.artifacts.publish.DecoratingPublishArtifact::<init> (24 bytes)
Event: 64.990 Thread 0x000001df52a1e790 nmethod 15067 0x000001df1ead4510 code [0x000001df1ead46e0, 0x000001df1ead4b28]
Event: 64.990 Thread 0x000001df52a1e790 15063       2       com.android.build.gradle.internal.scope.ArtifactPublishingUtil$publishArtifactToConfiguration$1$1::execute (9 bytes)
Event: 64.990 Thread 0x000001df52a1e790 nmethod 15063 0x000001df1ead4d10 code [0x000001df1ead4ec0, 0x000001df1ead5028]
Event: 64.990 Thread 0x000001df52a1e790 15064       2       com.android.build.gradle.internal.scope.ArtifactPublishingUtil$publishArtifactToConfiguration$1$1::execute (64 bytes)
Event: 64.990 Thread 0x000001df52a1e790 nmethod 15064 0x000001df1ead5110 code [0x000001df1ead5340, 0x000001df1ead5938]
Event: 64.990 Thread 0x000001df52a1e790 15065       2       com.android.build.gradle.internal.scope.ArtifactPublishingUtil$publishArtifactToConfiguration$1$1$1::<init> (10 bytes)
Event: 64.991 Thread 0x000001df52a1e790 nmethod 15065 0x000001df1ead5d90 code [0x000001df1ead5f20, 0x000001df1ead6078]
Event: 64.991 Thread 0x000001df52a1e790 15066       2       org.gradle.api.internal.artifacts.configurations.DefaultVariant::artifact (33 bytes)
Event: 64.991 Thread 0x000001df52a1e790 nmethod 15066 0x000001df1ead6110 code [0x000001df1ead62e0, 0x000001df1ead6528]
Event: 64.991 Thread 0x000001df52a1e790 15068       2       com.android.build.gradle.internal.scope.ArtifactPublishingUtil$publishArtifactToConfiguration$1$1$1::execute (9 bytes)
Event: 64.991 Thread 0x000001df52a1e790 nmethod 15068 0x000001df1ead6690 code [0x000001df1ead6840, 0x000001df1ead69c8]
Event: 64.991 Thread 0x000001df52a1e790 15069       2       com.android.build.gradle.internal.scope.ArtifactPublishingUtil$publishArtifactToConfiguration$1$1$1::execute (11 bytes)
Event: 64.991 Thread 0x000001df52a1e790 nmethod 15069 0x000001df1ead6a90 code [0x000001df1ead6c20, 0x000001df1ead6d68]
Event: 64.991 Thread 0x000001df52a1e790 15070       2       org.gradle.api.internal.artifacts.configurations.DefaultVariant::getAttributes (5 bytes)
Event: 64.991 Thread 0x000001df52a1e790 nmethod 15070 0x000001df1ead6e10 code [0x000001df1ead6fa0, 0x000001df1ead70c8]
Event: 65.017 Thread 0x000001df52a1e790 15071       3       org.gradle.internal.instantiation.generator.AsmBackedClassGenerator::getFactoryForNext (24 bytes)
Event: 65.017 Thread 0x000001df52a1e790 nmethod 15071 0x000001df1ead7190 code [0x000001df1ead7340, 0x000001df1ead76c8]
Event: 65.018 Thread 0x000001df529cd670 nmethod 14954% 0x000001df2dd1b090 code [0x000001df2dd1b420, 0x000001df2dd20bc8]
Event: 65.019 Thread 0x000001df529cd670 14998       4       org.gradle.internal.instantiation.generator.ParamsMatchingConstructorSelector::forParams (481 bytes)

GC Heap History (20 events):
Event: 47.717 GC heap before
{Heap before GC invocations=51 (full 0):
 garbage-first heap   total 200704K, used 157924K [0x0000000600000000, 0x0000000800000000)
  region size 4096K, 16 young (65536K), 3 survivors (12288K)
 Metaspace       used 96254K, committed 97152K, reserved 1179648K
  class space    used 13594K, committed 14016K, reserved 1048576K
}
Event: 47.733 GC heap after
{Heap after GC invocations=52 (full 0):
 garbage-first heap   total 241664K, used 111191K [0x0000000600000000, 0x0000000800000000)
  region size 4096K, 2 young (8192K), 2 survivors (8192K)
 Metaspace       used 96254K, committed 97152K, reserved 1179648K
  class space    used 13594K, committed 14016K, reserved 1048576K
}
Event: 49.145 GC heap before
{Heap before GC invocations=53 (full 0):
 garbage-first heap   total 241664K, used 143959K [0x0000000600000000, 0x0000000800000000)
  region size 4096K, 12 young (49152K), 2 survivors (8192K)
 Metaspace       used 96282K, committed 97152K, reserved 1179648K
  class space    used 13597K, committed 14016K, reserved 1048576K
}
Event: 49.156 GC heap after
{Heap after GC invocations=54 (full 0):
 garbage-first heap   total 241664K, used 119203K [0x0000000600000000, 0x0000000800000000)
  region size 4096K, 3 young (12288K), 3 survivors (12288K)
 Metaspace       used 96282K, committed 97152K, reserved 1179648K
  class space    used 13597K, committed 14016K, reserved 1048576K
}
Event: 51.025 GC heap before
{Heap before GC invocations=55 (full 0):
 garbage-first heap   total 241664K, used 197027K [0x0000000600000000, 0x0000000800000000)
  region size 4096K, 21 young (86016K), 3 survivors (12288K)
 Metaspace       used 97968K, committed 98880K, reserved 1179648K
  class space    used 13848K, committed 14272K, reserved 1048576K
}
Event: 51.048 GC heap after
{Heap after GC invocations=56 (full 0):
 garbage-first heap   total 241664K, used 132958K [0x0000000600000000, 0x0000000800000000)
  region size 4096K, 3 young (12288K), 3 survivors (12288K)
 Metaspace       used 97968K, committed 98880K, reserved 1179648K
  class space    used 13848K, committed 14272K, reserved 1048576K
}
Event: 52.387 GC heap before
{Heap before GC invocations=56 (full 0):
 garbage-first heap   total 241664K, used 186206K [0x0000000600000000, 0x0000000800000000)
  region size 4096K, 17 young (69632K), 3 survivors (12288K)
 Metaspace       used 97969K, committed 98880K, reserved 1179648K
  class space    used 13849K, committed 14272K, reserved 1048576K
}
Event: 52.412 GC heap after
{Heap after GC invocations=57 (full 0):
 garbage-first heap   total 241664K, used 135980K [0x0000000600000000, 0x0000000800000000)
  region size 4096K, 1 young (4096K), 1 survivors (4096K)
 Metaspace       used 97969K, committed 98880K, reserved 1179648K
  class space    used 13849K, committed 14272K, reserved 1048576K
}
Event: 54.123 GC heap before
{Heap before GC invocations=58 (full 0):
 garbage-first heap   total 245760K, used 193324K [0x0000000600000000, 0x0000000800000000)
  region size 4096K, 16 young (65536K), 1 survivors (4096K)
 Metaspace       used 98824K, committed 99840K, reserved 1179648K
  class space    used 13979K, committed 14464K, reserved 1048576K
}
Event: 54.137 GC heap after
{Heap after GC invocations=59 (full 0):
 garbage-first heap   total 245760K, used 148113K [0x0000000600000000, 0x0000000800000000)
  region size 4096K, 2 young (8192K), 2 survivors (8192K)
 Metaspace       used 98824K, committed 99840K, reserved 1179648K
  class space    used 13979K, committed 14464K, reserved 1048576K
}
Event: 55.391 GC heap before
{Heap before GC invocations=59 (full 0):
 garbage-first heap   total 245760K, used 193169K [0x0000000600000000, 0x0000000800000000)
  region size 4096K, 14 young (57344K), 2 survivors (8192K)
 Metaspace       used 98824K, committed 99840K, reserved 1179648K
  class space    used 13979K, committed 14464K, reserved 1048576K
}
Event: 55.406 GC heap after
{Heap after GC invocations=60 (full 0):
 garbage-first heap   total 245760K, used 149437K [0x0000000600000000, 0x0000000800000000)
  region size 4096K, 1 young (4096K), 1 survivors (4096K)
 Metaspace       used 98824K, committed 99840K, reserved 1179648K
  class space    used 13979K, committed 14464K, reserved 1048576K
}
Event: 57.465 GC heap before
{Heap before GC invocations=61 (full 0):
 garbage-first heap   total 266240K, used 198589K [0x0000000600000000, 0x0000000800000000)
  region size 4096K, 13 young (53248K), 1 survivors (4096K)
 Metaspace       used 99730K, committed 100800K, reserved 1179648K
  class space    used 14103K, committed 14592K, reserved 1048576K
}
Event: 57.480 GC heap after
{Heap after GC invocations=62 (full 0):
 garbage-first heap   total 266240K, used 155829K [0x0000000600000000, 0x0000000800000000)
  region size 4096K, 2 young (8192K), 2 survivors (8192K)
 Metaspace       used 99730K, committed 100800K, reserved 1179648K
  class space    used 14103K, committed 14592K, reserved 1048576K
}
Event: 58.617 GC heap before
{Heap before GC invocations=62 (full 0):
 garbage-first heap   total 266240K, used 209077K [0x0000000600000000, 0x0000000800000000)
  region size 4096K, 16 young (65536K), 2 survivors (8192K)
 Metaspace       used 100162K, committed 101312K, reserved 1179648K
  class space    used 14130K, committed 14656K, reserved 1048576K
}
Event: 58.646 GC heap after
{Heap after GC invocations=63 (full 0):
 garbage-first heap   total 266240K, used 163777K [0x0000000600000000, 0x0000000800000000)
  region size 4096K, 2 young (8192K), 2 survivors (8192K)
 Metaspace       used 100162K, committed 101312K, reserved 1179648K
  class space    used 14130K, committed 14656K, reserved 1048576K
}
Event: 60.234 GC heap before
{Heap before GC invocations=64 (full 0):
 garbage-first heap   total 307200K, used 212929K [0x0000000600000000, 0x0000000800000000)
  region size 4096K, 14 young (57344K), 2 survivors (8192K)
 Metaspace       used 100170K, committed 101312K, reserved 1179648K
  class space    used 14131K, committed 14656K, reserved 1048576K
}
Event: 60.254 GC heap after
{Heap after GC invocations=65 (full 0):
 garbage-first heap   total 307200K, used 166379K [0x0000000600000000, 0x0000000800000000)
  region size 4096K, 1 young (4096K), 1 survivors (4096K)
 Metaspace       used 100170K, committed 101312K, reserved 1179648K
  class space    used 14131K, committed 14656K, reserved 1048576K
}
Event: 62.082 GC heap before
{Heap before GC invocations=65 (full 0):
 garbage-first heap   total 307200K, used 240107K [0x0000000600000000, 0x0000000800000000)
  region size 4096K, 20 young (81920K), 1 survivors (4096K)
 Metaspace       used 100176K, committed 101312K, reserved 1179648K
  class space    used 14133K, committed 14656K, reserved 1048576K
}
Event: 62.737 GC heap after
{Heap after GC invocations=66 (full 0):
 garbage-first heap   total 307200K, used 169621K [0x0000000600000000, 0x0000000800000000)
  region size 4096K, 2 young (8192K), 2 survivors (8192K)
 Metaspace       used 100176K, committed 101312K, reserved 1179648K
  class space    used 14133K, committed 14656K, reserved 1048576K
}

Deoptimization events (20 events):
Event: 60.173 Thread 0x000001df99466b90 Uncommon trap: trap_request=0xffffff45 fr.pc=0x000001df2dbaaafc relative=0x000000000000017c
Event: 60.173 Thread 0x000001df99466b90 Uncommon trap: reason=unstable_if action=reinterpret pc=0x000001df2dbaaafc method=java.util.concurrent.ConcurrentHashMap.get(Ljava/lang/Object;)Ljava/lang/Object; @ 152 c2
Event: 60.173 Thread 0x000001df99466b90 DEOPT PACKING pc=0x000001df2dbaaafc sp=0x00000042a54fd1e0
Event: 60.173 Thread 0x000001df99466b90 DEOPT UNPACKING pc=0x000001df2d0423a3 sp=0x00000042a54fd100 mode 2
Event: 60.173 Thread 0x000001df99466b90 Uncommon trap: trap_request=0xffffff45 fr.pc=0x000001df2da141d8 relative=0x0000000000000198
Event: 60.173 Thread 0x000001df99466b90 Uncommon trap: reason=unstable_if action=reinterpret pc=0x000001df2da141d8 method=java.util.concurrent.ConcurrentHashMap.get(Ljava/lang/Object;)Ljava/lang/Object; @ 152 c2
Event: 60.173 Thread 0x000001df99466b90 DEOPT PACKING pc=0x000001df2da141d8 sp=0x00000042a54fd180
Event: 60.173 Thread 0x000001df99466b90 DEOPT UNPACKING pc=0x000001df2d0423a3 sp=0x00000042a54fd0f8 mode 2
Event: 60.177 Thread 0x000001df99466b90 Uncommon trap: trap_request=0xffffff45 fr.pc=0x000001df2da25d50 relative=0x0000000000008350
Event: 60.177 Thread 0x000001df99466b90 Uncommon trap: reason=unstable_if action=reinterpret pc=0x000001df2da25d50 method=java.util.concurrent.ConcurrentHashMap.get(Ljava/lang/Object;)Ljava/lang/Object; @ 152 c2
Event: 60.177 Thread 0x000001df99466b90 DEOPT PACKING pc=0x000001df2da25d50 sp=0x00000042a54fd4d0
Event: 60.177 Thread 0x000001df99466b90 DEOPT UNPACKING pc=0x000001df2d0423a3 sp=0x00000042a54fcef8 mode 2
Event: 60.385 Thread 0x000001df99492f40 Uncommon trap: trap_request=0xffffffde fr.pc=0x000001df2dbbff30 relative=0x0000000000000a70
Event: 60.385 Thread 0x000001df99492f40 Uncommon trap: reason=class_check action=maybe_recompile pc=0x000001df2dbbff30 method=java.util.HashMap.removeNode(ILjava/lang/Object;Ljava/lang/Object;ZZ)Ljava/util/HashMap$Node; @ 68 c2
Event: 60.385 Thread 0x000001df99492f40 DEOPT PACKING pc=0x000001df2dbbff30 sp=0x00000042a05feda0
Event: 60.385 Thread 0x000001df99492f40 DEOPT UNPACKING pc=0x000001df2d0423a3 sp=0x00000042a05fed28 mode 2
Event: 63.382 Thread 0x000001df99ba66c0 DEOPT PACKING pc=0x000001df1d9ffce6 sp=0x00000042a24f7870
Event: 63.382 Thread 0x000001df99ba66c0 DEOPT UNPACKING pc=0x000001df2d042b43 sp=0x00000042a24f6d38 mode 0
Event: 63.384 Thread 0x000001df99ba66c0 DEOPT PACKING pc=0x000001df1d9fd9e5 sp=0x00000042a24f7840
Event: 63.384 Thread 0x000001df99ba66c0 DEOPT UNPACKING pc=0x000001df2d042b43 sp=0x00000042a24f6d30 mode 0

Classes unloaded (0 events):
No events

Classes redefined (0 events):
No events

Internal exceptions (20 events):
Event: 57.535 Thread 0x000001df99ba66c0 Exception <a 'java/lang/ClassNotFoundException'{0x000000060fcfa3a0}: com/android/build/gradle/internal/api/DefaultAndroidSourceSetCustomizer> (0x000000060fcfa3a0) 
thrown [s\open\src\hotspot\share\classfile\systemDictionary.cpp, line 256]
Event: 57.539 Thread 0x000001df99ba66c0 Exception <a 'java/lang/ClassNotFoundException'{0x000000060fd60678}: com/android/build/gradle/internal/api/DefaultAndroidSourceSet_DecoratedCustomizer> (0x000000060fd60678) 
thrown [s\open\src\hotspot\share\classfile\systemDictionary.cpp, line 256]
Event: 57.546 Thread 0x000001df99ba66c0 Exception <a 'java/lang/ClassNotFoundException'{0x000000060fdd6c68}: com/android/build/gradle/internal/api/DefaultAndroidSourceDirectorySetBeanInfo> (0x000000060fdd6c68) 
thrown [s\open\src\hotspot\share\classfile\systemDictionary.cpp, line 256]
Event: 57.546 Thread 0x000001df99ba66c0 Exception <a 'java/lang/ClassNotFoundException'{0x000000060fde5ad0}: com/android/build/gradle/internal/api/DefaultAndroidSourceDirectorySetCustomizer> (0x000000060fde5ad0) 
thrown [s\open\src\hotspot\share\classfile\systemDictionary.cpp, line 256]
Event: 57.564 Thread 0x000001df99ba66c0 Exception <a 'java/lang/ClassNotFoundException'{0x000000060fe721a0}: com/android/build/gradle/internal/dsl/ExternalNativeBuild$AgpDecorated_DecoratedBeanInfo> (0x000000060fe721a0) 
thrown [s\open\src\hotspot\share\classfile\systemDictionary.cpp, line 256]
Event: 57.565 Thread 0x000001df99ba66c0 Exception <a 'java/lang/ClassNotFoundException'{0x000000060fe7e9f0}: com/android/build/gradle/internal/dsl/ExternalNativeBuild$AgpDecoratedBeanInfo> (0x000000060fe7e9f0) 
thrown [s\open\src\hotspot\share\classfile\systemDictionary.cpp, line 256]
Event: 57.565 Thread 0x000001df99ba66c0 Exception <a 'java/lang/ClassNotFoundException'{0x000000060fe8b038}: com/android/build/gradle/internal/dsl/ExternalNativeBuildBeanInfo> (0x000000060fe8b038) 
thrown [s\open\src\hotspot\share\classfile\systemDictionary.cpp, line 256]
Event: 57.566 Thread 0x000001df99ba66c0 Exception <a 'java/lang/ClassNotFoundException'{0x000000060fe97658}: com/android/build/gradle/internal/dsl/ExternalNativeBuildCustomizer> (0x000000060fe97658) 
thrown [s\open\src\hotspot\share\classfile\systemDictionary.cpp, line 256]
Event: 57.566 Thread 0x000001df99ba66c0 Exception <a 'java/lang/ClassNotFoundException'{0x000000060fea9f98}: com/android/build/gradle/internal/dsl/ExternalNativeBuild$AgpDecoratedCustomizer> (0x000000060fea9f98) 
thrown [s\open\src\hotspot\share\classfile\systemDictionary.cpp, line 256]
Event: 57.567 Thread 0x000001df99ba66c0 Exception <a 'java/lang/ClassNotFoundException'{0x000000060fec2b90}: com/android/build/gradle/internal/dsl/ExternalNativeBuild$AgpDecorated_DecoratedCustomizer> (0x000000060fec2b90) 
thrown [s\open\src\hotspot\share\classfile\systemDictionary.cpp, line 256]
Event: 57.574 Thread 0x000001df99ba66c0 Exception <a 'java/lang/ClassNotFoundException'{0x000000060ff29260}: com/android/build/gradle/internal/dsl/CmakeOptions$AgpDecorated_DecoratedBeanInfo> (0x000000060ff29260) 
thrown [s\open\src\hotspot\share\classfile\systemDictionary.cpp, line 256]
Event: 57.575 Thread 0x000001df99ba66c0 Exception <a 'java/lang/ClassNotFoundException'{0x000000060ff36cb0}: com/android/build/gradle/internal/dsl/CmakeOptions$AgpDecoratedBeanInfo> (0x000000060ff36cb0) 
thrown [s\open\src\hotspot\share\classfile\systemDictionary.cpp, line 256]
Event: 57.576 Thread 0x000001df99ba66c0 Exception <a 'java/lang/ClassNotFoundException'{0x000000060ff443e0}: com/android/build/gradle/internal/dsl/CmakeOptionsBeanInfo> (0x000000060ff443e0) 
thrown [s\open\src\hotspot\share\classfile\systemDictionary.cpp, line 256]
Event: 57.577 Thread 0x000001df99ba66c0 Exception <a 'java/lang/ClassNotFoundException'{0x000000060ff51af0}: com/android/build/gradle/internal/dsl/CmakeOptionsCustomizer> (0x000000060ff51af0) 
thrown [s\open\src\hotspot\share\classfile\systemDictionary.cpp, line 256]
Event: 57.579 Thread 0x000001df99ba66c0 Exception <a 'java/lang/ClassNotFoundException'{0x000000060ff63cc8}: com/android/build/gradle/internal/dsl/CmakeOptions$AgpDecoratedCustomizer> (0x000000060ff63cc8) 
thrown [s\open\src\hotspot\share\classfile\systemDictionary.cpp, line 256]
Event: 57.581 Thread 0x000001df99ba66c0 Exception <a 'java/lang/ClassNotFoundException'{0x000000060ff78518}: com/android/build/gradle/internal/dsl/CmakeOptions$AgpDecorated_DecoratedCustomizer> (0x000000060ff78518) 
thrown [s\open\src\hotspot\share\classfile\systemDictionary.cpp, line 256]
Event: 57.931 Thread 0x000001df99ba66c0 Exception <a 'java/lang/ClassNotFoundException'{0x000000060e90eb30}: build_bdf190pfuqinp2dzj2q5tx9a9BeanInfo> (0x000000060e90eb30) 
thrown [s\open\src\hotspot\share\classfile\systemDictionary.cpp, line 256]
Event: 57.931 Thread 0x000001df99ba66c0 Exception <a 'java/lang/ClassNotFoundException'{0x000000060e916278}: build_bdf190pfuqinp2dzj2q5tx9a9Customizer> (0x000000060e916278) 
thrown [s\open\src\hotspot\share\classfile\systemDictionary.cpp, line 256]
Event: 57.961 Thread 0x000001df99ba66c0 Exception <a 'java/lang/ClassNotFoundException'{0x000000060ea0e460}: build_bdf190pfuqinp2dzj2q5tx9a9BeanInfo> (0x000000060ea0e460) 
thrown [s\open\src\hotspot\share\classfile\systemDictionary.cpp, line 256]
Event: 57.962 Thread 0x000001df99ba66c0 Exception <a 'java/lang/ClassNotFoundException'{0x000000060ea15b38}: build_bdf190pfuqinp2dzj2q5tx9a9Customizer> (0x000000060ea15b38) 
thrown [s\open\src\hotspot\share\classfile\systemDictionary.cpp, line 256]

VM Operations (20 events):
Event: 58.646 Executing VM operation: G1CollectForAllocation done
Event: 59.141 Executing VM operation: G1Concurrent
Event: 59.150 Executing VM operation: G1Concurrent done
Event: 59.306 Executing VM operation: G1Concurrent
Event: 59.306 Executing VM operation: G1Concurrent done
Event: 60.148 Executing VM operation: HandshakeAllThreads
Event: 60.148 Executing VM operation: HandshakeAllThreads done
Event: 60.234 Executing VM operation: G1CollectForAllocation
Event: 60.254 Executing VM operation: G1CollectForAllocation done
Event: 60.362 Executing VM operation: HandshakeAllThreads
Event: 60.363 Executing VM operation: HandshakeAllThreads done
Event: 61.370 Executing VM operation: Cleanup
Event: 61.371 Executing VM operation: Cleanup done
Event: 62.066 Executing VM operation: G1CollectForAllocation
Event: 62.739 Executing VM operation: G1CollectForAllocation done
Event: 63.743 Executing VM operation: Cleanup
Event: 63.743 Executing VM operation: Cleanup done
Event: 64.750 Executing VM operation: Cleanup
Event: 64.766 Executing VM operation: Cleanup done
Event: 65.048 Executing VM operation: G1Concurrent

Events (20 events):
Event: 56.044 loading class java/lang/BooleanBeanInfo done
Event: 56.044 loading class java/lang/BooleanCustomizer
Event: 56.044 loading class java/lang/BooleanCustomizer done
Event: 56.045 loading class java/lang/BooleanCustomizer
Event: 56.045 loading class java/lang/BooleanCustomizer done
Event: 56.045 loading class jdk/internal/ValueBased
Event: 56.046 loading class jdk/internal/ValueBased done
Event: 56.481 loading class java/beans/IntrospectionException
Event: 56.482 loading class java/beans/IntrospectionException done
Event: 56.619 loading class java/lang/EnumBeanInfo
Event: 56.619 loading class java/lang/EnumBeanInfo done
Event: 56.620 loading class java/lang/EnumBeanInfo
Event: 56.620 loading class java/lang/EnumBeanInfo done
Event: 56.620 loading class java/lang/EnumCustomizer
Event: 56.620 loading class java/lang/EnumCustomizer done
Event: 56.621 loading class java/lang/EnumCustomizer
Event: 56.621 loading class java/lang/EnumCustomizer done
Event: 57.096 Thread 0x000001df9948fca0 Thread added: 0x000001df9948fca0
Event: 57.178 Thread 0x000001df99492a30 Thread added: 0x000001df99492a30
Event: 60.298 Thread 0x000001df99492f40 Thread added: 0x000001df99492f40


Dynamic libraries:
0x00007ff76dfa0000 - 0x00007ff76dfb0000 	C:\Program Files\Java\jdk-17\bin\java.exe
0x00007ffdbed30000 - 0x00007ffdbef28000 	C:\WINDOWS\SYSTEM32\ntdll.dll
0x00007ffdbdc50000 - 0x00007ffdbdd12000 	C:\WINDOWS\System32\KERNEL32.DLL
0x00007ffdbc6d0000 - 0x00007ffdbc9c6000 	C:\WINDOWS\System32\KERNELBASE.dll
0x00007ffdbcb20000 - 0x00007ffdbcc20000 	C:\WINDOWS\System32\ucrtbase.dll
0x00007ffd91c60000 - 0x00007ffd91c7b000 	C:\Program Files\Java\jdk-17\bin\VCRUNTIME140.dll
0x00007ffd98450000 - 0x00007ffd98469000 	C:\Program Files\Java\jdk-17\bin\jli.dll
0x00007ffdbdb90000 - 0x00007ffdbdc41000 	C:\WINDOWS\System32\ADVAPI32.dll
0x00007ffdbeab0000 - 0x00007ffdbeb4e000 	C:\WINDOWS\System32\msvcrt.dll
0x00007ffdbd390000 - 0x00007ffdbd42f000 	C:\WINDOWS\System32\sechost.dll
0x00007ffdbd510000 - 0x00007ffdbd630000 	C:\WINDOWS\System32\RPCRT4.dll
0x00007ffdbcaf0000 - 0x00007ffdbcb17000 	C:\WINDOWS\System32\bcrypt.dll
0x00007ffdbcde0000 - 0x00007ffdbcf81000 	C:\WINDOWS\System32\USER32.dll
0x00007ffda0db0000 - 0x00007ffda104b000 	C:\WINDOWS\WinSxS\amd64_microsoft.windows.common-controls_6595b64144ccf1df_6.0.19041.6456_none_60b8a6cb71f64256\COMCTL32.dll
0x00007ffdbc5b0000 - 0x00007ffdbc5d2000 	C:\WINDOWS\System32\win32u.dll
0x00007ffdbcf90000 - 0x00007ffdbcfbb000 	C:\WINDOWS\System32\GDI32.dll
0x00007ffdbc9d0000 - 0x00007ffdbcae9000 	C:\WINDOWS\System32\gdi32full.dll
0x00007ffdbc630000 - 0x00007ffdbc6cd000 	C:\WINDOWS\System32\msvcp_win.dll
0x00007ffdaf130000 - 0x00007ffdaf13a000 	C:\WINDOWS\SYSTEM32\VERSION.dll
0x00007ffdbdb60000 - 0x00007ffdbdb8f000 	C:\WINDOWS\System32\IMM32.DLL
0x00007ffdb3fc0000 - 0x00007ffdb3fcc000 	C:\Program Files\Java\jdk-17\bin\vcruntime140_1.dll
0x00007ffd870d0000 - 0x00007ffd8715e000 	C:\Program Files\Java\jdk-17\bin\msvcp140.dll
0x00007ffd56d20000 - 0x00007ffd57900000 	C:\Program Files\Java\jdk-17\bin\server\jvm.dll
0x00007ffdbeaa0000 - 0x00007ffdbeaa8000 	C:\WINDOWS\System32\PSAPI.DLL
0x00007ffda0c60000 - 0x00007ffda0c87000 	C:\WINDOWS\SYSTEM32\WINMM.dll
0x00007ffdb50c0000 - 0x00007ffdb50c9000 	C:\WINDOWS\SYSTEM32\WSOCK32.dll
0x00007ffdbec80000 - 0x00007ffdbeceb000 	C:\WINDOWS\System32\WS2_32.dll
0x00007ffdbabd0000 - 0x00007ffdbabe2000 	C:\WINDOWS\SYSTEM32\kernel.appcore.dll
0x00007ffdb2a20000 - 0x00007ffdb2a2a000 	C:\Program Files\Java\jdk-17\bin\jimage.dll
0x00007ffdb9200000 - 0x00007ffdb9401000 	C:\WINDOWS\SYSTEM32\DBGHELP.DLL
0x00007ffd9af30000 - 0x00007ffd9af64000 	C:\WINDOWS\SYSTEM32\dbgcore.DLL
0x00007ffdbc3c0000 - 0x00007ffdbc442000 	C:\WINDOWS\System32\bcryptPrimitives.dll
0x00007ffdb25d0000 - 0x00007ffdb25de000 	C:\Program Files\Java\jdk-17\bin\instrument.dll
0x00007ffd8b270000 - 0x00007ffd8b295000 	C:\Program Files\Java\jdk-17\bin\java.dll
0x00007ffd84610000 - 0x00007ffd846e7000 	C:\Program Files\Java\jdk-17\bin\jsvml.dll
0x00007ffdbe210000 - 0x00007ffdbe980000 	C:\WINDOWS\System32\SHELL32.dll
0x00007ffdba410000 - 0x00007ffdbabb5000 	C:\WINDOWS\SYSTEM32\windows.storage.dll
0x00007ffdbde50000 - 0x00007ffdbe1a4000 	C:\WINDOWS\System32\combase.dll
0x00007ffdbbd10000 - 0x00007ffdbbd3b000 	C:\WINDOWS\SYSTEM32\Wldp.dll
0x00007ffdbebb0000 - 0x00007ffdbec7d000 	C:\WINDOWS\System32\OLEAUT32.dll
0x00007ffdbcfc0000 - 0x00007ffdbd06d000 	C:\WINDOWS\System32\SHCORE.dll
0x00007ffdbd110000 - 0x00007ffdbd16b000 	C:\WINDOWS\System32\shlwapi.dll
0x00007ffdbc2f0000 - 0x00007ffdbc314000 	C:\WINDOWS\SYSTEM32\profapi.dll
0x00007ffd8c160000 - 0x00007ffd8c178000 	C:\Program Files\Java\jdk-17\bin\zip.dll
0x00007ffd91b60000 - 0x00007ffd91b79000 	C:\Program Files\Java\jdk-17\bin\net.dll
0x00007ffdafc40000 - 0x00007ffdafd4a000 	C:\WINDOWS\SYSTEM32\WINHTTP.dll
0x00007ffdbba70000 - 0x00007ffdbbada000 	C:\WINDOWS\system32\mswsock.dll
0x00007ffd8d120000 - 0x00007ffd8d136000 	C:\Program Files\Java\jdk-17\bin\nio.dll
0x00007ffdb2950000 - 0x00007ffdb2960000 	C:\Program Files\Java\jdk-17\bin\verify.dll
0x00007ffd8acb0000 - 0x00007ffd8acd7000 	C:\Users\Go Logistic\.gradle\native\1def1411415f61bf3af743bc5b6707747c0891f09f0c88961ee8f79bc544acac\windows-amd64\native-platform.dll
0x00007ffd815a0000 - 0x00007ffd81617000 	C:\Users\Go Logistic\.gradle\native\0.2.8\x86_64-windows-gnu\gradle-fileevents.dll
0x00007ffdb9e10000 - 0x00007ffdb9e1a000 	C:\Program Files\Java\jdk-17\bin\management.dll
0x00007ffdb2ee0000 - 0x00007ffdb2eeb000 	C:\Program Files\Java\jdk-17\bin\management_ext.dll
0x00007ffdbb750000 - 0x00007ffdbb78b000 	C:\WINDOWS\SYSTEM32\IPHLPAPI.DLL
0x00007ffdbd380000 - 0x00007ffdbd388000 	C:\WINDOWS\System32\NSI.dll
0x00007ffdb03e0000 - 0x00007ffdb03f7000 	C:\WINDOWS\SYSTEM32\dhcpcsvc6.DLL
0x00007ffdb1330000 - 0x00007ffdb134d000 	C:\WINDOWS\SYSTEM32\dhcpcsvc.DLL
0x00007ffdbb790000 - 0x00007ffdbb85a000 	C:\WINDOWS\SYSTEM32\DNSAPI.dll
0x00007ffdbbc60000 - 0x00007ffdbbc78000 	C:\WINDOWS\SYSTEM32\CRYPTSP.dll
0x00007ffdbb390000 - 0x00007ffdbb3c8000 	C:\WINDOWS\system32\rsaenh.dll
0x00007ffdbc220000 - 0x00007ffdbc24e000 	C:\WINDOWS\SYSTEM32\USERENV.dll
0x00007ffdbbc80000 - 0x00007ffdbbc8c000 	C:\WINDOWS\SYSTEM32\CRYPTBASE.dll
0x00007ffdb25c0000 - 0x00007ffdb25ce000 	C:\Program Files\Java\jdk-17\bin\sunmscapi.dll
0x00007ffdbc450000 - 0x00007ffdbc5ad000 	C:\WINDOWS\System32\CRYPT32.dll
0x00007ffdbbd80000 - 0x00007ffdbbda7000 	C:\WINDOWS\SYSTEM32\ncrypt.dll
0x00007ffdbbd40000 - 0x00007ffdbbd7b000 	C:\WINDOWS\SYSTEM32\NTASN1.dll
0x00007ffdb9e30000 - 0x00007ffdb9e37000 	C:\WINDOWS\system32\wshunix.dll

dbghelp: loaded successfully - version: 4.0.5 - missing functions: none
symbol engine: initialized successfully - sym options: 0x614 - pdb path: .;C:\Program Files\Java\jdk-17\bin;C:\WINDOWS\SYSTEM32;C:\WINDOWS\WinSxS\amd64_microsoft.windows.common-controls_6595b64144ccf1df_6.0.19041.6456_none_60b8a6cb71f64256;C:\Program Files\Java\jdk-17\bin\server;C:\Users\Go Logistic\.gradle\native\1def1411415f61bf3af743bc5b6707747c0891f09f0c88961ee8f79bc544acac\windows-amd64;C:\Users\Go Logistic\.gradle\native\0.2.8\x86_64-windows-gnu

VM Arguments:
jvm_args: --add-opens=java.base/java.lang=ALL-UNNAMED --add-opens=java.base/java.lang.invoke=ALL-UNNAMED --add-opens=java.base/java.util=ALL-UNNAMED --add-opens=java.prefs/java.util.prefs=ALL-UNNAMED --add-exports=jdk.compiler/com.sun.tools.javac.api=ALL-UNNAMED --add-exports=jdk.compiler/com.sun.tools.javac.util=ALL-UNNAMED --add-opens=java.base/java.util=ALL-UNNAMED --add-opens=java.prefs/java.util.prefs=ALL-UNNAMED --add-opens=java.base/java.nio.charset=ALL-UNNAMED --add-opens=java.base/java.net=ALL-UNNAMED --add-opens=java.base/java.util.concurrent=ALL-UNNAMED --add-opens=java.base/java.util.concurrent.atomic=ALL-UNNAMED --add-opens=java.xml/javax.xml.namespace=ALL-UNNAMED --add-opens=java.base/java.time=ALL-UNNAMED -XX:MaxMetaspaceSize=4G -XX:ReservedCodeCacheSize=512m -XX:+HeapDumpOnOutOfMemoryError -Xmx8G -Dfile.encoding=windows-1252 -Duser.country=US -Duser.language=en -Duser.variant -javaagent:C:\Users\Go Logistic\.gradle\wrapper\dists\gradle-9.1.0-all\7wzd0jkjit61aq2p43wpjgij9\gradle-9.1.0\lib\agents\gradle-instrumentation-agent-9.1.0.jar 
java_command: org.gradle.launcher.daemon.bootstrap.GradleDaemon 9.1.0
java_class_path (initial): C:\Users\Go Logistic\.gradle\wrapper\dists\gradle-9.1.0-all\7wzd0jkjit61aq2p43wpjgij9\gradle-9.1.0\lib\gradle-daemon-main-9.1.0.jar
Launcher Type: SUN_STANDARD

[Global flags]
     intx CICompilerCount                          = 3                                         {product} {ergonomic}
     uint ConcGCThreads                            = 1                                         {product} {ergonomic}
     uint G1ConcRefinementThreads                  = 4                                         {product} {ergonomic}
   size_t G1HeapRegionSize                         = 4194304                                   {product} {ergonomic}
    uintx GCDrainStackTargetSize                   = 64                                        {product} {ergonomic}
     bool HeapDumpOnOutOfMemoryError               = true                                   {manageable} {command line}
   size_t InitialHeapSize                          = 125829120                                 {product} {ergonomic}
   size_t MarkStackSize                            = 4194304                                   {product} {ergonomic}
   size_t MaxHeapSize                              = 8589934592                                {product} {command line}
   size_t MaxMetaspaceSize                         = 4294967296                                {product} {command line}
   size_t MaxNewSize                               = 5150605312                                {product} {ergonomic}
   size_t MinHeapDeltaBytes                        = 4194304                                   {product} {ergonomic}
   size_t MinHeapSize                              = 8388608                                   {product} {ergonomic}
    uintx NonNMethodCodeHeapSize                   = 5832780                                {pd product} {ergonomic}
    uintx NonProfiledCodeHeapSize                  = 265519066                              {pd product} {ergonomic}
    uintx ProfiledCodeHeapSize                     = 265519066                              {pd product} {ergonomic}
    uintx ReservedCodeCacheSize                    = 536870912                              {pd product} {command line}
     bool SegmentedCodeCache                       = true                                      {product} {ergonomic}
   size_t SoftMaxHeapSize                          = 8589934592                             {manageable} {ergonomic}
   double SweeperThreshold                         = 0.234375                                  {product} {ergonomic}
     bool UseCompressedClassPointers               = true                           {product lp64_product} {ergonomic}
     bool UseCompressedOops                        = true                           {product lp64_product} {ergonomic}
     bool UseG1GC                                  = true                                      {product} {ergonomic}
     bool UseLargePagesIndividualAllocation        = false                                  {pd product} {ergonomic}

Logging:
Log output configuration:
 #0: stdout all=warning uptime,level,tags
 #1: stderr all=off uptime,level,tags

Environment Variables:
JAVA_HOME=C:\Program Files\Java\jdk-17
CLASSPATH=C:\Users\Go Logistic\Desktop\gigzrun\android\\gradle\wrapper\gradle-wrapper.jar
PATH=C:\Program Files\Java\jdk-17\bin;C:\Program Files\Common Files\Oracle\Java\javapath;C:\WINDOWS\system32;C:\WINDOWS;C:\WINDOWS\System32\Wbem;C:\WINDOWS\System32\WindowsPowerShell\v1.0\;C:\WINDOWS\System32\OpenSSH\;C:\Program Files (x86)\Intel\Intel(R) Management Engine Components\DAL;C:\Program Files\Intel\Intel(R) Management Engine Components\DAL;C:\Program Files\nodejs\;C:\Program Files\Git\cmd;C:\flutter\bin;C:\Program Files\Java\jdk-17\bin;C:\Android\cmdline-tools\latest\bin;C:\Android\platform-tools;C:\Users\Go Logistic\AppData\Local\Microsoft\WindowsApps;C:\Users\Go Logistic\AppData\Local\Programs\Antigravity IDE\bin;C:\Users\Go Logistic\AppData\Roaming\npm;C:\Users\Go Logistic\AppData\Local\Programs\Devin Next\bin;C:\Users\Go Logistic\AppData\Local\Programs\Kiro\bin;C:\flutter\bin\mingit\cmd;C:\flutter\bin\mingit\cmd
USERNAME=Go Logistic
OS=Windows_NT
PROCESSOR_IDENTIFIER=Intel64 Family 6 Model 78 Stepping 3, GenuineIntel



---------------  S Y S T E M  ---------------

OS:
 Windows 10 , 64 bit Build 19041 (10.0.19041.5915)
OS uptime: 13 days 2:20 hours

CPU: total 4 (initial active 4) (2 cores per cpu, 2 threads per core) family 6 model 78 stepping 3 microcode 0xf0, cx8, cmov, fxsr, ht, mmx, 3dnowpref, sse, sse2, sse3, ssse3, sse4.1, sse4.2, popcnt, lzcnt, tsc, tscinvbit, avx, avx2, aes, erms, clmul, bmi1, bmi2, rtm, adx, fma, vzeroupper, clflush, clflushopt

Memory: 4k page, system-wide physical 7590M (299M free)
TotalPageFile size 22841M (AvailPageFile size 14M)
current process WorkingSet (physical memory assigned to process): 434M, peak: 474M
current process commit charge ("private bytes"): 620M, peak: 668M

vm_info: Java HotSpot(TM) 64-Bit Server VM (17.0.12+8-LTS-286) for windows-amd64 JRE (17.0.12+8-LTS-286), built on Jun  5 2024 06:46:59 by "mach5one" with MS VC++ 17.6 (VS2022)

END.
